Archive member included to satisfy reference by file (symbol)

app/libapp.a(main.c.obj)      (--whole-archive)
zephyr/libzephyr.a(cbprintf_packaged.c.obj)
                              (--whole-archive)
zephyr/libzephyr.a(dec.c.obj)
                              (--whole-archive)
zephyr/libzephyr.a(hex.c.obj)
                              (--whole-archive)
zephyr/libzephyr.a(printk.c.obj)
                              (--whole-archive)
zephyr/libzephyr.a(rb.c.obj)  (--whole-archive)
zephyr/libzephyr.a(sem.c.obj)
                              (--whole-archive)
zephyr/libzephyr.a(thread_entry.c.obj)
                              (--whole-archive)
zephyr/libzephyr.a(timeutil.c.obj)
                              (--whole-archive)
zephyr/libzephyr.a(heap.c.obj)
                              (--whole-archive)
zephyr/libzephyr.a(heap-validate.c.obj)
                              (--whole-archive)
zephyr/libzephyr.a(bitarray.c.obj)
                              (--whole-archive)
zephyr/libzephyr.a(multi_heap.c.obj)
                              (--whole-archive)
zephyr/libzephyr.a(onoff.c.obj)
                              (--whole-archive)
zephyr/libzephyr.a(notify.c.obj)
                              (--whole-archive)
zephyr/libzephyr.a(cbprintf_complete.c.obj)
                              (--whole-archive)
zephyr/libzephyr.a(assert.c.obj)
                              (--whole-archive)
zephyr/libzephyr.a(mpsc_pbuf.c.obj)
                              (--whole-archive)
zephyr/libzephyr.a(reboot.c.obj)
                              (--whole-archive)
zephyr/libzephyr.a(configs.c.obj)
                              (--whole-archive)
zephyr/libzephyr.a(ipc_service.c.obj)
                              (--whole-archive)
zephyr/libzephyr.a(ipc_rpmsg_static_vrings.c.obj)
                              (--whole-archive)
zephyr/libzephyr.a(ipc_rpmsg.c.obj)
                              (--whole-archive)
zephyr/libzephyr.a(ipc_static_vrings.c.obj)
                              (--whole-archive)
zephyr/libzephyr.a(log_core.c.obj)
                              (--whole-archive)
zephyr/libzephyr.a(log_mgmt.c.obj)
                              (--whole-archive)
zephyr/libzephyr.a(log_cache.c.obj)
                              (--whole-archive)
zephyr/libzephyr.a(log_msg.c.obj)
                              (--whole-archive)
zephyr/libzephyr.a(log_output.c.obj)
                              (--whole-archive)
zephyr/libzephyr.a(log_backend_uart.c.obj)
                              (--whole-archive)
zephyr/libzephyr.a(mem_attr.c.obj)
                              (--whole-archive)
zephyr/libzephyr.a(tracing_none.c.obj)
                              (--whole-archive)
zephyr/libzephyr.a(addr_utils.c.obj)
                              (--whole-archive)
zephyr/libzephyr.a(flash_map_partition_manager.c.obj)
                              (--whole-archive)
zephyr/libzephyr.a(utils.c.obj)
                              (--whole-archive)
zephyr/libzephyr.a(aes_decrypt.c.obj)
                              (--whole-archive)
zephyr/libzephyr.a(aes_encrypt.c.obj)
                              (--whole-archive)
zephyr/libzephyr.a(sha256.c.obj)
                              (--whole-archive)
zephyr/libzephyr.a(hmac.c.obj)
                              (--whole-archive)
zephyr/libzephyr.a(hmac_prng.c.obj)
                              (--whole-archive)
zephyr/libzephyr.a(nrf_cc3xx_platform_abort_zephyr.c.obj)
                              (--whole-archive)
zephyr/libzephyr.a(nrf_cc3xx_platform_mutex_zephyr.c.obj)
                              (--whole-archive)
zephyr/arch/common/libarch__common.a(sw_isr_common.c.obj)
                              (--whole-archive)
zephyr/arch/arch/arm/core/libarch__arm__core.a(fatal.c.obj)
                              (--whole-archive)
zephyr/arch/arch/arm/core/libarch__arm__core.a(nmi.c.obj)
                              (--whole-archive)
zephyr/arch/arch/arm/core/libarch__arm__core.a(nmi_on_reset.S.obj)
                              (--whole-archive)
zephyr/arch/arch/arm/core/libarch__arm__core.a(tls.c.obj)
                              (--whole-archive)
zephyr/arch/arch/arm/core/cortex_m/libarch__arm__core__cortex_m.a(exc_exit.S.obj)
                              (--whole-archive)
zephyr/arch/arch/arm/core/cortex_m/libarch__arm__core__cortex_m.a(fault.c.obj)
                              (--whole-archive)
zephyr/arch/arch/arm/core/cortex_m/libarch__arm__core__cortex_m.a(fault_s.S.obj)
                              (--whole-archive)
zephyr/arch/arch/arm/core/cortex_m/libarch__arm__core__cortex_m.a(fpu.c.obj)
                              (--whole-archive)
zephyr/arch/arch/arm/core/cortex_m/libarch__arm__core__cortex_m.a(reset.S.obj)
                              (--whole-archive)
zephyr/arch/arch/arm/core/cortex_m/libarch__arm__core__cortex_m.a(scb.c.obj)
                              (--whole-archive)
zephyr/arch/arch/arm/core/cortex_m/libarch__arm__core__cortex_m.a(thread_abort.c.obj)
[...]
Memory Configuration

Name             Origin             Length             Attributes
FLASH            0x0000000000000000 0x0000000000100000 xr
RAM              0x0000000020000000 0x0000000000070000 xw
IDT_LIST         0x00000000ffff7fff 0x0000000000008000 xw
*default*        0x0000000000000000 0xffffffffffffffff

Linker script and memory map

                0x000000000000a61c                vfprintf = __l_vfprintf
                0x0000000000000000                vfscanf = __l_vfscanf
LOAD zephyr/CMakeFiles/zephyr_final.dir/misc/empty_file.c.obj
LOAD zephyr/CMakeFiles/zephyr_final.dir/isr_tables.c.obj
LOAD zephyr/CMakeFiles/offsets.dir/./arch/arm/core/offsets/offsets.c.obj
LOAD app/libapp.a
LOAD zephyr/libzephyr.a
LOAD zephyr/arch/common/libarch__common.a
LOAD zephyr/arch/arch/arm/core/libarch__arm__core.a
LOAD zephyr/arch/arch/arm/core/cortex_m/libarch__arm__core__cortex_m.a
LOAD zephyr/arch/arch/arm/core/cortex_m/cmse/libarch__arm__core__cortex_m__cmse.a
LOAD zephyr/arch/arch/arm/core/mpu/libarch__arm__core__mpu.a
LOAD zephyr/lib/libc/picolibc/liblib__libc__picolibc.a
LOAD zephyr/lib/libc/common/liblib__libc__common.a
LOAD zephyr/soc/soc/arm/nordic_nrf/libsoc__arm__nordic_nrf.a
LOAD zephyr/boards/boards/arm/nrf5340dk_nrf5340_cpuapp/libboards__arm__nrf5340dk_nrf5340.a
LOAD zephyr/subsys/bluetooth/common/libsubsys__bluetooth__common.a
LOAD zephyr/subsys/bluetooth/host/libsubsys__bluetooth__host.a
LOAD zephyr/subsys/net/libsubsys__net.a
LOAD zephyr/drivers/adc/libdrivers__adc.a
LOAD zephyr/drivers/bluetooth/libdrivers__bluetooth.a
LOAD zephyr/drivers/clock_control/libdrivers__clock_control.a
LOAD zephyr/drivers/console/libdrivers__console.a
LOAD zephyr/drivers/gpio/libdrivers__gpio.a
LOAD zephyr/drivers/mbox/libdrivers__mbox.a
LOAD zephyr/drivers/pinctrl/libdrivers__pinctrl.a
LOAD zephyr/drivers/serial/libdrivers__serial.a
LOAD zephyr/drivers/timer/libdrivers__timer.a
LOAD modules/nrf/lib/fatal_error/lib..__nrf__lib__fatal_error.a
LOAD modules/nrf/drivers/hw_cc3xx/lib..__nrf__drivers__hw_cc3xx.a
LOAD modules/hal_nordic/nrfx/libmodules__hal_nordic__nrfx.a
LOAD modules/libmetal/libmetal/lib/libmetal.a
LOAD modules/open-amp/open-amp/lib/libopen_amp.a
LOAD zephyr/kernel/libkernel.a
LOAD /opt/nordic/ncs/toolchains/580e4ef81c/opt/zephyr-sdk/arm-zephyr-eabi/bin/../lib/gcc/arm-zephyr-eabi/12.2.0/thumb/v8-m.main/nofp/libgcc.a
LOAD zephyr/arch/common/libisr_tables.a
LOAD /opt/nordic/ncs/v2.6.0/nrfxlib/crypto/nrf_cc312_platform/lib/cortex-m33/soft-float/no-interrupts/libnrf_cc312_platform_0.9.19.a
LOAD /opt/nordic/ncs/toolchains/580e4ef81c/opt/zephyr-sdk/arm-zephyr-eabi/bin/../lib/gcc/../../picolibc/arm-zephyr-eabi/lib/thumb/v8-m.main/nofp/libc.a
LOAD /opt/nordic/ncs/toolchains/580e4ef81c/opt/zephyr-sdk/arm-zephyr-eabi/bin/../lib/gcc/arm-zephyr-eabi/12.2.0/thumb/v8-m.main/nofp/libgcc.a
                0x0000000000000020                _region_min_align = 0x20

.rel.plt        0x0000000000000000        0x0
 *(SORT_BY_ALIGNMENT(.rel.plt))
                [!provide]                        PROVIDE (__rel_iplt_start = .)
 *(SORT_BY_ALIGNMENT(.rel.iplt))
 .rel.iplt      0x0000000000000000        0x0 zephyr/CMakeFiles/zephyr_final.dir/isr_tables.c.obj
                [!provide]                        PROVIDE (__rel_iplt_end = .)

.rela.plt       0x0000000000000000        0x0
 *(SORT_BY_ALIGNMENT(.rela.plt))
                [!provide]                        PROVIDE (__rela_iplt_start = .)
 *(SORT_BY_ALIGNMENT(.rela.iplt))
                [!provide]                        PROVIDE (__rela_iplt_end = .)

.rel.dyn
 *(SORT_BY_ALIGNMENT(.rel.*))

.rela.dyn
 *(SORT_BY_ALIGNMENT(.rela.*))

/DISCARD/
 *(SORT_BY_ALIGNMENT(.plt))

/DISCARD/
 *(SORT_BY_ALIGNMENT(.iplt))
                0x0000000000000000                __rom_region_start = 0x0

rom_start       0x0000000000000000      0x154
                0x0000000000000000                __rom_start_address = .
 FILL mask 0x00
                0x0000000000000000                . = (. + (0x0 - (. - __rom_start_address)))
                0x0000000000000000                . = ALIGN (0x4)
                0x0000000000000000                . = ALIGN (0x80)
                0x0000000000000000                . = ALIGN (0x200)
                0x0000000000000000                _vector_start = .
 *(SORT_BY_ALIGNMENT(.exc_vector_table))
 *(SORT_BY_ALIGNMENT(.exc_vector_table.*))
 .exc_vector_table._vector_table_section
                0x0000000000000000       0x40 zephyr/arch/arch/arm/core/cortex_m/libarch__arm__core__cortex_m.a(vector_table.S.obj)
                0x0000000000000000                _vector_table
 *(SORT_BY_ALIGNMENT(.vectors))
                0x0000000000000154                _vector_end = .
                0x0000000000000040                . = ALIGN (0x4)
 *(SORT_BY_ALIGNMENT(.gnu.linkonce.irq_vector_table*))
 .gnu.linkonce.irq_vector_table
                0x0000000000000040      0x114 zephyr/CMakeFiles/zephyr_final.dir/isr_tables.c.obj
                0x0000000000000040                _irq_vector_table
                0x0000000000000154                _vector_end = .

text            0x0000000000000154     0xdde8
                0x0000000000000154                __text_region_start = .
 *(SORT_BY_ALIGNMENT(.text))
 .text          0x0000000000000154      0x378 /opt/nordic/ncs/toolchains/580e4ef81c/opt/zephyr-sdk/arm-zephyr-eabi/bin/../lib/gcc/arm-zephyr-eabi/12.2.0/thumb/v8-m.main/nofp/libgcc.a(_arm_addsubdf3.o)
                0x0000000000000154                __aeabi_drsub
                0x000000000000015c                __subdf3
                0x000000000000015c                __aeabi_dsub
                0x0000000000000160                __aeabi_dadd
                0x0000000000000160                __adddf3
                0x00000000000003d8                __aeabi_ui2d
                0x00000000000003d8                __floatunsidf
                0x00000000000003f8                __floatsidf
                0x00000000000003f8                __aeabi_i2d
                0x000000000000041c                __extendsfdf2
                0x000000000000041c                __aeabi_f2d
                0x0000000000000460                __aeabi_ul2d
                0x0000000000000460                __floatundidf
                0x0000000000000470                __aeabi_l2d
                0x0000000000000470                __floatdidf
 .text          0x00000000000004cc      0x424 /opt/nordic/ncs/toolchains/580e4ef81c/opt/zephyr-sdk/arm-zephyr-eabi/bin/../lib/gcc/arm-zephyr-eabi/12.2.0/thumb/v8-m.main/nofp/libgcc.a(_arm_muldivdf3.o)
                0x00000000000004cc                __aeabi_dmul
                0x00000000000004cc                __muldf3
                0x0000000000000720                __aeabi_ddiv
                0x0000000000000720                __divdf3
 .text          0x00000000000008f0       0x50 /opt/nordic/ncs/toolchains/580e4ef81c/opt/zephyr-sdk/arm-zephyr-eabi/bin/../lib/gcc/arm-zephyr-eabi/12.2.0/thumb/v8-m.main/nofp/libgcc.a(_arm_fixdfsi.o)
                0x00000000000008f0                __fixdfsi
                0x00000000000008f0                __aeabi_d2iz
 .text          0x0000000000000940      0x21c /opt/nordic/ncs/toolchains/580e4ef81c/opt/zephyr-sdk/arm-zephyr-eabi/bin/../lib/gcc/arm-zephyr-eabi/12.2.0/thumb/v8-m.main/nofp/libgcc.a(_arm_addsubsf3.o)
                0x0000000000000940                __aeabi_frsub
                0x0000000000000948                __aeabi_fsub
                0x0000000000000948                __subsf3
                0x000000000000094c                __aeabi_fadd
                0x000000000000094c                __addsf3
                0x0000000000000aac                __aeabi_ui2f
                0x0000000000000aac                __floatunsisf
                0x0000000000000ab4                __floatsisf
                0x0000000000000ab4                __aeabi_i2f
                0x0000000000000ad0                __aeabi_ul2f
                0x0000000000000ad0                __floatundisf
                0x0000000000000ae0                __aeabi_l2f
                0x0000000000000ae0                __floatdisf
 .text          0x0000000000000b5c      0x2a0 /opt/nordic/ncs/toolchains/580e4ef81c/opt/zephyr-sdk/arm-zephyr-eabi/bin/../lib/gcc/arm-zephyr-eabi/12.2.0/thumb/v8-m.main/nofp/libgcc.a(_arm_muldivsf3.o)
                0x0000000000000b5c                __mulsf3
                0x0000000000000b5c                __aeabi_fmul
                0x0000000000000cc4                __divsf3
                0x0000000000000cc4                __aeabi_fdiv
 .text          0x0000000000000dfc       0xec /opt/nordic/ncs/toolchains/580e4ef81c/opt/zephyr-sdk/arm-zephyr-eabi/bin/../lib/gcc/arm-zephyr-eabi/12.2.0/thumb/v8-m.main/nofp/libgcc.a(_arm_cmpsf2.o)
                0x0000000000000dfc                __gesf2
                0x0000000000000dfc                __gtsf2
                0x0000000000000e04                __ltsf2
                0x0000000000000e04                __lesf2
                0x0000000000000e0c                __nesf2
                0x0000000000000e0c                __eqsf2
                0x0000000000000e0c                __cmpsf2
                0x0000000000000e6c                __aeabi_cfrcmple
                0x0000000000000e74                __aeabi_cfcmpeq
                0x0000000000000e74                __aeabi_cfcmple
                0x0000000000000e84                __aeabi_fcmpeq
                0x0000000000000e98                __aeabi_fcmplt
                0x0000000000000eac                __aeabi_fcmple
                0x0000000000000ec0                __aeabi_fcmpge
                0x0000000000000ed4                __aeabi_fcmpgt
 .text          0x0000000000000ee8       0x4c /opt/nordic/ncs/toolchains/580e4ef81c/opt/zephyr-sdk/arm-zephyr-eabi/bin/../lib/gcc/arm-zephyr-eabi/12.2.0/thumb/v8-m.main/nofp/libgcc.a(_arm_fixsfsi.o)
                0x0000000000000ee8                __fixsfsi
                0x0000000000000ee8                __aeabi_f2iz
 .text          0x0000000000000f34       0xa0 /opt/nordic/ncs/toolchains/580e4ef81c/opt/zephyr-sdk/arm-zephyr-eabi/bin/../lib/gcc/arm-zephyr-eabi/12.2.0/thumb/v8-m.main/nofp/libgcc.a(_aeabi_ldivmod.o)
                0x0000000000000f34                __aeabi_ldivmod
 .text          0x0000000000000fd4       0x30 /opt/nordic/ncs/toolchains/580e4ef81c/opt/zephyr-sdk/arm-zephyr-eabi/bin/../lib/gcc/arm-zephyr-eabi/12.2.0/thumb/v8-m.main/nofp/libgcc.a(_aeabi_uldivmod.o)
                0x0000000000000fd4                __aeabi_uldivmod
 .text          0x0000000000001004        0x4 /opt/nordic/ncs/toolchains/580e4ef81c/opt/zephyr-sdk/arm-zephyr-eabi/bin/../lib/gcc/arm-zephyr-eabi/12.2.0/thumb/v8-m.main/nofp/libgcc.a(_dvmd_tls.o)
                0x0000000000001004                __aeabi_ldiv0
                0x0000000000001004                __aeabi_idiv0
 .text          0x0000000000001008      0x29c /opt/nordic/ncs/toolchains/580e4ef81c/opt/zephyr-sdk/arm-zephyr-eabi/bin/../lib/gcc/arm-zephyr-eabi/12.2.0/thumb/v8-m.main/nofp/libgcc.a(_udivmoddi4.o)
                0x0000000000001008                __udivmoddi4
 .text          0x00000000000012a4       0x14 /opt/nordic/ncs/toolchains/580e4ef81c/opt/zephyr-sdk/arm-zephyr-eabi/bin/../lib/gcc/../../picolibc/arm-zephyr-eabi/lib/thumb/v8-m.main/nofp/libc.a(strcmp.S.o)
                0x00000000000012a4                strcmp
 .text          0x00000000000012b8       0x10 /opt/nordic/ncs/toolchains/580e4ef81c/opt/zephyr-sdk/arm-zephyr-eabi/bin/../lib/gcc/../../picolibc/arm-zephyr-eabi/lib/thumb/v8-m.main/nofp/libc.a(strcpy.S.o)
                0x00000000000012b8                strcpy
 .text          0x00000000000012c8       0x10 /opt/nordic/ncs/toolchains/580e4ef81c/opt/zephyr-sdk/arm-zephyr-eabi/bin/../lib/gcc/../../picolibc/arm-zephyr-eabi/lib/thumb/v8-m.main/nofp/libc.a(strlen.S.o)
                0x00000000000012c8                strlen
 *(SORT_BY_ALIGNMENT(.text.*))
 .text.comm_timer_handler
                0x00000000000012d8        0xc app/libapp.a(main.c.obj)
                0x00000000000012d8                comm_timer_handler
 .text.robot_step_timer_handler
                0x00000000000012e4        0xc app/libapp.a(main.c.obj)
                0x00000000000012e4                robot_step_timer_handler
 .text.adc_timer_handler
                0x00000000000012f0        0xc app/libapp.a(main.c.obj)
                0x00000000000012f0                adc_timer_handler
 .text.motor_shutoff_timer_handler
                0x00000000000012fc        0xc app/libapp.a(main.c.obj)
                0x00000000000012fc                motor_shutoff_timer_handler
 .text.motorShutoff
                0x0000000000001308       0x28 app/libapp.a(main.c.obj)
                0x0000000000001308                motorShutoff
 .text.readADC  0x0000000000001330       0xa0 app/libapp.a(main.c.obj)
                0x0000000000001330                readADC
 .text.robot_step
                0x00000000000013d0       0xd0 app/libapp.a(main.c.obj)
                0x00000000000013d0                robot_step
 .text.update_buffer_stats
                0x00000000000014a0       0x68 app/libapp.a(main.c.obj)
                0x00000000000014a0                update_buffer_stats
 .text.update_command
                0x0000000000001508       0xa0 app/libapp.a(main.c.obj)
                0x0000000000001508                update_command
 .text.comm_sampling_work_handler
                0x00000000000015a8      0x268 app/libapp.a(main.c.obj)
                0x00000000000015a8                comm_sampling_work_handler
 .text.initCapGPIO
                0x0000000000001810       0x50 app/libapp.a(main.c.obj)
                0x0000000000001810                initCapGPIO
 .text.initADC  0x0000000000001860       0x48 app/libapp.a(main.c.obj)
                0x0000000000001860                initADC
 .text.main     0x00000000000018a8       0x7c app/libapp.a(main.c.obj)
                0x00000000000018a8                main
 .text.cbvprintf_package
                0x0000000000001924      0x3a4 zephyr/libzephyr.a(cbprintf_packaged.c.obj)
                0x0000000000001924                cbvprintf_package
 .text.cbprintf_package_convert
                0x0000000000001cc8      0x3b4 zephyr/libzephyr.a(cbprintf_packaged.c.obj)
                0x0000000000001cc8                cbprintf_package_convert
 .text.__printk_hook_install
                0x000000000000207c        0xc zephyr/libzephyr.a(printk.c.obj)
                0x000000000000207c                __printk_hook_install
 .text.z_thread_entry
                0x0000000000002088       0x34 zephyr/libzephyr.a(thread_entry.c.obj)
                0x0000000000002088                z_thread_entry
 .text.process_event
                0x00000000000020bc      0x21c zephyr/libzephyr.a(onoff.c.obj)
 .text.sys_reboot
                0x00000000000022d8       0x30 zephyr/libzephyr.a(reboot.c.obj)
                0x00000000000022d8                sys_reboot
 .text.ipc_service_open_instance
                0x0000000000002308       0x40 zephyr/libzephyr.a(ipc_service.c.obj)
                0x0000000000002308                ipc_service_open_instance
 .text.ipc_service_close_instance
                0x0000000000002348       0x40 zephyr/libzephyr.a(ipc_service.c.obj)
                0x0000000000002348                ipc_service_close_instance
 .text.ipc_service_register_endpoint
                0x0000000000002388       0x44 zephyr/libzephyr.a(ipc_service.c.obj)
                0x0000000000002388                ipc_service_register_endpoint
 .text.ipc_service_deregister_endpoint
                0x00000000000023cc       0x58 zephyr/libzephyr.a(ipc_service.c.obj)
                0x00000000000023cc                ipc_service_deregister_endpoint
 .text.ipc_service_send
                0x0000000000002424       0x5c zephyr/libzephyr.a(ipc_service.c.obj)
                0x0000000000002424                ipc_service_send
 .text.shared_memory_prepare
                0x0000000000002480       0x14 zephyr/libzephyr.a(ipc_rpmsg_static_vrings.c.obj)
 .text.advertise_ept
                0x0000000000002494       0x44 zephyr/libzephyr.a(ipc_rpmsg_static_vrings.c.obj)
 .text.get_ept  0x00000000000024d8       0x28 zephyr/libzephyr.a(ipc_rpmsg_static_vrings.c.obj)
 .text.open     0x0000000000002500      0x1b0 zephyr/libzephyr.a(ipc_rpmsg_static_vrings.c.obj)
 .text.bound_cb
                0x00000000000026b0       0x30 zephyr/libzephyr.a(ipc_rpmsg_static_vrings.c.obj)
 .text.send     0x00000000000026e0       0x4c zephyr/libzephyr.a(ipc_rpmsg_static_vrings.c.obj)
 .text.register_ept
                0x000000000000272c       0xe0 zephyr/libzephyr.a(ipc_rpmsg_static_vrings.c.obj)
 .text.deregister_ept
                0x000000000000280c       0x44 zephyr/libzephyr.a(ipc_rpmsg_static_vrings.c.obj)
 .text.ns_bind_cb
                0x0000000000002850       0x6c zephyr/libzephyr.a(ipc_rpmsg.c.obj)
 .text.ipc_rpmsg_register_ept
                0x00000000000028bc       0x3c zephyr/libzephyr.a(ipc_rpmsg.c.obj)
                0x00000000000028bc                ipc_rpmsg_register_ept
 .text.ipc_rpmsg_init
                0x00000000000028f8       0x70 zephyr/libzephyr.a(ipc_rpmsg.c.obj)
                0x00000000000028f8                ipc_rpmsg_init
 .text.ipc_static_vrings_init
                0x0000000000002968      0x104 zephyr/libzephyr.a(ipc_static_vrings.c.obj)
                0x0000000000002968                ipc_static_vrings_init
 .text.activate_foreach_backend
                0x0000000000002a6c       0x64 zephyr/libzephyr.a(log_core.c.obj)
 .text.enable_logger
                0x0000000000002ad0       0x5c zephyr/libzephyr.a(log_core.c.obj)
 .text.log_process_thread_timer_expiry_fn
                0x0000000000002b2c        0xc zephyr/libzephyr.a(log_core.c.obj)
 .text.z_log_init
                0x0000000000002b38       0x90 zephyr/libzephyr.a(log_core.c.obj)
 .text.log_format_func_t_get
                0x0000000000002bc8        0xc zephyr/libzephyr.a(log_core.c.obj)
                0x0000000000002bc8                log_format_func_t_get
 .text.log_set_timestamp_func
                0x0000000000002bd4       0x20 zephyr/libzephyr.a(log_core.c.obj)
                0x0000000000002bd4                log_set_timestamp_func
 .text.z_log_notify_backend_enabled
                0x0000000000002bf4       0x1c zephyr/libzephyr.a(log_core.c.obj)
                0x0000000000002bf4                z_log_notify_backend_enabled
 .text.z_log_dropped
                0x0000000000002c10       0x28 zephyr/libzephyr.a(log_core.c.obj)
                0x0000000000002c10                z_log_dropped
 .text.z_log_dropped_read_and_clear
                0x0000000000002c38       0x18 zephyr/libzephyr.a(log_core.c.obj)
                0x0000000000002c38                z_log_dropped_read_and_clear
 .text.dropped_notify
                0x0000000000002c50       0x30 zephyr/libzephyr.a(log_core.c.obj)
                0x0000000000002c50                dropped_notify
 .text.z_log_msg_init
                0x0000000000002c80       0x20 zephyr/libzephyr.a(log_core.c.obj)
                0x0000000000002c80                z_log_msg_init
 .text.log_core_init
                0x0000000000002ca0       0x34 zephyr/libzephyr.a(log_core.c.obj)
                0x0000000000002ca0                log_core_init
 .text.z_log_msg_alloc
                0x0000000000002cd4       0x10 zephyr/libzephyr.a(log_core.c.obj)
                0x0000000000002cd4                z_log_msg_alloc
 .text.z_log_msg_local_claim
                0x0000000000002ce4        0xc zephyr/libzephyr.a(log_core.c.obj)
                0x0000000000002ce4                z_log_msg_local_claim
 .text.z_log_msg_free
                0x0000000000002cf0       0x10 zephyr/libzephyr.a(log_core.c.obj)
                0x0000000000002cf0                z_log_msg_free
 .text.z_log_msg_pending
                0x0000000000002d00        0xc zephyr/libzephyr.a(log_core.c.obj)
                0x0000000000002d00                z_log_msg_pending
 .text.z_impl_log_process
                0x0000000000002d0c       0xb4 zephyr/libzephyr.a(log_core.c.obj)
                0x0000000000002d0c                z_impl_log_process
 .text.z_impl_log_panic
                0x0000000000002dc0       0x44 zephyr/libzephyr.a(log_core.c.obj)
                0x0000000000002dc0                z_impl_log_panic
 .text.log_process_thread_func
                0x0000000000002e04       0xa4 zephyr/libzephyr.a(log_core.c.obj)
 .text.z_log_msg_post_finalize
                0x0000000000002ea8       0x78 zephyr/libzephyr.a(log_core.c.obj)
 .text.z_log_msg_commit
                0x0000000000002f20       0x24 zephyr/libzephyr.a(log_core.c.obj)
                0x0000000000002f20                z_log_msg_commit
 .text.log_source_name_get
                0x0000000000002f44       0x1c zephyr/libzephyr.a(log_mgmt.c.obj)
                0x0000000000002f44                log_source_name_get
 .text.log_backend_enable
                0x0000000000002f60       0x28 zephyr/libzephyr.a(log_mgmt.c.obj)
                0x0000000000002f60                log_backend_enable
 .text.z_impl_z_log_msg_static_create
                0x0000000000002f88      0x108 zephyr/libzephyr.a(log_msg.c.obj)
                0x0000000000002f88                z_impl_z_log_msg_static_create
 .text.z_log_msg_runtime_vcreate
                0x0000000000003090       0x8c zephyr/libzephyr.a(log_msg.c.obj)
                0x0000000000003090                z_log_msg_runtime_vcreate
 .text.print_formatted
                0x000000000000311c       0x24 zephyr/libzephyr.a(log_output.c.obj)
 .text.newline_print
                0x0000000000003140       0x1c zephyr/libzephyr.a(log_output.c.obj)
 .text.log_output_process
                0x000000000000315c      0x2a4 zephyr/libzephyr.a(log_output.c.obj)
                0x000000000000315c                log_output_process
 .text.log_output_msg_process
                0x0000000000003400       0x70 zephyr/libzephyr.a(log_output.c.obj)
                0x0000000000003400                log_output_msg_process
 .text.log_output_dropped_process
                0x0000000000003470       0x58 zephyr/libzephyr.a(log_output.c.obj)
                0x0000000000003470                log_output_dropped_process
 .text.log_output_timestamp_freq_set
                0x00000000000034c8       0x2c zephyr/libzephyr.a(log_output.c.obj)
                0x00000000000034c8                log_output_timestamp_freq_set
 .text.char_out
                0x00000000000034f4       0x24 zephyr/libzephyr.a(log_backend_uart.c.obj)
 .text.mem_attr_get_regions
                0x0000000000003518        0xc zephyr/libzephyr.a(mem_attr.c.obj)
                0x0000000000003518                mem_attr_get_regions
 .text.compress
                0x0000000000003524      0x1d4 zephyr/libzephyr.a(sha256.c.obj)
 .text.tc_sha256_init
                0x00000000000036f8       0x58 zephyr/libzephyr.a(sha256.c.obj)
                0x00000000000036f8                tc_sha256_init
 .text.nrf_cc3xx_platform_abort_init
                0x0000000000003750        0xc zephyr/libzephyr.a(nrf_cc3xx_platform_abort_zephyr.c.obj)
                0x0000000000003750                nrf_cc3xx_platform_abort_init
 .text.mutex_free_platform
                0x000000000000375c       0x54 zephyr/libzephyr.a(nrf_cc3xx_platform_mutex_zephyr.c.obj)
 .text.mutex_lock_platform
                0x00000000000037b0       0x74 zephyr/libzephyr.a(nrf_cc3xx_platform_mutex_zephyr.c.obj)
 .text.mutex_unlock_platform
                0x0000000000003824       0x68 zephyr/libzephyr.a(nrf_cc3xx_platform_mutex_zephyr.c.obj)
 .text.mutex_init_platform
                0x000000000000388c       0x94 zephyr/libzephyr.a(nrf_cc3xx_platform_mutex_zephyr.c.obj)
 .text.nrf_cc3xx_platform_mutex_init
                0x0000000000003920       0x2c zephyr/libzephyr.a(nrf_cc3xx_platform_mutex_zephyr.c.obj)
                0x0000000000003920                nrf_cc3xx_platform_mutex_init
 .text.z_arm_fatal_error
                0x000000000000394c       0xa0 zephyr/arch/arch/arm/core/libarch__arm__core.a(fatal.c.obj)
                0x000000000000394c                z_arm_fatal_error
 .text.z_SysNmiOnReset
                0x00000000000039ec        0x8 zephyr/arch/arch/arm/core/libarch__arm__core.a(nmi_on_reset.S.obj)
                0x00000000000039ec                z_SysNmiOnReset
 .text.arch_tls_stack_setup
                0x00000000000039f4       0x5c zephyr/arch/arch/arm/core/libarch__arm__core.a(tls.c.obj)
                0x00000000000039f4                arch_tls_stack_setup
 .text._HandlerModeExit
                0x0000000000003a50       0x1c zephyr/arch/arch/arm/core/cortex_m/libarch__arm__core__cortex_m.a(exc_exit.S.obj)
                0x0000000000003a50                z_arm_exc_exit
                0x0000000000003a50                z_arm_int_exit
 .text.mem_manage_fault.constprop.0
                0x0000000000003a6c       0xd0 zephyr/arch/arch/arm/core/cortex_m/libarch__arm__core__cortex_m.a(fault.c.obj)
 .text.usage_fault.constprop.0
                0x0000000000003b3c       0xbc zephyr/arch/arch/arm/core/cortex_m/libarch__arm__core__cortex_m.a(fault.c.obj)
 .text.bus_fault.constprop.0
                0x0000000000003bf8       0xd0 zephyr/arch/arch/arm/core/cortex_m/libarch__arm__core__cortex_m.a(fault.c.obj)
 .text.z_arm_fault
                0x0000000000003cc8      0x1d0 zephyr/arch/arch/arm/core/cortex_m/libarch__arm__core__cortex_m.a(fault.c.obj)
                0x0000000000003cc8                z_arm_fault
 .text.z_arm_fault_init
                0x0000000000003e98       0x18 zephyr/arch/arch/arm/core/cortex_m/libarch__arm__core__cortex_m.a(fault.c.obj)
                0x0000000000003e98                z_arm_fault_init
 .text.__fault  0x0000000000003eb0       0x14 zephyr/arch/arch/arm/core/cortex_m/libarch__arm__core__cortex_m.a(fault_s.S.obj)
                0x0000000000003eb0                z_arm_bus_fault
                0x0000000000003eb0                z_arm_usage_fault
                0x0000000000003eb0                z_arm_mpu_fault
                0x0000000000003eb0                z_arm_exc_spurious
                0x0000000000003eb0                z_arm_debug_monitor
                0x0000000000003eb0                z_arm_hard_fault
 .text._reset_section
                0x0000000000003ec4       0x60 zephyr/arch/arch/arm/core/cortex_m/libarch__arm__core__cortex_m.a(reset.S.obj)
                0x0000000000003ec4                z_arm_reset
                0x0000000000003ec4                __start
 .text.sys_arch_reboot
                0x0000000000003f24       0x24 zephyr/arch/arch/arm/core/cortex_m/libarch__arm__core__cortex_m.a(scb.c.obj)
                0x0000000000003f24                sys_arch_reboot
 .text.z_arm_clear_arm_mpu_config
                0x0000000000003f48       0x24 zephyr/arch/arch/arm/core/cortex_m/libarch__arm__core__cortex_m.a(scb.c.obj)
                0x0000000000003f48                z_arm_clear_arm_mpu_config
 .text.z_arm_init_arch_hw_at_boot
                0x0000000000003f6c       0x4c zephyr/arch/arch/arm/core/cortex_m/libarch__arm__core__cortex_m.a(scb.c.obj)
                0x0000000000003f6c                z_arm_init_arch_hw_at_boot
 .text.z_impl_k_thread_abort
                0x0000000000003fb8       0x2c zephyr/arch/arch/arm/core/cortex_m/libarch__arm__core__cortex_m.a(thread_abort.c.obj)
                0x0000000000003fb8                z_impl_k_thread_abort
 .text.arch_swap
                0x0000000000003fe4       0x30 zephyr/arch/arch/arm/core/cortex_m/libarch__arm__core__cortex_m.a(swap.c.obj)
                0x0000000000003fe4                arch_swap
 .text.z_arm_pendsv
                0x0000000000004014       0x68 zephyr/arch/arch/arm/core/cortex_m/libarch__arm__core__cortex_m.a(swap_helper.S.obj)
                0x0000000000004014                z_arm_pendsv
 .text.z_arm_svc
                0x000000000000407c       0x20 zephyr/arch/arch/arm/core/cortex_m/libarch__arm__core__cortex_m.a(swap_helper.S.obj)
                0x000000000000407c                z_arm_svc
 .text.arch_irq_enable
                0x000000000000409c       0x1c zephyr/arch/arch/arm/core/cortex_m/libarch__arm__core__cortex_m.a(irq_manage.c.obj)
                0x000000000000409c                arch_irq_enable
 .text.arch_irq_disable
                0x00000000000040b8       0x28 zephyr/arch/arch/arm/core/cortex_m/libarch__arm__core__cortex_m.a(irq_manage.c.obj)
                0x00000000000040b8                arch_irq_disable
 .text.arch_irq_is_enabled
                0x00000000000040e0       0x1c zephyr/arch/arch/arm/core/cortex_m/libarch__arm__core__cortex_m.a(irq_manage.c.obj)
                0x00000000000040e0                arch_irq_is_enabled
 .text.z_arm_irq_priority_set
                0x00000000000040fc       0x2c zephyr/arch/arch/arm/core/cortex_m/libarch__arm__core__cortex_m.a(irq_manage.c.obj)
                0x00000000000040fc                z_arm_irq_priority_set
 .text.z_arm_prep_c
                0x0000000000004128       0x38 zephyr/arch/arch/arm/core/cortex_m/libarch__arm__core__cortex_m.a(prep_c.c.obj)
                0x0000000000004128                z_arm_prep_c
 .text.arch_new_thread
                0x0000000000004160       0x38 zephyr/arch/arch/arm/core/cortex_m/libarch__arm__core__cortex_m.a(thread.c.obj)
                0x0000000000004160                arch_new_thread
 .text.arch_switch_to_main_thread
                0x0000000000004198       0x34 zephyr/arch/arch/arm/core/cortex_m/libarch__arm__core__cortex_m.a(thread.c.obj)
                0x0000000000004198                arch_switch_to_main_thread
 .text.z_arm_cpu_idle_init
                0x00000000000041cc        0xc zephyr/arch/arch/arm/core/cortex_m/libarch__arm__core__cortex_m.a(cpu_idle.S.obj)
                0x00000000000041cc                z_arm_cpu_idle_init
 .text.arch_cpu_idle
                0x00000000000041d8       0x38 zephyr/arch/arch/arm/core/cortex_m/libarch__arm__core__cortex_m.a(cpu_idle.S.obj)
                0x00000000000041d8                arch_cpu_idle
 .text.arch_cpu_atomic_idle
                0x0000000000004210       0x34 zephyr/arch/arch/arm/core/cortex_m/libarch__arm__core__cortex_m.a(cpu_idle.S.obj)
                0x0000000000004210                arch_cpu_atomic_idle
 .text.z_arm_interrupt_init
                0x0000000000004244       0x18 zephyr/arch/arch/arm/core/cortex_m/libarch__arm__core__cortex_m.a(irq_init.c.obj)
                0x0000000000004244                z_arm_interrupt_init
 .text._isr_wrapper
                0x000000000000425c       0x28 zephyr/arch/arch/arm/core/cortex_m/libarch__arm__core__cortex_m.a(isr_wrapper.S.obj)
                0x000000000000425c                _isr_wrapper
 .text.z_arm_configure_static_mpu_regions
                0x0000000000004284       0x38 zephyr/arch/arch/arm/core/mpu/libarch__arm__core__mpu.a(arm_core_mpu.c.obj)
                0x0000000000004284                z_arm_configure_static_mpu_regions
 .text.region_init
                0x00000000000042bc       0x34 zephyr/arch/arch/arm/core/mpu/libarch__arm__core__mpu.a(arm_mpu.c.obj)
 .text.region_allocate_and_init
                0x00000000000042f0       0x28 zephyr/arch/arch/arm/core/mpu/libarch__arm__core__mpu.a(arm_mpu.c.obj)
 .text.mpu_configure_regions_and_partition.constprop.0
                0x0000000000004318      0x164 zephyr/arch/arch/arm/core/mpu/libarch__arm__core__mpu.a(arm_mpu.c.obj)
 .text.arm_core_mpu_enable
                0x000000000000447c       0x18 zephyr/arch/arch/arm/core/mpu/libarch__arm__core__mpu.a(arm_mpu.c.obj)
                0x000000000000447c                arm_core_mpu_enable
 .text.arm_core_mpu_disable
                0x0000000000004494       0x14 zephyr/arch/arch/arm/core/mpu/libarch__arm__core__mpu.a(arm_mpu.c.obj)
                0x0000000000004494                arm_core_mpu_disable
 .text.arm_core_mpu_configure_static_mpu_regions
                0x00000000000044a8       0x14 zephyr/arch/arch/arm/core/mpu/libarch__arm__core__mpu.a(arm_mpu.c.obj)
                0x00000000000044a8                arm_core_mpu_configure_static_mpu_regions
 .text.arm_core_mpu_mark_areas_for_dynamic_regions
                0x00000000000044bc       0xb8 zephyr/arch/arch/arm/core/mpu/libarch__arm__core__mpu.a(arm_mpu.c.obj)
                0x00000000000044bc                arm_core_mpu_mark_areas_for_dynamic_regions
 .text.z_arm_mpu_init
                0x0000000000004574      0x108 zephyr/arch/arch/arm/core/mpu/libarch__arm__core__mpu.a(arm_mpu.c.obj)
                0x0000000000004574                z_arm_mpu_init
 .text.z_impl_zephyr_fputc
                0x000000000000467c       0x10 zephyr/lib/libc/picolibc/liblib__libc__picolibc.a(libc-hooks.c.obj)
                0x000000000000467c                z_impl_zephyr_fputc
 .text.__stdout_hook_install
                0x000000000000468c       0x18 zephyr/lib/libc/picolibc/liblib__libc__picolibc.a(libc-hooks.c.obj)
                0x000000000000468c                __stdout_hook_install
 .text.cbvprintf
                0x00000000000046a4       0x38 zephyr/lib/libc/picolibc/liblib__libc__picolibc.a(libc-hooks.c.obj)
                0x00000000000046a4                cbvprintf
 .text.malloc_prepare
                0x00000000000046dc       0x24 zephyr/lib/libc/common/liblib__libc__common.a(malloc.c.obj)
 .text.nrf_gpio_pin_control_select
                0x0000000000004700       0x3c zephyr/soc/soc/arm/nordic_nrf/libsoc__arm__nordic_nrf.a(soc.c.obj)
 .text.nordicsemi_nrf53_init
                0x000000000000473c       0x5c zephyr/soc/soc/arm/nordic_nrf/libsoc__arm__nordic_nrf.a(soc.c.obj)
 .text.rtc_pretick_init
                0x0000000000004798       0x60 zephyr/soc/soc/arm/nordic_nrf/libsoc__arm__nordic_nrf.a(soc.c.obj)
 .text.z_arm_on_enter_cpu_idle
                0x00000000000047f8       0x64 zephyr/soc/soc/arm/nordic_nrf/libsoc__arm__nordic_nrf.a(soc.c.obj)
                0x00000000000047f8                z_arm_on_enter_cpu_idle
 .text.arch_busy_wait
                0x000000000000485c       0x24 zephyr/soc/soc/arm/nordic_nrf/libsoc__arm__nordic_nrf.a(soc.c.obj)
                0x000000000000485c                arch_busy_wait
 .text.rtc_cb   0x0000000000004880       0x40 zephyr/soc/soc/arm/nordic_nrf/libsoc__arm__nordic_nrf.a(sync_rtc.c.obj)
 .text.sync_rtc_setup
                0x00000000000048c0       0xbc zephyr/soc/soc/arm/nordic_nrf/libsoc__arm__nordic_nrf.a(sync_rtc.c.obj)
 .text.mbox_callback
                0x000000000000497c       0x80 zephyr/soc/soc/arm/nordic_nrf/libsoc__arm__nordic_nrf.a(sync_rtc.c.obj)
 .text.z_arm_platform_init
                0x00000000000049fc        0x4 zephyr/soc/soc/arm/nordic_nrf/libsoc__arm__nordic_nrf.a(soc_nrf_common.S.obj)
                0x00000000000049fc                z_arm_platform_init
 .text.remoteproc_mgr_boot
                0x0000000000004a00       0x68 zephyr/boards/boards/arm/nrf5340dk_nrf5340_cpuapp/libboards__arm__nrf5340dk_nrf5340.a(nrf5340_cpunet_reset.c.obj)
 .text.bt_hex   0x0000000000004a68       0x44 zephyr/subsys/bluetooth/common/libsubsys__bluetooth__common.a(bt_str.c.obj)
                0x0000000000004a68                bt_hex
 .text.bt_addr_le_str
                0x0000000000004aac       0x7c zephyr/subsys/bluetooth/common/libsubsys__bluetooth__common.a(bt_str.c.obj)
                0x0000000000004aac                bt_addr_le_str
 .text.bt_buf_get_rx
                0x0000000000004b28       0x20 zephyr/subsys/bluetooth/host/libsubsys__bluetooth__host.a(buf.c.obj)
                0x0000000000004b28                bt_buf_get_rx
 .text.bt_buf_get_cmd_complete
                0x0000000000004b48       0x38 zephyr/subsys/bluetooth/host/libsubsys__bluetooth__host.a(buf.c.obj)
                0x0000000000004b48                bt_buf_get_cmd_complete
 .text.bt_buf_get_evt
                0x0000000000004b80       0x44 zephyr/subsys/bluetooth/host/libsubsys__bluetooth__host.a(buf.c.obj)
                0x0000000000004b80                bt_buf_get_evt
 .text.hci_hardware_error
                0x0000000000004bc4       0x24 zephyr/subsys/bluetooth/host/libsubsys__bluetooth__host.a(hci_core.c.obj)
 .text.rx_work_handler.part.0
                0x0000000000004be8       0x30 zephyr/subsys/bluetooth/host/libsubsys__bluetooth__host.a(hci_core.c.obj)
 .text.handle_event.part.0
                0x0000000000004c18       0x48 zephyr/subsys/bluetooth/host/libsubsys__bluetooth__host.a(hci_core.c.obj)
 .text.handle_event
                0x0000000000004c60       0x50 zephyr/subsys/bluetooth/host/libsubsys__bluetooth__host.a(hci_core.c.obj)
 .text.rx_work_handler
                0x0000000000004cb0       0xa0 zephyr/subsys/bluetooth/host/libsubsys__bluetooth__host.a(hci_core.c.obj)
 .text.hci_le_meta_event
                0x0000000000004d50       0x20 zephyr/subsys/bluetooth/host/libsubsys__bluetooth__host.a(hci_core.c.obj)
 .text.hci_cmd_done
                0x0000000000004d70      0x13c zephyr/subsys/bluetooth/host/libsubsys__bluetooth__host.a(hci_core.c.obj)
 .text.hci_cmd_status
                0x0000000000004eac       0x2c zephyr/subsys/bluetooth/host/libsubsys__bluetooth__host.a(hci_core.c.obj)
 .text.hci_cmd_complete
                0x0000000000004ed8       0x50 zephyr/subsys/bluetooth/host/libsubsys__bluetooth__host.a(hci_core.c.obj)
 .text.bt_hci_cmd_create
                0x0000000000004f28       0x74 zephyr/subsys/bluetooth/host/libsubsys__bluetooth__host.a(hci_core.c.obj)
                0x0000000000004f28                bt_hci_cmd_create
 .text.bt_hci_cmd_send_sync
                0x0000000000004f9c       0xf0 zephyr/subsys/bluetooth/host/libsubsys__bluetooth__host.a(hci_core.c.obj)
                0x0000000000004f9c                bt_hci_cmd_send_sync
 .text.hci_init
                0x000000000000508c      0x39c zephyr/subsys/bluetooth/host/libsubsys__bluetooth__host.a(hci_core.c.obj)
 .text.bt_hci_le_rand
                0x0000000000005428       0x58 zephyr/subsys/bluetooth/host/libsubsys__bluetooth__host.a(hci_core.c.obj)
                0x0000000000005428                bt_hci_le_rand
 .text.bt_hci_get_ver_str
                0x0000000000005480       0x3c zephyr/subsys/bluetooth/host/libsubsys__bluetooth__host.a(hci_core.c.obj)
                0x0000000000005480                bt_hci_get_ver_str
 .text.hci_event_prio
                0x00000000000054bc       0xa8 zephyr/subsys/bluetooth/host/libsubsys__bluetooth__host.a(hci_core.c.obj)
                0x00000000000054bc                hci_event_prio
 .text.bt_recv  0x0000000000005564       0x74 zephyr/subsys/bluetooth/host/libsubsys__bluetooth__host.a(hci_core.c.obj)
                0x0000000000005564                bt_recv
 .text.bt_hci_driver_register
                0x00000000000055d8       0x28 zephyr/subsys/bluetooth/host/libsubsys__bluetooth__host.a(hci_core.c.obj)
                0x00000000000055d8                bt_hci_driver_register
 .text.bt_finalize_init
                0x0000000000005600      0x148 zephyr/subsys/bluetooth/host/libsubsys__bluetooth__host.a(hci_core.c.obj)
                0x0000000000005600                bt_finalize_init
 .text.init_work
                0x0000000000005748       0x24 zephyr/subsys/bluetooth/host/libsubsys__bluetooth__host.a(hci_core.c.obj)
 .text.id_find  0x000000000000576c       0x30 zephyr/subsys/bluetooth/host/libsubsys__bluetooth__host.a(id.c.obj)
 .text.id_create.constprop.0
                0x000000000000579c       0x5c zephyr/subsys/bluetooth/host/libsubsys__bluetooth__host.a(id.c.obj)
 .text.set_random_address
                0x00000000000057f8       0x50 zephyr/subsys/bluetooth/host/libsubsys__bluetooth__host.a(id.c.obj)
 .text.bt_id_create
                0x0000000000005848       0x9c zephyr/subsys/bluetooth/host/libsubsys__bluetooth__host.a(id.c.obj)
                0x0000000000005848                bt_id_create
 .text.bt_id_read_public_addr
                0x00000000000058e4       0x78 zephyr/subsys/bluetooth/host/libsubsys__bluetooth__host.a(id.c.obj)
                0x00000000000058e4                bt_id_read_public_addr
 .text.bt_setup_public_id_addr
                0x000000000000595c       0x20 zephyr/subsys/bluetooth/host/libsubsys__bluetooth__host.a(id.c.obj)
                0x000000000000595c                bt_setup_public_id_addr
 .text.bt_read_static_addr
                0x000000000000597c       0x94 zephyr/subsys/bluetooth/host/libsubsys__bluetooth__host.a(id.c.obj)
                0x000000000000597c                bt_read_static_addr
 .text.bt_setup_random_id_addr
                0x0000000000005a10       0x5c zephyr/subsys/bluetooth/host/libsubsys__bluetooth__host.a(id.c.obj)
                0x0000000000005a10                bt_setup_random_id_addr
 .text.bt_id_init
                0x0000000000005a6c       0x54 zephyr/subsys/bluetooth/host/libsubsys__bluetooth__host.a(id.c.obj)
                0x0000000000005a6c                bt_id_init
 .text.prng_reseed.constprop.0
                0x0000000000005ac0       0x60 zephyr/subsys/bluetooth/host/libsubsys__bluetooth__host.a(crypto.c.obj)
 .text.prng_init
                0x0000000000005b20       0x40 zephyr/subsys/bluetooth/host/libsubsys__bluetooth__host.a(crypto.c.obj)
                0x0000000000005b20                prng_init
 .text.bt_rand  0x0000000000005b60       0x3c zephyr/subsys/bluetooth/host/libsubsys__bluetooth__host.a(crypto.c.obj)
                0x0000000000005b60                bt_rand
 .text.net_buf_destroy
                0x0000000000005b9c       0x38 zephyr/subsys/net/libsubsys__net.a(buf.c.obj)
 .text.net_buf_pool_get
                0x0000000000005bd4       0x10 zephyr/subsys/net/libsubsys__net.a(buf.c.obj)
                0x0000000000005bd4                net_buf_pool_get
 .text.net_buf_id
                0x0000000000005be4       0x20 zephyr/subsys/net/libsubsys__net.a(buf.c.obj)
                0x0000000000005be4                net_buf_id
 .text.fixed_data_alloc
                0x0000000000005c04       0x30 zephyr/subsys/net/libsubsys__net.a(buf.c.obj)
 .text.net_buf_alloc_len
                0x0000000000005c34       0xf4 zephyr/subsys/net/libsubsys__net.a(buf.c.obj)
                0x0000000000005c34                net_buf_alloc_len
 .text.net_buf_unref
                0x0000000000005d28       0x38 zephyr/subsys/net/libsubsys__net.a(buf.c.obj)
                0x0000000000005d28                net_buf_unref
 .text.adc_gain_invert
                0x0000000000005d60       0x2c zephyr/drivers/adc/libdrivers__adc.a(adc_common.c.obj)
                0x0000000000005d60                adc_gain_invert
 .text.adc_context_start_sampling
                0x0000000000005d8c       0x1c zephyr/drivers/adc/libdrivers__adc.a(adc_nrfx_saadc.c.obj)
 .text.adc_nrfx_channel_setup
                0x0000000000005da8       0xfc zephyr/drivers/adc/libdrivers__adc.a(adc_nrfx_saadc.c.obj)
 .text.adc_nrfx_read
                0x0000000000005ea4      0x1c8 zephyr/drivers/adc/libdrivers__adc.a(adc_nrfx_saadc.c.obj)
 .text.init_saadc
                0x000000000000606c       0x44 zephyr/drivers/adc/libdrivers__adc.a(adc_nrfx_saadc.c.obj)
 .text.saadc_irq_handler
                0x00000000000060b0       0xc8 zephyr/drivers/adc/libdrivers__adc.a(adc_nrfx_saadc.c.obj)
 .text.bt_ipc_send
                0x0000000000006178       0x54 zephyr/drivers/bluetooth/libdrivers__bluetooth.a(ipc.c.obj)
 .text.bt_ipc_init
                0x00000000000061cc       0x28 zephyr/drivers/bluetooth/libdrivers__bluetooth.a(ipc.c.obj)
 .text.hci_ept_bound
                0x00000000000061f4        0xc zephyr/drivers/bluetooth/libdrivers__bluetooth.a(ipc.c.obj)
 .text.bt_ipc_open.part.0
                0x0000000000006200       0x6c zephyr/drivers/bluetooth/libdrivers__bluetooth.a(ipc.c.obj)
 .text.hci_ept_recv
                0x000000000000626c      0x1c0 zephyr/drivers/bluetooth/libdrivers__bluetooth.a(ipc.c.obj)
 .text.bt_ipc_open
                0x000000000000642c       0x2c zephyr/drivers/bluetooth/libdrivers__bluetooth.a(ipc.c.obj)
 .text.bt_ipc_close.part.0
                0x0000000000006458       0x54 zephyr/drivers/bluetooth/libdrivers__bluetooth.a(ipc.c.obj)
 .text.bt_ipc_close
                0x00000000000064ac       0x30 zephyr/drivers/bluetooth/libdrivers__bluetooth.a(ipc.c.obj)
 .text.bt_hci_transport_setup
                0x00000000000064dc       0x18 zephyr/drivers/bluetooth/libdrivers__bluetooth.a(nrf53_support.c.obj)
                0x00000000000064dc                bt_hci_transport_setup
 .text.onoff_stop
                0x00000000000064f4       0x30 zephyr/drivers/clock_control/libdrivers__clock_control.a(clock_control_nrf.c.obj)
 .text.onoff_start
                0x0000000000006524       0x44 zephyr/drivers/clock_control/libdrivers__clock_control.a(clock_control_nrf.c.obj)
 .text.clk_init
                0x0000000000006568       0x64 zephyr/drivers/clock_control/libdrivers__clock_control.a(clock_control_nrf.c.obj)
 .text.clkstarted_handle.constprop.0
                0x00000000000065cc       0x34 zephyr/drivers/clock_control/libdrivers__clock_control.a(clock_control_nrf.c.obj)
 .text.clock_event_handler
                0x0000000000006600       0x30 zephyr/drivers/clock_control/libdrivers__clock_control.a(clock_control_nrf.c.obj)
 .text.generic_hfclk_start
                0x0000000000006630       0x64 zephyr/drivers/clock_control/libdrivers__clock_control.a(clock_control_nrf.c.obj)
 .text.api_blocking_start
                0x0000000000006694       0x3c zephyr/drivers/clock_control/libdrivers__clock_control.a(clock_control_nrf.c.obj)
 .text.generic_hfclk_stop
                0x00000000000066d0       0x34 zephyr/drivers/clock_control/libdrivers__clock_control.a(clock_control_nrf.c.obj)
 .text.z_nrf_clock_control_lf_on
                0x0000000000006704       0xfc zephyr/drivers/clock_control/libdrivers__clock_control.a(clock_control_nrf.c.obj)
                0x0000000000006704                z_nrf_clock_control_lf_on
 .text.uart_console_init
                0x0000000000006800       0x28 zephyr/drivers/console/libdrivers__console.a(uart_console.c.obj)
 .text.console_out
                0x0000000000006828       0x28 zephyr/drivers/console/libdrivers__console.a(uart_console.c.obj)
 .text.gpio_nrfx_pin_interrupt_configure
                0x0000000000006850      0x100 zephyr/drivers/gpio/libdrivers__gpio.a(gpio_nrfx.c.obj)
 .text.gpio_nrfx_init
                0x0000000000006950       0x48 zephyr/drivers/gpio/libdrivers__gpio.a(gpio_nrfx.c.obj)
 .text.nrfx_gpio_handler
                0x0000000000006998       0x4c zephyr/drivers/gpio/libdrivers__gpio.a(gpio_nrfx.c.obj)
 .text.gpio_nrfx_pin_configure
                0x00000000000069e4      0x18c zephyr/drivers/gpio/libdrivers__gpio.a(gpio_nrfx.c.obj)
 .text.mbox_nrf_init
                0x0000000000006b70       0x9c zephyr/drivers/mbox/libdrivers__mbox.a(mbox_nrfx_ipc.c.obj)
 .text.mbox_nrf_set_enabled
                0x0000000000006c0c       0x94 zephyr/drivers/mbox/libdrivers__mbox.a(mbox_nrfx_ipc.c.obj)
 .text.mbox_nrf_send
                0x0000000000006ca0       0x44 zephyr/drivers/mbox/libdrivers__mbox.a(mbox_nrfx_ipc.c.obj)
 .text.mbox_dispatcher
                0x0000000000006ce4       0x60 zephyr/drivers/mbox/libdrivers__mbox.a(mbox_nrfx_ipc.c.obj)
 .text.nrf_gpio_pin_port_decode
                0x0000000000006d44       0x24 zephyr/drivers/pinctrl/libdrivers__pinctrl.a(pinctrl_nrf.c.obj)
 .text.pinctrl_configure_pins
                0x0000000000006d68      0x1a8 zephyr/drivers/pinctrl/libdrivers__pinctrl.a(pinctrl_nrf.c.obj)
                0x0000000000006d68                pinctrl_configure_pins
 .text.uarte_0_init
                0x0000000000006f10      0x27c zephyr/drivers/serial/libdrivers__serial.a(uart_nrfx_uarte.c.obj)
 .text.uarte_nrfx_poll_out
                0x000000000000718c       0xcc zephyr/drivers/serial/libdrivers__serial.a(uart_nrfx_uarte.c.obj)
 .text.compare_int_lock
                0x0000000000007258       0x40 zephyr/drivers/timer/libdrivers__timer.a(nrf_rtc_timer.c.obj)
 .text.sys_clock_timeout_handler
                0x0000000000007298       0x48 zephyr/drivers/timer/libdrivers__timer.a(nrf_rtc_timer.c.obj)
 .text.compare_int_unlock
                0x00000000000072e0       0x4c zephyr/drivers/timer/libdrivers__timer.a(nrf_rtc_timer.c.obj)
 .text.z_nrf_rtc_timer_compare_evt_address_get
                0x000000000000732c       0x10 zephyr/drivers/timer/libdrivers__timer.a(nrf_rtc_timer.c.obj)
                0x000000000000732c                z_nrf_rtc_timer_compare_evt_address_get
 .text.z_nrf_rtc_timer_compare_read
                0x000000000000733c       0x10 zephyr/drivers/timer/libdrivers__timer.a(nrf_rtc_timer.c.obj)
                0x000000000000733c                z_nrf_rtc_timer_compare_read
 .text.z_nrf_rtc_timer_read
                0x000000000000734c       0x44 zephyr/drivers/timer/libdrivers__timer.a(nrf_rtc_timer.c.obj)
                0x000000000000734c                z_nrf_rtc_timer_read
 .text.compare_set
                0x0000000000007390      0x124 zephyr/drivers/timer/libdrivers__timer.a(nrf_rtc_timer.c.obj)
 .text.sys_clock_driver_init
                0x00000000000074b4       0xa4 zephyr/drivers/timer/libdrivers__timer.a(nrf_rtc_timer.c.obj)
 .text.rtc_nrf_isr
                0x0000000000007558      0x100 zephyr/drivers/timer/libdrivers__timer.a(nrf_rtc_timer.c.obj)
                0x0000000000007558                rtc_nrf_isr
 .text.z_nrf_rtc_timer_chan_alloc
                0x0000000000007658       0x3c zephyr/drivers/timer/libdrivers__timer.a(nrf_rtc_timer.c.obj)
                0x0000000000007658                z_nrf_rtc_timer_chan_alloc
 .text.z_nrf_rtc_timer_chan_free
                0x0000000000007694       0x1c zephyr/drivers/timer/libdrivers__timer.a(nrf_rtc_timer.c.obj)
                0x0000000000007694                z_nrf_rtc_timer_chan_free
 .text.sys_clock_set_timeout
                0x00000000000076b0       0x5c zephyr/drivers/timer/libdrivers__timer.a(nrf_rtc_timer.c.obj)
                0x00000000000076b0                sys_clock_set_timeout
 .text.sys_clock_elapsed
                0x000000000000770c       0x14 zephyr/drivers/timer/libdrivers__timer.a(nrf_rtc_timer.c.obj)
                0x000000000000770c                sys_clock_elapsed
 .text.sys_clock_disable
                0x0000000000007720       0x30 zephyr/drivers/timer/libdrivers__timer.a(nrf_rtc_timer.c.obj)
                0x0000000000007720                sys_clock_disable
 .text.k_sys_fatal_error_handler
                0x0000000000007750       0x20 modules/nrf/lib/fatal_error/lib..__nrf__lib__fatal_error.a(fatal_error.c.obj)
                0x0000000000007750                k_sys_fatal_error_handler
 .text.nrf53_errata_42
                0x0000000000007770       0x24 modules/hal_nordic/nrfx/libmodules__hal_nordic__nrfx.a(system_nrf5340_application.c.obj)
 .text.SystemInit
                0x0000000000007794      0x1c4 modules/hal_nordic/nrfx/libmodules__hal_nordic__nrfx.a(system_nrf5340_application.c.obj)
                0x0000000000007794                SystemInit
 .text.nrfx_flag32_alloc
                0x0000000000007958       0x40 modules/hal_nordic/nrfx/libmodules__hal_nordic__nrfx.a(nrfx_flag32_allocator.c.obj)
                0x0000000000007958                nrfx_flag32_alloc
 .text.nrfx_flag32_free
                0x0000000000007998       0x38 modules/hal_nordic/nrfx/libmodules__hal_nordic__nrfx.a(nrfx_flag32_allocator.c.obj)
                0x0000000000007998                nrfx_flag32_free
 .text.nrfx_gppi_channels_enable
                0x00000000000079d0        0xc modules/hal_nordic/nrfx/libmodules__hal_nordic__nrfx.a(nrfx_gppi_dppi.c.obj)
                0x00000000000079d0                nrfx_gppi_channels_enable
 .text.nrfx_gppi_channels_disable
                0x00000000000079dc        0xc modules/hal_nordic/nrfx/libmodules__hal_nordic__nrfx.a(nrfx_gppi_dppi.c.obj)
                0x00000000000079dc                nrfx_gppi_channels_disable
 .text.nrfx_clock_init
                0x00000000000079e8       0x20 modules/hal_nordic/nrfx/libmodules__hal_nordic__nrfx.a(nrfx_clock.c.obj)
                0x00000000000079e8                nrfx_clock_init
 .text.nrfx_clock_enable
                0x0000000000007a08       0x30 modules/hal_nordic/nrfx/libmodules__hal_nordic__nrfx.a(nrfx_clock.c.obj)
                0x0000000000007a08                nrfx_clock_enable
 .text.nrfx_clock_start
                0x0000000000007a38       0xd0 modules/hal_nordic/nrfx/libmodules__hal_nordic__nrfx.a(nrfx_clock.c.obj)
                0x0000000000007a38                nrfx_clock_start
 .text.nrfx_power_clock_irq_handler
                0x0000000000007b08       0xb0 modules/hal_nordic/nrfx/libmodules__hal_nordic__nrfx.a(nrfx_clock.c.obj)
                0x0000000000007b08                nrfx_power_clock_irq_handler
 .text.nrfx_dppi_channel_alloc
                0x0000000000007bb8        0xc modules/hal_nordic/nrfx/libmodules__hal_nordic__nrfx.a(nrfx_dppi.c.obj)
                0x0000000000007bb8                nrfx_dppi_channel_alloc
 .text.nrfx_dppi_channel_free
                0x0000000000007bc4       0x1c modules/hal_nordic/nrfx/libmodules__hal_nordic__nrfx.a(nrfx_dppi.c.obj)
                0x0000000000007bc4                nrfx_dppi_channel_free
 .text.nrf_gpio_pin_port_decode
                0x0000000000007be0       0x24 modules/hal_nordic/nrfx/libmodules__hal_nordic__nrfx.a(nrfx_gpiote.c.obj)
 .text.get_pin_idx
                0x0000000000007c04       0x14 modules/hal_nordic/nrfx/libmodules__hal_nordic__nrfx.a(nrfx_gpiote.c.obj)
 .text.call_handler.constprop.0
                0x0000000000007c18       0x40 modules/hal_nordic/nrfx/libmodules__hal_nordic__nrfx.a(nrfx_gpiote.c.obj)
 .text.pin_te_get.constprop.0
                0x0000000000007c58       0x18 modules/hal_nordic/nrfx/libmodules__hal_nordic__nrfx.a(nrfx_gpiote.c.obj)
 .text.pin_is_output.constprop.0
                0x0000000000007c70       0x18 modules/hal_nordic/nrfx/libmodules__hal_nordic__nrfx.a(nrfx_gpiote.c.obj)
 .text.pin_in_use_by_te.constprop.0
                0x0000000000007c88       0x18 modules/hal_nordic/nrfx/libmodules__hal_nordic__nrfx.a(nrfx_gpiote.c.obj)
 .text.latch_pending_read_and_check
                0x0000000000007ca0       0x3c modules/hal_nordic/nrfx/libmodules__hal_nordic__nrfx.a(nrfx_gpiote.c.obj)
 .text.release_handler.isra.0
                0x0000000000007cdc       0x58 modules/hal_nordic/nrfx/libmodules__hal_nordic__nrfx.a(nrfx_gpiote.c.obj)
 .text.__nrfy_internal_gpiote_events_process.constprop.0
                0x0000000000007d34       0x5c modules/hal_nordic/nrfx/libmodules__hal_nordic__nrfx.a(nrfx_gpiote.c.obj)
 .text.pin_uninit
                0x0000000000007d90       0x84 modules/hal_nordic/nrfx/libmodules__hal_nordic__nrfx.a(nrfx_gpiote.c.obj)
 .text.nrfx_gpiote_input_configure
                0x0000000000007e14      0x178 modules/hal_nordic/nrfx/libmodules__hal_nordic__nrfx.a(nrfx_gpiote.c.obj)
                0x0000000000007e14                nrfx_gpiote_input_configure
 .text.nrfx_gpiote_output_configure
                0x0000000000007f8c      0x104 modules/hal_nordic/nrfx/libmodules__hal_nordic__nrfx.a(nrfx_gpiote.c.obj)
                0x0000000000007f8c                nrfx_gpiote_output_configure
 .text.nrfx_gpiote_global_callback_set
                0x0000000000008090        0xc modules/hal_nordic/nrfx/libmodules__hal_nordic__nrfx.a(nrfx_gpiote.c.obj)
                0x0000000000008090                nrfx_gpiote_global_callback_set
 .text.nrfx_gpiote_channel_get
                0x000000000000809c       0x34 modules/hal_nordic/nrfx/libmodules__hal_nordic__nrfx.a(nrfx_gpiote.c.obj)
                0x000000000000809c                nrfx_gpiote_channel_get
 .text.nrfx_gpiote_init
                0x00000000000080d0       0x6c modules/hal_nordic/nrfx/libmodules__hal_nordic__nrfx.a(nrfx_gpiote.c.obj)
                0x00000000000080d0                nrfx_gpiote_init
 .text.nrfx_gpiote_init_check
                0x000000000000813c       0x14 modules/hal_nordic/nrfx/libmodules__hal_nordic__nrfx.a(nrfx_gpiote.c.obj)
                0x000000000000813c                nrfx_gpiote_init_check
 .text.nrfx_gpiote_channel_free
                0x0000000000008150        0xc modules/hal_nordic/nrfx/libmodules__hal_nordic__nrfx.a(nrfx_gpiote.c.obj)
                0x0000000000008150                nrfx_gpiote_channel_free
 .text.nrfx_gpiote_channel_alloc
                0x000000000000815c        0xc modules/hal_nordic/nrfx/libmodules__hal_nordic__nrfx.a(nrfx_gpiote.c.obj)
                0x000000000000815c                nrfx_gpiote_channel_alloc
 .text.nrfx_gpiote_trigger_enable
                0x0000000000008168       0x98 modules/hal_nordic/nrfx/libmodules__hal_nordic__nrfx.a(nrfx_gpiote.c.obj)
                0x0000000000008168                nrfx_gpiote_trigger_enable
 .text.nrfx_gpiote_0_irq_handler
                0x0000000000008200      0x1b8 modules/hal_nordic/nrfx/libmodules__hal_nordic__nrfx.a(nrfx_gpiote.c.obj)
                0x0000000000008200                nrfx_gpiote_0_irq_handler
 .text.nrfx_ipc_init
                0x00000000000083b8       0x30 modules/hal_nordic/nrfx/libmodules__hal_nordic__nrfx.a(nrfx_ipc.c.obj)
                0x00000000000083b8                nrfx_ipc_init
 .text.nrfx_ipc_config_load
                0x00000000000083e8       0x40 modules/hal_nordic/nrfx/libmodules__hal_nordic__nrfx.a(nrfx_ipc.c.obj)
                0x00000000000083e8                nrfx_ipc_config_load
 .text.nrfx_ipc_receive_event_enable
                0x0000000000008428       0x10 modules/hal_nordic/nrfx/libmodules__hal_nordic__nrfx.a(nrfx_ipc.c.obj)
                0x0000000000008428                nrfx_ipc_receive_event_enable
 .text.nrfx_ipc_receive_event_disable
                0x0000000000008438       0x10 modules/hal_nordic/nrfx/libmodules__hal_nordic__nrfx.a(nrfx_ipc.c.obj)
                0x0000000000008438                nrfx_ipc_receive_event_disable
 .text.nrfx_ipc_irq_handler
                0x0000000000008448       0x40 modules/hal_nordic/nrfx/libmodules__hal_nordic__nrfx.a(nrfx_ipc.c.obj)
                0x0000000000008448                nrfx_ipc_irq_handler
 .text.metal_generic_dev_open
                0x0000000000008488       0x40 modules/libmetal/libmetal/lib/libmetal.a(device.c.obj)
                0x0000000000008488                metal_generic_dev_open
 .text.metal_bus_unregister
                0x00000000000084c8       0x3c modules/libmetal/libmetal/lib/libmetal.a(device.c.obj)
                0x00000000000084c8                metal_bus_unregister
 .text.metal_bus_find
                0x0000000000008504       0x3c modules/libmetal/libmetal/lib/libmetal.a(device.c.obj)
                0x0000000000008504                metal_bus_find
 .text.metal_bus_register
                0x0000000000008540       0x5c modules/libmetal/libmetal/lib/libmetal.a(device.c.obj)
                0x0000000000008540                metal_bus_register
 .text.metal_register_generic_device
                0x000000000000859c       0x3c modules/libmetal/libmetal/lib/libmetal.a(device.c.obj)
                0x000000000000859c                metal_register_generic_device
 .text.metal_init
                0x00000000000085d8       0x40 modules/libmetal/libmetal/lib/libmetal.a(init.c.obj)
                0x00000000000085d8                metal_init
 .text.metal_finish
                0x0000000000008618       0x18 modules/libmetal/libmetal/lib/libmetal.a(init.c.obj)
                0x0000000000008618                metal_finish
 .text.metal_sys_init
                0x0000000000008630       0x10 modules/libmetal/libmetal/lib/libmetal.a(init.c.obj)
                0x0000000000008630                metal_sys_init
 .text.metal_sys_finish
                0x0000000000008640        0xc modules/libmetal/libmetal/lib/libmetal.a(init.c.obj)
                0x0000000000008640                metal_sys_finish
 .text.metal_zephyr_log_handler
                0x000000000000864c       0x3c modules/libmetal/libmetal/lib/libmetal.a(log.c.obj)
                0x000000000000864c                metal_zephyr_log_handler
 .text.virtio_create_virtqueues
                0x0000000000008688       0xbc modules/open-amp/open-amp/lib/libopen_amp.a(virtio.c.obj)
                0x0000000000008688                virtio_create_virtqueues
 .text.virtqueue_free
                0x0000000000008744       0x38 modules/open-amp/open-amp/lib/libopen_amp.a(virtqueue.c.obj)
                0x0000000000008744                virtqueue_free
 .text.virtqueue_add_consumed_buffer
                0x000000000000877c       0x38 modules/open-amp/open-amp/lib/libopen_amp.a(virtqueue.c.obj)
                0x000000000000877c                virtqueue_add_consumed_buffer
 .text.rpmsg_send_offchannel_raw
                0x00000000000087b4       0x2c modules/open-amp/open-amp/lib/libopen_amp.a(rpmsg.c.obj)
                0x00000000000087b4                rpmsg_send_offchannel_raw
 .text.rpmsg_send_offchannel_nocopy
                0x00000000000087e0       0x2c modules/open-amp/open-amp/lib/libopen_amp.a(rpmsg.c.obj)
                0x00000000000087e0                rpmsg_send_offchannel_nocopy
 .text.rpmsg_register_endpoint
                0x000000000000880c       0x40 modules/open-amp/open-amp/lib/libopen_amp.a(rpmsg.c.obj)
                0x000000000000880c                rpmsg_register_endpoint
 .text.rpmsg_create_ept
                0x000000000000884c      0x100 modules/open-amp/open-amp/lib/libopen_amp.a(rpmsg.c.obj)
                0x000000000000884c                rpmsg_create_ept
 .text.rpmsg_virtio_send_offchannel_raw
                0x000000000000894c       0x5c modules/open-amp/open-amp/lib/libopen_amp.a(rpmsg_virtio.c.obj)
 .text.rpmsg_virtio_get_buffer_size
                0x00000000000089a8       0x4c modules/open-amp/open-amp/lib/libopen_amp.a(rpmsg_virtio.c.obj)
                0x00000000000089a8                rpmsg_virtio_get_buffer_size
 .text.rpmsg_init_vdev_with_config
                0x00000000000089f4      0x258 modules/open-amp/open-amp/lib/libopen_amp.a(rpmsg_virtio.c.obj)
                0x00000000000089f4                rpmsg_init_vdev_with_config
 .text.rpmsg_init_vdev
                0x0000000000008c4c       0x2c modules/open-amp/open-amp/lib/libopen_amp.a(rpmsg_virtio.c.obj)
                0x0000000000008c4c                rpmsg_init_vdev
 .text.z_impl_device_get_binding
                0x0000000000008c78       0x54 zephyr/kernel/libkernel.a(device.c.obj)
                0x0000000000008c78                z_impl_device_get_binding
 .text.z_fatal_error
                0x0000000000008ccc       0xec zephyr/kernel/libkernel.a(fatal.c.obj)
                0x0000000000008ccc                z_fatal_error
 .text.z_sys_init_run_level
                0x0000000000008db8       0x48 zephyr/kernel/libkernel.a(init.c.obj)
 .text.bg_thread_main
                0x0000000000008e00       0x34 zephyr/kernel/libkernel.a(init.c.obj)
 .text.z_bss_zero
                0x0000000000008e34       0x18 zephyr/kernel/libkernel.a(init.c.obj)
                0x0000000000008e34                z_bss_zero
 .text.z_init_cpu
                0x0000000000008e4c       0x7c zephyr/kernel/libkernel.a(init.c.obj)
                0x0000000000008e4c                z_init_cpu
 .text.z_cstart
                0x0000000000008ec8       0xe4 zephyr/kernel/libkernel.a(init.c.obj)
                0x0000000000008ec8                z_cstart
 .text.statics_init
                0x0000000000008fac       0x24 zephyr/kernel/libkernel.a(kheap.c.obj)
 .text.init_mem_slab_obj_core_list
                0x0000000000008fd0       0x24 zephyr/kernel/libkernel.a(mem_slab.c.obj)
 .text.k_mem_slab_alloc
                0x0000000000008ff4       0x5c zephyr/kernel/libkernel.a(mem_slab.c.obj)
                0x0000000000008ff4                k_mem_slab_alloc
 .text.z_setup_new_thread
                0x0000000000009050       0x7c zephyr/kernel/libkernel.a(thread.c.obj)
                0x0000000000009050                z_setup_new_thread
 .text.z_impl_k_thread_create
                0x00000000000090cc       0x58 zephyr/kernel/libkernel.a(thread.c.obj)
                0x00000000000090cc                z_impl_k_thread_create
 .text.z_init_static_threads
                0x0000000000009124       0x98 zephyr/kernel/libkernel.a(thread.c.obj)
                0x0000000000009124                z_init_static_threads
 .text.z_impl_k_mutex_unlock
                0x00000000000091bc       0x78 zephyr/kernel/libkernel.a(mutex.c.obj)
                0x00000000000091bc                z_impl_k_mutex_unlock
 .text.z_impl_k_mutex_lock
                0x0000000000009234       0xf4 zephyr/kernel/libkernel.a(mutex.c.obj)
                0x0000000000009234                z_impl_k_mutex_lock
 .text.z_impl_k_queue_get
                0x0000000000009328       0x68 zephyr/kernel/libkernel.a(queue.c.obj)
                0x0000000000009328                z_impl_k_queue_get
 .text.z_impl_k_sem_give
                0x0000000000009390       0x4c zephyr/kernel/libkernel.a(sem.c.obj)
                0x0000000000009390                z_impl_k_sem_give
 .text.z_impl_k_sem_take
                0x00000000000093dc       0x50 zephyr/kernel/libkernel.a(sem.c.obj)
                0x00000000000093dc                z_impl_k_sem_take
 .text.work_queue_main
                0x000000000000942c      0x138 zephyr/kernel/libkernel.a(work.c.obj)
 .text.submit_to_queue_locked
                0x0000000000009564       0xb4 zephyr/kernel/libkernel.a(work.c.obj)
 .text.work_flush_locked
                0x0000000000009618       0x84 zephyr/kernel/libkernel.a(work.c.obj)
 .text.k_work_submit
                0x000000000000969c        0xc zephyr/kernel/libkernel.a(work.c.obj)
                0x000000000000969c                k_work_submit
 .text.k_work_queue_start
                0x00000000000096a8       0x70 zephyr/kernel/libkernel.a(work.c.obj)
                0x00000000000096a8                k_work_queue_start
 .text.k_work_queue_drain
                0x0000000000009718       0x7c zephyr/kernel/libkernel.a(work.c.obj)
                0x0000000000009718                k_work_queue_drain
 .text.sliceable
                0x0000000000009794       0x3c zephyr/kernel/libkernel.a(sched.c.obj)
 .text.slice_timeout
                0x00000000000097d0       0x20 zephyr/kernel/libkernel.a(sched.c.obj)
 .text.z_reset_time_slice
                0x00000000000097f0       0x50 zephyr/kernel/libkernel.a(sched.c.obj)
                0x00000000000097f0                z_reset_time_slice
 .text.update_cache
                0x0000000000009840       0x3c zephyr/kernel/libkernel.a(sched.c.obj)
 .text.move_thread_to_end_of_prio_q
                0x000000000000987c       0x74 zephyr/kernel/libkernel.a(sched.c.obj)
 .text.ready_thread
                0x00000000000098f0       0x68 zephyr/kernel/libkernel.a(sched.c.obj)
 .text.unready_thread
                0x0000000000009958       0x30 zephyr/kernel/libkernel.a(sched.c.obj)
 .text.pend_locked
                0x0000000000009988       0x30 zephyr/kernel/libkernel.a(sched.c.obj)
 .text.z_thread_halt
                0x00000000000099b8       0xa0 zephyr/kernel/libkernel.a(sched.c.obj)
 .text.z_time_slice
                0x0000000000009a58       0x60 zephyr/kernel/libkernel.a(sched.c.obj)
                0x0000000000009a58                z_time_slice
 .text.z_pend_curr
                0x0000000000009ab8       0x3c zephyr/kernel/libkernel.a(sched.c.obj)
                0x0000000000009ab8                z_pend_curr
 .text.z_set_prio
                0x0000000000009af4       0x8c zephyr/kernel/libkernel.a(sched.c.obj)
                0x0000000000009af4                z_set_prio
 .text.z_reschedule
                0x0000000000009b80       0x24 zephyr/kernel/libkernel.a(sched.c.obj)
                0x0000000000009b80                z_reschedule
 .text.z_sched_start
                0x0000000000009ba4       0x3c zephyr/kernel/libkernel.a(sched.c.obj)
                0x0000000000009ba4                z_sched_start
 .text.k_sched_lock
                0x0000000000009be0       0x28 zephyr/kernel/libkernel.a(sched.c.obj)
                0x0000000000009be0                k_sched_lock
 .text.k_sched_unlock
                0x0000000000009c08       0x38 zephyr/kernel/libkernel.a(sched.c.obj)
                0x0000000000009c08                k_sched_unlock
 .text.z_sched_init
                0x0000000000009c40       0x10 zephyr/kernel/libkernel.a(sched.c.obj)
                0x0000000000009c40                z_sched_init
 .text.z_impl_k_yield
                0x0000000000009c50       0x7c zephyr/kernel/libkernel.a(sched.c.obj)
                0x0000000000009c50                z_impl_k_yield
 .text.z_tick_sleep
                0x0000000000009ccc       0x88 zephyr/kernel/libkernel.a(sched.c.obj)
 .text.z_impl_k_sleep
                0x0000000000009d54       0x34 zephyr/kernel/libkernel.a(sched.c.obj)
                0x0000000000009d54                z_impl_k_sleep
 .text.z_impl_k_sched_current_thread_query
                0x0000000000009d88        0xc zephyr/kernel/libkernel.a(sched.c.obj)
                0x0000000000009d88                z_impl_k_sched_current_thread_query
 .text.z_sched_wait
                0x0000000000009d94       0x24 zephyr/kernel/libkernel.a(sched.c.obj)
                0x0000000000009d94                z_sched_wait
 .text.z_data_copy
                0x0000000000009db8       0x34 zephyr/kernel/libkernel.a(xip.c.obj)
                0x0000000000009db8                z_data_copy
 .text.elapsed  0x0000000000009dec       0x14 zephyr/kernel/libkernel.a(timeout.c.obj)
 .text.next_timeout
                0x0000000000009e00       0x40 zephyr/kernel/libkernel.a(timeout.c.obj)
 .text.remove_timeout
                0x0000000000009e40       0x38 zephyr/kernel/libkernel.a(timeout.c.obj)
 .text.z_add_timeout
                0x0000000000009e78       0xec zephyr/kernel/libkernel.a(timeout.c.obj)
                0x0000000000009e78                z_add_timeout
 .text.sys_clock_announce
                0x0000000000009f64       0xd4 zephyr/kernel/libkernel.a(timeout.c.obj)
                0x0000000000009f64                sys_clock_announce
 .text.sys_clock_tick_get
                0x000000000000a038       0x34 zephyr/kernel/libkernel.a(timeout.c.obj)
                0x000000000000a038                sys_clock_tick_get
 .text.z_timer_expiration_handler
                0x000000000000a06c       0xe4 zephyr/kernel/libkernel.a(timer.c.obj)
                0x000000000000a06c                z_timer_expiration_handler
 .text.z_impl_k_timer_start
                0x000000000000a150       0x74 zephyr/kernel/libkernel.a(timer.c.obj)
                0x000000000000a150                z_impl_k_timer_start
 .text.z_impl_k_poll_signal_raise
                0x000000000000a1c4       0x50 zephyr/kernel/libkernel.a(poll.c.obj)
                0x000000000000a1c4                z_impl_k_poll_signal_raise
 .text.k_aligned_alloc
                0x000000000000a214       0x10 zephyr/kernel/libkernel.a(mempool.c.obj)
                0x000000000000a214                k_aligned_alloc
 .text.k_thread_system_pool_assign
                0x000000000000a224        0xc zephyr/kernel/libkernel.a(mempool.c.obj)
                0x000000000000a224                k_thread_system_pool_assign
 .text.z_thread_aligned_alloc
                0x000000000000a230       0x30 zephyr/kernel/libkernel.a(mempool.c.obj)
                0x000000000000a230                z_thread_aligned_alloc
 .text.boot_banner
                0x000000000000a260        0xc zephyr/kernel/libkernel.a(banner.c.obj)
                0x000000000000a260                boot_banner
 .text.k_sys_work_q_init
                0x000000000000a26c       0x34 zephyr/kernel/libkernel.a(system_work_q.c.obj)
 .text.nrf_cc3xx_platform_init_no_rng
                0x000000000000a2a0       0x38 /opt/nordic/ncs/v2.6.0/nrfxlib/crypto/nrf_cc312_platform/lib/cortex-m33/soft-float/no-interrupts/libnrf_cc312_platform_0.9.19.a(nrf_cc3xx_platform.c.obj)
                0x000000000000a2a0                nrf_cc3xx_platform_init_no_rng
 .text.nrf_cc3xx_platform_abort
                0x000000000000a2d8       0x24 /opt/nordic/ncs/v2.6.0/nrfxlib/crypto/nrf_cc312_platform/lib/cortex-m33/soft-float/no-interrupts/libnrf_cc312_platform_0.9.19.a(nrf_cc3xx_platform_abort.c.obj)
 .text.CC_PalAbort
                0x000000000000a2fc       0x44 /opt/nordic/ncs/v2.6.0/nrfxlib/crypto/nrf_cc312_platform/lib/cortex-m33/soft-float/no-interrupts/libnrf_cc312_platform_0.9.19.a(nrf_cc3xx_platform_abort.c.obj)
                0x000000000000a2fc                CC_PalAbort
 .text.nrf_cc3xx_platform_set_abort
                0x000000000000a340       0x10 /opt/nordic/ncs/v2.6.0/nrfxlib/crypto/nrf_cc312_platform/lib/cortex-m33/soft-float/no-interrupts/libnrf_cc312_platform_0.9.19.a(nrf_cc3xx_platform_abort.c.obj)
                0x000000000000a340                nrf_cc3xx_platform_set_abort
 .text.mutex_free
                0x000000000000a350       0x34 /opt/nordic/ncs/v2.6.0/nrfxlib/crypto/nrf_cc312_platform/lib/cortex-m33/soft-float/no-interrupts/libnrf_cc312_platform_0.9.19.a(nrf_cc3xx_platform_mutex.c.obj)
 .text.mutex_lock
                0x000000000000a384       0x48 /opt/nordic/ncs/v2.6.0/nrfxlib/crypto/nrf_cc312_platform/lib/cortex-m33/soft-float/no-interrupts/libnrf_cc312_platform_0.9.19.a(nrf_cc3xx_platform_mutex.c.obj)
 .text.mutex_unlock
                0x000000000000a3cc       0x38 /opt/nordic/ncs/v2.6.0/nrfxlib/crypto/nrf_cc312_platform/lib/cortex-m33/soft-float/no-interrupts/libnrf_cc312_platform_0.9.19.a(nrf_cc3xx_platform_mutex.c.obj)
 .text.mutex_init
                0x000000000000a404       0x20 /opt/nordic/ncs/v2.6.0/nrfxlib/crypto/nrf_cc312_platform/lib/cortex-m33/soft-float/no-interrupts/libnrf_cc312_platform_0.9.19.a(nrf_cc3xx_platform_mutex.c.obj)
 .text.nrf_cc3xx_platform_set_mutexes
                0x000000000000a424       0x78 /opt/nordic/ncs/v2.6.0/nrfxlib/crypto/nrf_cc312_platform/lib/cortex-m33/soft-float/no-interrupts/libnrf_cc312_platform_0.9.19.a(nrf_cc3xx_platform_mutex.c.obj)
                0x000000000000a424                nrf_cc3xx_platform_set_mutexes
 .text.CC_LibInitNoRng
                0x000000000000a49c       0x28 /opt/nordic/ncs/v2.6.0/nrfxlib/crypto/nrf_cc312_platform/lib/cortex-m33/soft-float/no-interrupts/libnrf_cc312_platform_0.9.19.a(cc_lib.c.obj)
                0x000000000000a49c                CC_LibInitNoRng
 .text.CC_HalInit
                0x000000000000a4c4        0x4 /opt/nordic/ncs/v2.6.0/nrfxlib/crypto/nrf_cc312_platform/lib/cortex-m33/soft-float/no-interrupts/libnrf_cc312_platform_0.9.19.a(cc_hal.c.obj)
                0x000000000000a4c4                CC_HalInit
 .text.CC_PalInit
                0x000000000000a4c8       0x5c /opt/nordic/ncs/v2.6.0/nrfxlib/crypto/nrf_cc312_platform/lib/cortex-m33/soft-float/no-interrupts/libnrf_cc312_platform_0.9.19.a(cc_pal.c.obj)
                0x000000000000a4c8                CC_PalInit
 .text.CC_PalTerminate
                0x000000000000a524       0x34 /opt/nordic/ncs/v2.6.0/nrfxlib/crypto/nrf_cc312_platform/lib/cortex-m33/soft-float/no-interrupts/libnrf_cc312_platform_0.9.19.a(cc_pal.c.obj)
                0x000000000000a524                CC_PalTerminate
 .text.CC_PalDmaInit
                0x000000000000a558        0x4 /opt/nordic/ncs/v2.6.0/nrfxlib/crypto/nrf_cc312_platform/lib/cortex-m33/soft-float/no-interrupts/libnrf_cc312_platform_0.9.19.a(cc_pal_dma.c.obj)
                0x000000000000a558                CC_PalDmaInit
 .text.CC_PalDmaTerminate
                0x000000000000a55c        0x4 /opt/nordic/ncs/v2.6.0/nrfxlib/crypto/nrf_cc312_platform/lib/cortex-m33/soft-float/no-interrupts/libnrf_cc312_platform_0.9.19.a(cc_pal_dma.c.obj)
                0x000000000000a55c                CC_PalDmaTerminate
 .text.CC_PalMutexCreate
                0x000000000000a560       0x14 /opt/nordic/ncs/v2.6.0/nrfxlib/crypto/nrf_cc312_platform/lib/cortex-m33/soft-float/no-interrupts/libnrf_cc312_platform_0.9.19.a(cc_pal_mutex.c.obj)
                0x000000000000a560                CC_PalMutexCreate
 .text.CC_PalMutexDestroy
                0x000000000000a574       0x14 /opt/nordic/ncs/v2.6.0/nrfxlib/crypto/nrf_cc312_platform/lib/cortex-m33/soft-float/no-interrupts/libnrf_cc312_platform_0.9.19.a(cc_pal_mutex.c.obj)
                0x000000000000a574                CC_PalMutexDestroy
 .text.CC_PalPowerSaveModeInit
                0x000000000000a588       0x3c /opt/nordic/ncs/v2.6.0/nrfxlib/crypto/nrf_cc312_platform/lib/cortex-m33/soft-float/no-interrupts/libnrf_cc312_platform_0.9.19.a(cc_pal_pm.c.obj)
                0x000000000000a588                CC_PalPowerSaveModeInit
 .text.snprintf
                0x000000000000a5c4       0x58 /opt/nordic/ncs/toolchains/580e4ef81c/opt/zephyr-sdk/arm-zephyr-eabi/bin/../lib/gcc/../../picolibc/arm-zephyr-eabi/lib/thumb/v8-m.main/nofp/libc.a(libc_tinystdio_snprintf.c.o)
                0x000000000000a5c4                snprintf
 .text.__l_vfprintf
                0x000000000000a61c      0x4b4 /opt/nordic/ncs/toolchains/580e4ef81c/opt/zephyr-sdk/arm-zephyr-eabi/bin/../lib/gcc/../../picolibc/arm-zephyr-eabi/lib/thumb/v8-m.main/nofp/libc.a(libc_tinystdio_vflprintf.c.o)
                0x000000000000a61c                __l_vfprintf
 .text._OffsetAbsSyms
                0x000000000000aad0        0x2 zephyr/CMakeFiles/offsets.dir/./arch/arm/core/offsets/offsets.c.obj
                0x000000000000aad0                _OffsetAbsSyms
 .text.k_uptime_get
                0x000000000000aad2       0x1c app/libapp.a(main.c.obj)
 .text.gpio_pin_configure.constprop.0
                0x000000000000aaee       0x1c app/libapp.a(main.c.obj)
 .text.gpio_pin_set.isra.0
                0x000000000000ab0a       0x20 app/libapp.a(main.c.obj)
 .text.cbpprintf_external
                0x000000000000ab2a       0x62 zephyr/libzephyr.a(cbprintf_packaged.c.obj)
                0x000000000000ab2a                cbpprintf_external
 .text.is_ptr   0x000000000000ab8c       0x4a zephyr/libzephyr.a(cbprintf_packaged.c.obj)
                0x000000000000ab8c                is_ptr
 .text.arch_printk_char_out
                0x000000000000abd6        0x4 zephyr/libzephyr.a(printk.c.obj)
                0x000000000000abd6                arch_printk_char_out
 .text.printk   0x000000000000abda       0x1a zephyr/libzephyr.a(printk.c.obj)
                0x000000000000abda                printk
 .text.vprintk  0x000000000000abf4        0x4 zephyr/libzephyr.a(printk.c.obj)
                0x000000000000abf4                vprintk
 .text.chunk_field
                0x000000000000abf8       0x16 zephyr/libzephyr.a(heap.c.obj)
 .text.chunk_set
                0x000000000000ac0e       0x16 zephyr/libzephyr.a(heap.c.obj)
 .text.chunk_size
                0x000000000000ac24        0xc zephyr/libzephyr.a(heap.c.obj)
 .text.set_chunk_used
                0x000000000000ac30       0x30 zephyr/libzephyr.a(heap.c.obj)
 .text.set_chunk_size
                0x000000000000ac60        0x8 zephyr/libzephyr.a(heap.c.obj)
 .text.mem_to_chunkid
                0x000000000000ac68       0x14 zephyr/libzephyr.a(heap.c.obj)
 .text.bucket_idx.isra.0
                0x000000000000ac7c       0x1c zephyr/libzephyr.a(heap.c.obj)
 .text.free_list_remove_bidx
                0x000000000000ac98       0x5c zephyr/libzephyr.a(heap.c.obj)
 .text.free_list_remove
                0x000000000000acf4       0x2e zephyr/libzephyr.a(heap.c.obj)
 .text.alloc_chunk
                0x000000000000ad22       0x74 zephyr/libzephyr.a(heap.c.obj)
 .text.split_chunks
                0x000000000000ad96       0x4e zephyr/libzephyr.a(heap.c.obj)
 .text.merge_chunks
                0x000000000000ade4       0x3c zephyr/libzephyr.a(heap.c.obj)
 .text.free_list_add
                0x000000000000ae20       0x84 zephyr/libzephyr.a(heap.c.obj)
 .text.free_chunk
                0x000000000000aea4       0x84 zephyr/libzephyr.a(heap.c.obj)
 .text.sys_heap_free
                0x000000000000af28       0x24 zephyr/libzephyr.a(heap.c.obj)
                0x000000000000af28                sys_heap_free
 .text.sys_heap_alloc
                0x000000000000af4c       0x6e zephyr/libzephyr.a(heap.c.obj)
                0x000000000000af4c                sys_heap_alloc
 .text.sys_heap_aligned_alloc
                0x000000000000afba       0xe8 zephyr/libzephyr.a(heap.c.obj)
                0x000000000000afba                sys_heap_aligned_alloc
 .text.sys_heap_init
                0x000000000000b0a2       0xb0 zephyr/libzephyr.a(heap.c.obj)
                0x000000000000b0a2                sys_heap_init
 .text.process_recheck
                0x000000000000b152       0x38 zephyr/libzephyr.a(onoff.c.obj)
 .text.validate_args
                0x000000000000b18a       0x20 zephyr/libzephyr.a(onoff.c.obj)
 .text.notify_one
                0x000000000000b1aa       0x2c zephyr/libzephyr.a(onoff.c.obj)
 .text.transition_complete
                0x000000000000b1d6       0x1c zephyr/libzephyr.a(onoff.c.obj)
 .text.onoff_manager_init
                0x000000000000b1f2       0x26 zephyr/libzephyr.a(onoff.c.obj)
                0x000000000000b1f2                onoff_manager_init
 .text.onoff_request
                0x000000000000b218       0xb0 zephyr/libzephyr.a(onoff.c.obj)
                0x000000000000b218                onoff_request
 .text.sys_notify_validate
                0x000000000000b2c8       0x28 zephyr/libzephyr.a(notify.c.obj)
                0x000000000000b2c8                sys_notify_validate
 .text.sys_notify_finalize
                0x000000000000b2f0       0x32 zephyr/libzephyr.a(notify.c.obj)
                0x000000000000b2f0                sys_notify_finalize
 .text.assert_print
                0x000000000000b322       0x1a zephyr/libzephyr.a(assert.c.obj)
                0x000000000000b322                assert_print
 .text.free_space
                0x000000000000b33c       0x26 zephyr/libzephyr.a(mpsc_pbuf.c.obj)
 .text.get_usage
                0x000000000000b362       0x22 zephyr/libzephyr.a(mpsc_pbuf.c.obj)
 .text.idx_inc  0x000000000000b384       0x1c zephyr/libzephyr.a(mpsc_pbuf.c.obj)
 .text.rd_idx_inc
                0x000000000000b3a0       0x18 zephyr/libzephyr.a(mpsc_pbuf.c.obj)
 .text.add_skip_item
                0x000000000000b3b8       0x3e zephyr/libzephyr.a(mpsc_pbuf.c.obj)
 .text.drop_item_locked
                0x000000000000b3f6       0xee zephyr/libzephyr.a(mpsc_pbuf.c.obj)
 .text.post_drop_action
                0x000000000000b4e4       0x36 zephyr/libzephyr.a(mpsc_pbuf.c.obj)
 .text.max_utilization_update
                0x000000000000b51a       0x1a zephyr/libzephyr.a(mpsc_pbuf.c.obj)
 .text.mpsc_pbuf_init
                0x000000000000b534       0x42 zephyr/libzephyr.a(mpsc_pbuf.c.obj)
                0x000000000000b534                mpsc_pbuf_init
 .text.mpsc_pbuf_alloc
                0x000000000000b576       0xfc zephyr/libzephyr.a(mpsc_pbuf.c.obj)
                0x000000000000b576                mpsc_pbuf_alloc
 .text.mpsc_pbuf_commit
                0x000000000000b672       0x40 zephyr/libzephyr.a(mpsc_pbuf.c.obj)
                0x000000000000b672                mpsc_pbuf_commit
 .text.mpsc_pbuf_claim
                0x000000000000b6b2       0xa4 zephyr/libzephyr.a(mpsc_pbuf.c.obj)
                0x000000000000b6b2                mpsc_pbuf_claim
 .text.mpsc_pbuf_free
                0x000000000000b756       0x78 zephyr/libzephyr.a(mpsc_pbuf.c.obj)
                0x000000000000b756                mpsc_pbuf_free
 .text.mpsc_pbuf_is_pending
                0x000000000000b7ce       0x1a zephyr/libzephyr.a(mpsc_pbuf.c.obj)
                0x000000000000b7ce                mpsc_pbuf_is_pending
 .text._ConfigAbsSyms
                0x000000000000b7e8        0x2 zephyr/libzephyr.a(configs.c.obj)
                0x000000000000b7e8                _ConfigAbsSyms
 .text.z_log_msg_simple_create_0.constprop.0
                0x000000000000b7ea        0x8 zephyr/libzephyr.a(ipc_service.c.obj)
 .text.get_tx_buffer_size
                0x000000000000b7f2        0x8 zephyr/libzephyr.a(ipc_rpmsg_static_vrings.c.obj)
 .text.drop_tx_buffer
                0x000000000000b7fa        0x6 zephyr/libzephyr.a(ipc_rpmsg_static_vrings.c.obj)
 .text.release_rx_buffer
                0x000000000000b800       0x16 zephyr/libzephyr.a(ipc_rpmsg_static_vrings.c.obj)
 .text.hold_rx_buffer
                0x000000000000b816       0x16 zephyr/libzephyr.a(ipc_rpmsg_static_vrings.c.obj)
 .text.send_nocopy
                0x000000000000b82c       0x3a zephyr/libzephyr.a(ipc_rpmsg_static_vrings.c.obj)
 .text.get_tx_buffer
                0x000000000000b866       0x7c zephyr/libzephyr.a(ipc_rpmsg_static_vrings.c.obj)
 .text.rpmsg_service_unbind
                0x000000000000b8e2        0x4 zephyr/libzephyr.a(ipc_rpmsg_static_vrings.c.obj)
 .text.get_ept_slot_with_name
                0x000000000000b8e6       0x2c zephyr/libzephyr.a(ipc_rpmsg_static_vrings.c.obj)
 .text.mbox_callback
                0x000000000000b912        0xc zephyr/libzephyr.a(ipc_rpmsg_static_vrings.c.obj)
 .text.mbox_callback_process
                0x000000000000b91e       0x1a zephyr/libzephyr.a(ipc_rpmsg_static_vrings.c.obj)
 .text.virtio_notify_cb
                0x000000000000b938       0x14 zephyr/libzephyr.a(ipc_rpmsg_static_vrings.c.obj)
 .text.k_mutex_unlock.isra.0
                0x000000000000b94c        0x4 zephyr/libzephyr.a(ipc_rpmsg_static_vrings.c.obj)
 .text.atomic_set.isra.0
                0x000000000000b950        0xe zephyr/libzephyr.a(ipc_rpmsg_static_vrings.c.obj)
 .text.backend_init
                0x000000000000b95e       0x22 zephyr/libzephyr.a(ipc_rpmsg_static_vrings.c.obj)
 .text.ns_bind_cb
                0x000000000000b980       0x70 zephyr/libzephyr.a(ipc_rpmsg_static_vrings.c.obj)
 .text.shm_size
                0x000000000000b9f0       0x20 zephyr/libzephyr.a(ipc_rpmsg_static_vrings.c.obj)
 .text.close    0x000000000000ba10       0xb6 zephyr/libzephyr.a(ipc_rpmsg_static_vrings.c.obj)
 .text.ept_cb   0x000000000000bac6       0x2e zephyr/libzephyr.a(ipc_rpmsg_static_vrings.c.obj)
 .text.rpmsg_service_unbind
                0x000000000000baf4        0x4 zephyr/libzephyr.a(ipc_rpmsg.c.obj)
 .text.ipc_rpmsg_deinit
                0x000000000000baf8       0x28 zephyr/libzephyr.a(ipc_rpmsg.c.obj)
                0x000000000000baf8                ipc_rpmsg_deinit
 .text.ipc_virtio_notify
                0x000000000000bb20       0x10 zephyr/libzephyr.a(ipc_static_vrings.c.obj)
 .text.ipc_virtio_set_features
                0x000000000000bb30        0x2 zephyr/libzephyr.a(ipc_static_vrings.c.obj)
 .text.ipc_virtio_set_status
                0x000000000000bb32        0xc zephyr/libzephyr.a(ipc_static_vrings.c.obj)
 .text.ipc_virtio_get_features
                0x000000000000bb3e        0x4 zephyr/libzephyr.a(ipc_static_vrings.c.obj)
 .text.ipc_virtio_get_status
                0x000000000000bb42       0x14 zephyr/libzephyr.a(ipc_static_vrings.c.obj)
 .text.virtqueue_allocate
                0x000000000000bb56       0x1c zephyr/libzephyr.a(ipc_static_vrings.c.obj)
 .text.ipc_static_vrings_deinit
                0x000000000000bb72       0x60 zephyr/libzephyr.a(ipc_static_vrings.c.obj)
                0x000000000000bb72                ipc_static_vrings_deinit
 .text.log_msg_generic_get_wlen
                0x000000000000bbd2       0x20 zephyr/libzephyr.a(log_core.c.obj)
 .text.dummy_timestamp
                0x000000000000bbf2        0x4 zephyr/libzephyr.a(log_core.c.obj)
 .text.default_get_timestamp
                0x000000000000bbf6        0x4 zephyr/libzephyr.a(log_core.c.obj)
 .text.atomic_inc
                0x000000000000bbfa       0x12 zephyr/libzephyr.a(log_core.c.obj)
 .text.z_log_vprintk
                0x000000000000bc0c       0x1c zephyr/libzephyr.a(log_core.c.obj)
                0x000000000000bc0c                z_log_vprintk
 .text.z_log_notify_drop
                0x000000000000bc28        0x6 zephyr/libzephyr.a(log_core.c.obj)
 .text.z_log_get_tag
                0x000000000000bc2e        0x4 zephyr/libzephyr.a(log_core.c.obj)
                0x000000000000bc2e                z_log_get_tag
 .text.z_cbprintf_cpy
                0x000000000000bc32       0x2c zephyr/libzephyr.a(log_msg.c.obj)
 .text.z_log_msg_finalize
                0x000000000000bc5e       0x32 zephyr/libzephyr.a(log_msg.c.obj)
                0x000000000000bc5e                z_log_msg_finalize
 .text.z_log_msg_simple_create
                0x000000000000bc90       0x6e zephyr/libzephyr.a(log_msg.c.obj)
 .text.z_impl_z_log_msg_simple_create_0
                0x000000000000bcfe       0x12 zephyr/libzephyr.a(log_msg.c.obj)
                0x000000000000bcfe                z_impl_z_log_msg_simple_create_0
 .text.z_impl_z_log_msg_simple_create_1
                0x000000000000bd10       0x14 zephyr/libzephyr.a(log_msg.c.obj)
                0x000000000000bd10                z_impl_z_log_msg_simple_create_1
 .text.z_impl_z_log_msg_simple_create_2
                0x000000000000bd24       0x18 zephyr/libzephyr.a(log_msg.c.obj)
                0x000000000000bd24                z_impl_z_log_msg_simple_create_2
 .text.buffer_write
                0x000000000000bd3c       0x1a zephyr/libzephyr.a(log_output.c.obj)
 .text.log_output_flush
                0x000000000000bd56       0x1a zephyr/libzephyr.a(log_output.c.obj)
                0x000000000000bd56                log_output_flush
 .text.out_func
                0x000000000000bd70       0x2e zephyr/libzephyr.a(log_output.c.obj)
 .text.cr_out_func
                0x000000000000bd9e       0x1c zephyr/libzephyr.a(log_output.c.obj)
 .text.format_set
                0x000000000000bdba        0xc zephyr/libzephyr.a(log_backend_uart.c.obj)
 .text.log_backend_uart_init
                0x000000000000bdc6        0xc zephyr/libzephyr.a(log_backend_uart.c.obj)
 .text.panic    0x000000000000bdd2       0x10 zephyr/libzephyr.a(log_backend_uart.c.obj)
 .text.dropped  0x000000000000bde2        0xa zephyr/libzephyr.a(log_backend_uart.c.obj)
 .text.process  0x000000000000bdec       0x1e zephyr/libzephyr.a(log_backend_uart.c.obj)
 .text._copy    0x000000000000be0a       0x1a zephyr/libzephyr.a(utils.c.obj)
                0x000000000000be0a                _copy
 .text._set     0x000000000000be24        0x4 zephyr/libzephyr.a(utils.c.obj)
                0x000000000000be24                _set
 .text.tc_sha256_update
                0x000000000000be28       0x4c zephyr/libzephyr.a(sha256.c.obj)
                0x000000000000be28                tc_sha256_update
 .text.tc_sha256_final
                0x000000000000be74       0xba zephyr/libzephyr.a(sha256.c.obj)
                0x000000000000be74                tc_sha256_final
 .text.rekey    0x000000000000bf2e       0x4c zephyr/libzephyr.a(hmac.c.obj)
 .text.tc_hmac_set_key
                0x000000000000bf7a       0x68 zephyr/libzephyr.a(hmac.c.obj)
                0x000000000000bf7a                tc_hmac_set_key
 .text.tc_hmac_init
                0x000000000000bfe2       0x1a zephyr/libzephyr.a(hmac.c.obj)
                0x000000000000bfe2                tc_hmac_init
 .text.tc_hmac_update
                0x000000000000bffc        0xc zephyr/libzephyr.a(hmac.c.obj)
                0x000000000000bffc                tc_hmac_update
 .text.tc_hmac_final
                0x000000000000c008       0x50 zephyr/libzephyr.a(hmac.c.obj)
                0x000000000000c008                tc_hmac_final
 .text.update   0x000000000000c058      0x122 zephyr/libzephyr.a(hmac_prng.c.obj)
 .text.tc_hmac_prng_init
                0x000000000000c17a       0x40 zephyr/libzephyr.a(hmac_prng.c.obj)
                0x000000000000c17a                tc_hmac_prng_init
 .text.tc_hmac_prng_reseed
                0x000000000000c1ba       0x32 zephyr/libzephyr.a(hmac_prng.c.obj)
                0x000000000000c1ba                tc_hmac_prng_reseed
 .text.tc_hmac_prng_generate
                0x000000000000c1ec       0x8e zephyr/libzephyr.a(hmac_prng.c.obj)
                0x000000000000c1ec                tc_hmac_prng_generate
 .text.abort_function
                0x000000000000c27a        0x8 zephyr/libzephyr.a(nrf_cc3xx_platform_abort_zephyr.c.obj)
 .text.z_do_kernel_oops
                0x000000000000c282        0x8 zephyr/arch/arch/arm/core/libarch__arm__core.a(fatal.c.obj)
                0x000000000000c282                z_do_kernel_oops
 .text.z_arm_nmi
                0x000000000000c28a        0xe zephyr/arch/arch/arm/core/libarch__arm__core.a(nmi.c.obj)
                0x000000000000c28a                z_arm_nmi
 .text.z_log_msg_simple_create_0.constprop.0
                0x000000000000c298        0x8 zephyr/arch/arch/arm/core/cortex_m/libarch__arm__core__cortex_m.a(fault.c.obj)
 .text.z_irq_spurious
                0x000000000000c2a0        0x8 zephyr/arch/arch/arm/core/cortex_m/libarch__arm__core__cortex_m.a(irq_manage.c.obj)
                0x000000000000c2a0                z_irq_spurious
 .text.configure_builtin_stack_guard
                0x000000000000c2a8        0x8 zephyr/arch/arch/arm/core/cortex_m/libarch__arm__core__cortex_m.a(thread.c.obj)
                0x000000000000c2a8                configure_builtin_stack_guard
 .text.arm_cmse_mpu_region_get
                0x000000000000c2b0       0x12 zephyr/arch/arch/arm/core/cortex_m/cmse/libarch__arm__core__cortex_m__cmse.a(arm_core_cmse.c.obj)
                0x000000000000c2b0                arm_cmse_mpu_region_get
 .text.mpu_configure_region
                0x000000000000c2c2       0x32 zephyr/arch/arch/arm/core/mpu/libarch__arm__core__mpu.a(arm_mpu.c.obj)
 .text.cbputc   0x000000000000c2f4        0xc zephyr/lib/libc/picolibc/liblib__libc__picolibc.a(libc-hooks.c.obj)
 .text.picolibc_put
                0x000000000000c300        0xa zephyr/lib/libc/picolibc/liblib__libc__picolibc.a(libc-hooks.c.obj)
 .text.bt_addr_le_create_static
                0x000000000000c30a       0x1c zephyr/subsys/bluetooth/host/libsubsys__bluetooth__host.a(addr.c.obj)
                0x000000000000c30a                bt_addr_le_create_static
 .text.hci_vendor_event
                0x000000000000c326        0x2 zephyr/subsys/bluetooth/host/libsubsys__bluetooth__host.a(hci_core.c.obj)
 .text.z_log_msg_simple_create_1
                0x000000000000c328        0x4 zephyr/subsys/bluetooth/host/libsubsys__bluetooth__host.a(hci_core.c.obj)
 .text.bt_addr_le_eq
                0x000000000000c32c       0x10 zephyr/subsys/bluetooth/host/libsubsys__bluetooth__host.a(id.c.obj)
 .text.z_log_msg_simple_create_0
                0x000000000000c33c        0x4 zephyr/subsys/bluetooth/host/libsubsys__bluetooth__host.a(id.c.obj)
 .text.bt_addr_copy
                0x000000000000c340        0xa zephyr/subsys/bluetooth/host/libsubsys__bluetooth__host.a(id.c.obj)
 .text.bt_addr_le_copy