Archive member included to satisfy reference by file (symbol)

app/libapp.a(main.c.obj)      (--whole-archive)
zephyr/libzephyr.a(cbprintf_packaged.c.obj)
                              (--whole-archive)
zephyr/libzephyr.a(dec.c.obj)
                              (--whole-archive)
zephyr/libzephyr.a(hex.c.obj)
                              (--whole-archive)
zephyr/libzephyr.a(printk.c.obj)
                              (--whole-archive)
zephyr/libzephyr.a(rb.c.obj)  (--whole-archive)
zephyr/libzephyr.a(sem.c.obj)
                              (--whole-archive)
zephyr/libzephyr.a(thread_entry.c.obj)
                              (--whole-archive)
zephyr/libzephyr.a(timeutil.c.obj)
                              (--whole-archive)
zephyr/libzephyr.a(heap.c.obj)
                              (--whole-archive)
zephyr/libzephyr.a(heap-validate.c.obj)
                              (--whole-archive)
zephyr/libzephyr.a(bitarray.c.obj)
                              (--whole-archive)
zephyr/libzephyr.a(multi_heap.c.obj)
                              (--whole-archive)
zephyr/libzephyr.a(onoff.c.obj)
                              (--whole-archive)
zephyr/libzephyr.a(notify.c.obj)
                              (--whole-archive)
zephyr/libzephyr.a(cbprintf_complete.c.obj)
                              (--whole-archive)
zephyr/libzephyr.a(assert.c.obj)
                              (--whole-archive)
zephyr/libzephyr.a(reboot.c.obj)
                              (--whole-archive)
zephyr/libzephyr.a(configs.c.obj)
                              (--whole-archive)
zephyr/libzephyr.a(ipc_service.c.obj)
                              (--whole-archive)
zephyr/libzephyr.a(ipc_rpmsg_static_vrings.c.obj)
                              (--whole-archive)
zephyr/libzephyr.a(ipc_rpmsg.c.obj)
                              (--whole-archive)
zephyr/libzephyr.a(ipc_static_vrings.c.obj)
                              (--whole-archive)
zephyr/libzephyr.a(mem_attr.c.obj)
                              (--whole-archive)
zephyr/libzephyr.a(tracing_none.c.obj)
                              (--whole-archive)
zephyr/libzephyr.a(addr_utils.c.obj)
                              (--whole-archive)
zephyr/libzephyr.a(flash_map_partition_manager.c.obj)
                              (--whole-archive)
zephyr/libzephyr.a(utils.c.obj)
                              (--whole-archive)
zephyr/libzephyr.a(aes_decrypt.c.obj)
                              (--whole-archive)
zephyr/libzephyr.a(aes_encrypt.c.obj)
                              (--whole-archive)
zephyr/libzephyr.a(sha256.c.obj)
                              (--whole-archive)
zephyr/libzephyr.a(hmac.c.obj)
                              (--whole-archive)
zephyr/libzephyr.a(hmac_prng.c.obj)
                              (--whole-archive)
zephyr/libzephyr.a(nrf_cc3xx_platform_abort_zephyr.c.obj)
                              (--whole-archive)
zephyr/libzephyr.a(nrf_cc3xx_platform_mutex_zephyr.c.obj)
                              (--whole-archive)
zephyr/arch/common/libarch__common.a(sw_isr_common.c.obj)
                              (--whole-archive)
zephyr/arch/arch/arm/core/libarch__arm__core.a(fatal.c.obj)
                              (--whole-archive)
zephyr/arch/arch/arm/core/libarch__arm__core.a(nmi.c.obj)
                              (--whole-archive)
zephyr/arch/arch/arm/core/libarch__arm__core.a(nmi_on_reset.S.obj)
                              (--whole-archive)
zephyr/arch/arch/arm/core/libarch__arm__core.a(tls.c.obj)
                              (--whole-archive)
zephyr/arch/arch/arm/core/cortex_m/libarch__arm__core__cortex_m.a(exc_exit.S.obj)
                              (--whole-archive)
zephyr/arch/arch/arm/core/cortex_m/libarch__arm__core__cortex_m.a(fault.c.obj)
                              (--whole-archive)
zephyr/arch/arch/arm/core/cortex_m/libarch__arm__core__cortex_m.a(fault_s.S.obj)
                              (--whole-archive)
zephyr/arch/arch/arm/core/cortex_m/libarch__arm__core__cortex_m.a(fpu.c.obj)
                              (--whole-archive)
zephyr/arch/arch/arm/core/cortex_m/libarch__arm__core__cortex_m.a(reset.S.obj)
                              (--whole-archive)
zephyr/arch/arch/arm/core/cortex_m/libarch__arm__core__cortex_m.a(scb.c.obj)
                              (--whole-archive)
zephyr/arch/arch/arm/core/cortex_m/libarch__arm__core__cortex_m.a(thread_abort.c.obj)
                              (--whole-archive)
zephyr/arch/arch/arm/core/cortex_m/libarch__arm__core__cortex_m.a(vector_table.S.obj)
                              (--whole-archive)
zephyr/arch/arch/arm/core/cortex_m/libarch__arm__core__cortex_m.a(swap.c.obj)
                              (--whole-archive)
zephyr/arch/arch/arm/core/cortex_m/libarch__arm__core__cortex_m.a(swap_helper.S.obj)
                              (--whole-archive)
zephyr/arch/arch/arm/core/cortex_m/libarch__arm__core__cortex_m.a(irq_manage.c.obj)
                              (--whole-archive)
[...]
Memory Configuration

Name             Origin             Length             Attributes
FLASH            0x0000000000000000 0x0000000000100000 xr
RAM              0x0000000020000000 0x0000000000070000 xw
IDT_LIST         0x00000000ffff7fff 0x0000000000008000 xw
*default*        0x0000000000000000 0xffffffffffffffff

Linker script and memory map

                0x00000000000071b0                vfprintf = __l_vfprintf
                0x0000000000000000                vfscanf = __l_vfscanf
LOAD zephyr/CMakeFiles/zephyr_final.dir/misc/empty_file.c.obj
LOAD zephyr/CMakeFiles/zephyr_final.dir/isr_tables.c.obj
LOAD zephyr/CMakeFiles/offsets.dir/./arch/arm/core/offsets/offsets.c.obj
LOAD app/libapp.a
LOAD zephyr/libzephyr.a
LOAD zephyr/arch/common/libarch__common.a
LOAD zephyr/arch/arch/arm/core/libarch__arm__core.a
LOAD zephyr/arch/arch/arm/core/cortex_m/libarch__arm__core__cortex_m.a
LOAD zephyr/arch/arch/arm/core/cortex_m/cmse/libarch__arm__core__cortex_m__cmse.a
LOAD zephyr/arch/arch/arm/core/mpu/libarch__arm__core__mpu.a
LOAD zephyr/lib/libc/picolibc/liblib__libc__picolibc.a
LOAD zephyr/lib/libc/common/liblib__libc__common.a
LOAD zephyr/soc/soc/arm/nordic_nrf/libsoc__arm__nordic_nrf.a
LOAD zephyr/boards/arm/nrf5340dk_nrf5340/libboards__arm__nrf5340dk_nrf5340.a
LOAD zephyr/subsys/bluetooth/common/libsubsys__bluetooth__common.a
LOAD zephyr/subsys/bluetooth/host/libsubsys__bluetooth__host.a
LOAD zephyr/subsys/net/libsubsys__net.a
LOAD zephyr/drivers/adc/libdrivers__adc.a
LOAD zephyr/drivers/bluetooth/libdrivers__bluetooth.a
LOAD zephyr/drivers/clock_control/libdrivers__clock_control.a
LOAD zephyr/drivers/gpio/libdrivers__gpio.a
LOAD zephyr/drivers/mbox/libdrivers__mbox.a
LOAD zephyr/drivers/timer/libdrivers__timer.a
LOAD modules/nrf/lib/fatal_error/lib..__nrf__lib__fatal_error.a
LOAD modules/nrf/drivers/hw_cc3xx/lib..__nrf__drivers__hw_cc3xx.a
LOAD modules/hal_nordic/nrfx/libmodules__hal_nordic__nrfx.a
LOAD modules/libmetal/libmetal/lib/libmetal.a
LOAD modules/open-amp/open-amp/lib/libopen_amp.a
LOAD zephyr/kernel/libkernel.a
LOAD /opt/nordic/ncs/toolchains/580e4ef81c/opt/zephyr-sdk/arm-zephyr-eabi/bin/../lib/gcc/arm-zephyr-eabi/12.2.0/thumb/v8-m.main/nofp/libgcc.a
LOAD zephyr/arch/common/libisr_tables.a
LOAD /opt/nordic/ncs/v2.6.0/nrfxlib/crypto/nrf_cc312_platform/lib/cortex-m33/soft-float/no-interrupts/libnrf_cc312_platform_0.9.19.a
LOAD /opt/nordic/ncs/toolchains/580e4ef81c/opt/zephyr-sdk/arm-zephyr-eabi/bin/../lib/gcc/../../picolibc/arm-zephyr-eabi/lib/thumb/v8-m.main/nofp/libc.a
LOAD /opt/nordic/ncs/toolchains/580e4ef81c/opt/zephyr-sdk/arm-zephyr-eabi/bin/../lib/gcc/arm-zephyr-eabi/12.2.0/thumb/v8-m.main/nofp/libgcc.a
                0x0000000000000020                _region_min_align = 0x20

.rel.plt        0x0000000000000000        0x0
 *(SORT_BY_ALIGNMENT(.rel.plt))
                [!provide]                        PROVIDE (__rel_iplt_start = .)
 *(SORT_BY_ALIGNMENT(.rel.iplt))
 .rel.iplt      0x0000000000000000        0x0 zephyr/CMakeFiles/zephyr_final.dir/isr_tables.c.obj
                [!provide]                        PROVIDE (__rel_iplt_end = .)

.rela.plt       0x0000000000000000        0x0
 *(SORT_BY_ALIGNMENT(.rela.plt))
                [!provide]                        PROVIDE (__rela_iplt_start = .)
 *(SORT_BY_ALIGNMENT(.rela.iplt))
                [!provide]                        PROVIDE (__rela_iplt_end = .)

.rel.dyn
 *(SORT_BY_ALIGNMENT(.rel.*))

.rela.dyn
 *(SORT_BY_ALIGNMENT(.rela.*))

/DISCARD/
 *(SORT_BY_ALIGNMENT(.plt))

/DISCARD/
 *(SORT_BY_ALIGNMENT(.iplt))
                0x0000000000000000                __rom_region_start = 0x0

rom_start       0x0000000000000000      0x154
                0x0000000000000000                __rom_start_address = .
 FILL mask 0x00
                0x0000000000000000                . = (. + (0x0 - (. - __rom_start_address)))
                0x0000000000000000                . = ALIGN (0x4)
                0x0000000000000000                . = ALIGN (0x80)
                0x0000000000000000                . = ALIGN (0x200)
                0x0000000000000000                _vector_start = .
 *(SORT_BY_ALIGNMENT(.exc_vector_table))
 *(SORT_BY_ALIGNMENT(.exc_vector_table.*))
 .exc_vector_table._vector_table_section
                0x0000000000000000       0x40 zephyr/arch/arch/arm/core/cortex_m/libarch__arm__core__cortex_m.a(vector_table.S.obj)
                0x0000000000000000                _vector_table
 *(SORT_BY_ALIGNMENT(.vectors))
                0x0000000000000154                _vector_end = .
                0x0000000000000040                . = ALIGN (0x4)
 *(SORT_BY_ALIGNMENT(.gnu.linkonce.irq_vector_table*))
 .gnu.linkonce.irq_vector_table
                0x0000000000000040      0x114 zephyr/CMakeFiles/zephyr_final.dir/isr_tables.c.obj
                0x0000000000000040                _irq_vector_table
                0x0000000000000154                _vector_end = .

text            0x0000000000000154     0xa8f4
                0x0000000000000154                __text_region_start = .
 *(SORT_BY_ALIGNMENT(.text))
 .text          0x0000000000000154       0x30 /opt/nordic/ncs/toolchains/580e4ef81c/opt/zephyr-sdk/arm-zephyr-eabi/bin/../lib/gcc/arm-zephyr-eabi/12.2.0/thumb/v8-m.main/nofp/libgcc.a(_aeabi_uldivmod.o)
                0x0000000000000154                __aeabi_uldivmod
 .text          0x0000000000000184        0x4 /opt/nordic/ncs/toolchains/580e4ef81c/opt/zephyr-sdk/arm-zephyr-eabi/bin/../lib/gcc/arm-zephyr-eabi/12.2.0/thumb/v8-m.main/nofp/libgcc.a(_dvmd_tls.o)
                0x0000000000000184                __aeabi_ldiv0
                0x0000000000000184                __aeabi_idiv0
 .text          0x0000000000000188      0x29c /opt/nordic/ncs/toolchains/580e4ef81c/opt/zephyr-sdk/arm-zephyr-eabi/bin/../lib/gcc/arm-zephyr-eabi/12.2.0/thumb/v8-m.main/nofp/libgcc.a(_udivmoddi4.o)
                0x0000000000000188                __udivmoddi4
 .text          0x0000000000000424       0x14 /opt/nordic/ncs/toolchains/580e4ef81c/opt/zephyr-sdk/arm-zephyr-eabi/bin/../lib/gcc/../../picolibc/arm-zephyr-eabi/lib/thumb/v8-m.main/nofp/libc.a(strcmp.S.o)
                0x0000000000000424                strcmp
 .text          0x0000000000000438       0x10 /opt/nordic/ncs/toolchains/580e4ef81c/opt/zephyr-sdk/arm-zephyr-eabi/bin/../lib/gcc/../../picolibc/arm-zephyr-eabi/lib/thumb/v8-m.main/nofp/libc.a(strlen.S.o)
                0x0000000000000438                strlen
 *(SORT_BY_ALIGNMENT(.text.*))
 .text.robot_step_timer_handler
                0x0000000000000448        0xc app/libapp.a(main.c.obj)
                0x0000000000000448                robot_step_timer_handler
 .text.adc_timer_handler
                0x0000000000000454        0xc app/libapp.a(main.c.obj)
                0x0000000000000454                adc_timer_handler
 .text.motor_shutoff_timer_handler
                0x0000000000000460        0xc app/libapp.a(main.c.obj)
                0x0000000000000460                motor_shutoff_timer_handler
 .text.readADC  0x000000000000046c       0xb0 app/libapp.a(main.c.obj)
                0x000000000000046c                readADC
 .text.motorShutoff
                0x000000000000051c       0x28 app/libapp.a(main.c.obj)
                0x000000000000051c                motorShutoff
 .text.robot_step
                0x0000000000000544       0x9c app/libapp.a(main.c.obj)
                0x0000000000000544                robot_step
 .text.initCapGPIO
                0x00000000000005e0       0x50 app/libapp.a(main.c.obj)
                0x00000000000005e0                initCapGPIO
 .text.initADC  0x0000000000000630       0x48 app/libapp.a(main.c.obj)
                0x0000000000000630                initADC
 .text.main     0x0000000000000678       0x78 app/libapp.a(main.c.obj)
                0x0000000000000678                main
 .text.char_out
                0x00000000000006f0        0xc zephyr/libzephyr.a(printk.c.obj)
 .text.vprintk  0x00000000000006fc       0x30 zephyr/libzephyr.a(printk.c.obj)
                0x00000000000006fc                vprintk
 .text.z_thread_entry
                0x000000000000072c       0x34 zephyr/libzephyr.a(thread_entry.c.obj)
                0x000000000000072c                z_thread_entry
 .text.process_event
                0x0000000000000760      0x21c zephyr/libzephyr.a(onoff.c.obj)
 .text.sys_reboot
                0x000000000000097c       0x30 zephyr/libzephyr.a(reboot.c.obj)
                0x000000000000097c                sys_reboot
 .text.shared_memory_prepare
                0x00000000000009ac       0x14 zephyr/libzephyr.a(ipc_rpmsg_static_vrings.c.obj)
 .text.advertise_ept
                0x00000000000009c0       0x44 zephyr/libzephyr.a(ipc_rpmsg_static_vrings.c.obj)
 .text.get_ept  0x0000000000000a04       0x28 zephyr/libzephyr.a(ipc_rpmsg_static_vrings.c.obj)
 .text.open     0x0000000000000a2c      0x1b0 zephyr/libzephyr.a(ipc_rpmsg_static_vrings.c.obj)
 .text.bound_cb
                0x0000000000000bdc       0x30 zephyr/libzephyr.a(ipc_rpmsg_static_vrings.c.obj)
 .text.send     0x0000000000000c0c       0x4c zephyr/libzephyr.a(ipc_rpmsg_static_vrings.c.obj)
 .text.register_ept
                0x0000000000000c58       0xe0 zephyr/libzephyr.a(ipc_rpmsg_static_vrings.c.obj)
 .text.deregister_ept
                0x0000000000000d38       0x44 zephyr/libzephyr.a(ipc_rpmsg_static_vrings.c.obj)
 .text.ns_bind_cb
                0x0000000000000d7c       0x6c zephyr/libzephyr.a(ipc_rpmsg.c.obj)
 .text.ipc_rpmsg_register_ept
                0x0000000000000de8       0x3c zephyr/libzephyr.a(ipc_rpmsg.c.obj)
                0x0000000000000de8                ipc_rpmsg_register_ept
 .text.ipc_rpmsg_init
                0x0000000000000e24       0x70 zephyr/libzephyr.a(ipc_rpmsg.c.obj)
                0x0000000000000e24                ipc_rpmsg_init
 .text.ipc_static_vrings_init
                0x0000000000000e94      0x104 zephyr/libzephyr.a(ipc_static_vrings.c.obj)
                0x0000000000000e94                ipc_static_vrings_init
 .text.mem_attr_get_regions
                0x0000000000000f98        0xc zephyr/libzephyr.a(mem_attr.c.obj)
                0x0000000000000f98                mem_attr_get_regions
 .text.compress
                0x0000000000000fa4      0x1d4 zephyr/libzephyr.a(sha256.c.obj)
 .text.tc_sha256_init
                0x0000000000001178       0x58 zephyr/libzephyr.a(sha256.c.obj)
                0x0000000000001178                tc_sha256_init
 .text.nrf_cc3xx_platform_abort_init
                0x00000000000011d0        0xc zephyr/libzephyr.a(nrf_cc3xx_platform_abort_zephyr.c.obj)
                0x00000000000011d0                nrf_cc3xx_platform_abort_init
 .text.mutex_free_platform
                0x00000000000011dc       0x54 zephyr/libzephyr.a(nrf_cc3xx_platform_mutex_zephyr.c.obj)
 .text.mutex_lock_platform
                0x0000000000001230       0x74 zephyr/libzephyr.a(nrf_cc3xx_platform_mutex_zephyr.c.obj)
 .text.mutex_unlock_platform
                0x00000000000012a4       0x68 zephyr/libzephyr.a(nrf_cc3xx_platform_mutex_zephyr.c.obj)
 .text.mutex_init_platform
                0x000000000000130c       0x94 zephyr/libzephyr.a(nrf_cc3xx_platform_mutex_zephyr.c.obj)
 .text.nrf_cc3xx_platform_mutex_init
                0x00000000000013a0       0x2c zephyr/libzephyr.a(nrf_cc3xx_platform_mutex_zephyr.c.obj)
                0x00000000000013a0                nrf_cc3xx_platform_mutex_init
 .text.z_SysNmiOnReset
                0x00000000000013cc        0x8 zephyr/arch/arch/arm/core/libarch__arm__core.a(nmi_on_reset.S.obj)
                0x00000000000013cc                z_SysNmiOnReset
 .text.arch_tls_stack_setup
                0x00000000000013d4       0x5c zephyr/arch/arch/arm/core/libarch__arm__core.a(tls.c.obj)
                0x00000000000013d4                arch_tls_stack_setup
 .text._HandlerModeExit
                0x0000000000001430       0x1c zephyr/arch/arch/arm/core/cortex_m/libarch__arm__core__cortex_m.a(exc_exit.S.obj)
                0x0000000000001430                z_arm_exc_exit
                0x0000000000001430                z_arm_int_exit
 .text.usage_fault.constprop.0
                0x000000000000144c       0x5c zephyr/arch/arch/arm/core/cortex_m/libarch__arm__core__cortex_m.a(fault.c.obj)
 .text.bus_fault.constprop.0
                0x00000000000014a8       0x6c zephyr/arch/arch/arm/core/cortex_m/libarch__arm__core__cortex_m.a(fault.c.obj)
 .text.mem_manage_fault.constprop.0
                0x0000000000001514       0x78 zephyr/arch/arch/arm/core/cortex_m/libarch__arm__core__cortex_m.a(fault.c.obj)
 .text.z_arm_fault
                0x000000000000158c      0x124 zephyr/arch/arch/arm/core/cortex_m/libarch__arm__core__cortex_m.a(fault.c.obj)
                0x000000000000158c                z_arm_fault
 .text.z_arm_fault_init
                0x00000000000016b0       0x18 zephyr/arch/arch/arm/core/cortex_m/libarch__arm__core__cortex_m.a(fault.c.obj)
                0x00000000000016b0                z_arm_fault_init
 .text.__fault  0x00000000000016c8       0x14 zephyr/arch/arch/arm/core/cortex_m/libarch__arm__core__cortex_m.a(fault_s.S.obj)
                0x00000000000016c8                z_arm_bus_fault
                0x00000000000016c8                z_arm_usage_fault
                0x00000000000016c8                z_arm_mpu_fault
                0x00000000000016c8                z_arm_exc_spurious
                0x00000000000016c8                z_arm_debug_monitor
                0x00000000000016c8                z_arm_hard_fault
 .text._reset_section
                0x00000000000016dc       0x60 zephyr/arch/arch/arm/core/cortex_m/libarch__arm__core__cortex_m.a(reset.S.obj)
                0x00000000000016dc                z_arm_reset
                0x00000000000016dc                __start
 .text.sys_arch_reboot
                0x000000000000173c       0x24 zephyr/arch/arch/arm/core/cortex_m/libarch__arm__core__cortex_m.a(scb.c.obj)
                0x000000000000173c                sys_arch_reboot
 .text.z_arm_clear_arm_mpu_config
                0x0000000000001760       0x24 zephyr/arch/arch/arm/core/cortex_m/libarch__arm__core__cortex_m.a(scb.c.obj)
                0x0000000000001760                z_arm_clear_arm_mpu_config
 .text.z_arm_init_arch_hw_at_boot
                0x0000000000001784       0x4c zephyr/arch/arch/arm/core/cortex_m/libarch__arm__core__cortex_m.a(scb.c.obj)
                0x0000000000001784                z_arm_init_arch_hw_at_boot
 .text.z_impl_k_thread_abort
                0x00000000000017d0       0x2c zephyr/arch/arch/arm/core/cortex_m/libarch__arm__core__cortex_m.a(thread_abort.c.obj)
                0x00000000000017d0                z_impl_k_thread_abort
 .text.arch_swap
                0x00000000000017fc       0x30 zephyr/arch/arch/arm/core/cortex_m/libarch__arm__core__cortex_m.a(swap.c.obj)
                0x00000000000017fc                arch_swap
 .text.z_arm_pendsv
                0x000000000000182c       0x68 zephyr/arch/arch/arm/core/cortex_m/libarch__arm__core__cortex_m.a(swap_helper.S.obj)
                0x000000000000182c                z_arm_pendsv
 .text.z_arm_svc
                0x0000000000001894       0x20 zephyr/arch/arch/arm/core/cortex_m/libarch__arm__core__cortex_m.a(swap_helper.S.obj)
                0x0000000000001894                z_arm_svc
 .text.arch_irq_enable
                0x00000000000018b4       0x1c zephyr/arch/arch/arm/core/cortex_m/libarch__arm__core__cortex_m.a(irq_manage.c.obj)
                0x00000000000018b4                arch_irq_enable
 .text.arch_irq_disable
                0x00000000000018d0       0x28 zephyr/arch/arch/arm/core/cortex_m/libarch__arm__core__cortex_m.a(irq_manage.c.obj)
                0x00000000000018d0                arch_irq_disable
 .text.arch_irq_is_enabled
                0x00000000000018f8       0x1c zephyr/arch/arch/arm/core/cortex_m/libarch__arm__core__cortex_m.a(irq_manage.c.obj)
                0x00000000000018f8                arch_irq_is_enabled
 .text.z_arm_irq_priority_set
                0x0000000000001914       0x2c zephyr/arch/arch/arm/core/cortex_m/libarch__arm__core__cortex_m.a(irq_manage.c.obj)
                0x0000000000001914                z_arm_irq_priority_set
 .text.z_arm_prep_c
                0x0000000000001940       0x38 zephyr/arch/arch/arm/core/cortex_m/libarch__arm__core__cortex_m.a(prep_c.c.obj)
                0x0000000000001940                z_arm_prep_c
 .text.arch_new_thread
                0x0000000000001978       0x38 zephyr/arch/arch/arm/core/cortex_m/libarch__arm__core__cortex_m.a(thread.c.obj)
                0x0000000000001978                arch_new_thread
 .text.arch_switch_to_main_thread
                0x00000000000019b0       0x34 zephyr/arch/arch/arm/core/cortex_m/libarch__arm__core__cortex_m.a(thread.c.obj)
                0x00000000000019b0                arch_switch_to_main_thread
 .text.z_arm_cpu_idle_init
                0x00000000000019e4        0xc zephyr/arch/arch/arm/core/cortex_m/libarch__arm__core__cortex_m.a(cpu_idle.S.obj)
                0x00000000000019e4                z_arm_cpu_idle_init
 .text.arch_cpu_idle
                0x00000000000019f0       0x38 zephyr/arch/arch/arm/core/cortex_m/libarch__arm__core__cortex_m.a(cpu_idle.S.obj)
                0x00000000000019f0                arch_cpu_idle
 .text.arch_cpu_atomic_idle
                0x0000000000001a28       0x34 zephyr/arch/arch/arm/core/cortex_m/libarch__arm__core__cortex_m.a(cpu_idle.S.obj)
                0x0000000000001a28                arch_cpu_atomic_idle
 .text.z_arm_interrupt_init
                0x0000000000001a5c       0x18 zephyr/arch/arch/arm/core/cortex_m/libarch__arm__core__cortex_m.a(irq_init.c.obj)
                0x0000000000001a5c                z_arm_interrupt_init
 .text._isr_wrapper
                0x0000000000001a74       0x28 zephyr/arch/arch/arm/core/cortex_m/libarch__arm__core__cortex_m.a(isr_wrapper.S.obj)
                0x0000000000001a74                _isr_wrapper
 .text.z_arm_configure_static_mpu_regions
                0x0000000000001a9c       0x38 zephyr/arch/arch/arm/core/mpu/libarch__arm__core__mpu.a(arm_core_mpu.c.obj)
                0x0000000000001a9c                z_arm_configure_static_mpu_regions
 .text.region_init
                0x0000000000001ad4       0x34 zephyr/arch/arch/arm/core/mpu/libarch__arm__core__mpu.a(arm_mpu.c.obj)
 .text.mpu_configure_regions_and_partition.constprop.0
                0x0000000000001b08      0x14c zephyr/arch/arch/arm/core/mpu/libarch__arm__core__mpu.a(arm_mpu.c.obj)
 .text.arm_core_mpu_enable
                0x0000000000001c54       0x18 zephyr/arch/arch/arm/core/mpu/libarch__arm__core__mpu.a(arm_mpu.c.obj)
                0x0000000000001c54                arm_core_mpu_enable
 .text.arm_core_mpu_disable
                0x0000000000001c6c       0x14 zephyr/arch/arch/arm/core/mpu/libarch__arm__core__mpu.a(arm_mpu.c.obj)
                0x0000000000001c6c                arm_core_mpu_disable
 .text.arm_core_mpu_configure_static_mpu_regions
                0x0000000000001c80       0x14 zephyr/arch/arch/arm/core/mpu/libarch__arm__core__mpu.a(arm_mpu.c.obj)
                0x0000000000001c80                arm_core_mpu_configure_static_mpu_regions
 .text.arm_core_mpu_mark_areas_for_dynamic_regions
                0x0000000000001c94       0xb8 zephyr/arch/arch/arm/core/mpu/libarch__arm__core__mpu.a(arm_mpu.c.obj)
                0x0000000000001c94                arm_core_mpu_mark_areas_for_dynamic_regions
 .text.z_arm_mpu_init
                0x0000000000001d4c       0xf8 zephyr/arch/arch/arm/core/mpu/libarch__arm__core__mpu.a(arm_mpu.c.obj)
                0x0000000000001d4c                z_arm_mpu_init
 .text.malloc_prepare
                0x0000000000001e44       0x24 zephyr/lib/libc/common/liblib__libc__common.a(malloc.c.obj)
 .text.nrf_gpio_pin_control_select
                0x0000000000001e68       0x3c zephyr/soc/soc/arm/nordic_nrf/libsoc__arm__nordic_nrf.a(soc.c.obj)
 .text.nordicsemi_nrf53_init
                0x0000000000001ea4       0x5c zephyr/soc/soc/arm/nordic_nrf/libsoc__arm__nordic_nrf.a(soc.c.obj)
 .text.rtc_pretick_init
                0x0000000000001f00       0x60 zephyr/soc/soc/arm/nordic_nrf/libsoc__arm__nordic_nrf.a(soc.c.obj)
 .text.z_arm_on_enter_cpu_idle
                0x0000000000001f60       0x64 zephyr/soc/soc/arm/nordic_nrf/libsoc__arm__nordic_nrf.a(soc.c.obj)
                0x0000000000001f60                z_arm_on_enter_cpu_idle
 .text.arch_busy_wait
                0x0000000000001fc4       0x24 zephyr/soc/soc/arm/nordic_nrf/libsoc__arm__nordic_nrf.a(soc.c.obj)
                0x0000000000001fc4                arch_busy_wait
 .text.z_arm_platform_init
                0x0000000000001fe8        0x4 zephyr/soc/soc/arm/nordic_nrf/libsoc__arm__nordic_nrf.a(soc_nrf_common.S.obj)
                0x0000000000001fe8                z_arm_platform_init
 .text.remoteproc_mgr_boot
                0x0000000000001fec       0x68 zephyr/boards/arm/nrf5340dk_nrf5340/libboards__arm__nrf5340dk_nrf5340.a(nrf5340_cpunet_reset.c.obj)
 .text.bt_buf_get_rx
                0x0000000000002054       0x20 zephyr/subsys/bluetooth/host/libsubsys__bluetooth__host.a(buf.c.obj)
                0x0000000000002054                bt_buf_get_rx
 .text.bt_buf_get_cmd_complete
                0x0000000000002074       0x38 zephyr/subsys/bluetooth/host/libsubsys__bluetooth__host.a(buf.c.obj)
                0x0000000000002074                bt_buf_get_cmd_complete
 .text.bt_buf_get_evt
                0x00000000000020ac       0x44 zephyr/subsys/bluetooth/host/libsubsys__bluetooth__host.a(buf.c.obj)
                0x00000000000020ac                bt_buf_get_evt
 .text.hci_le_meta_event
                0x00000000000020f0       0x20 zephyr/subsys/bluetooth/host/libsubsys__bluetooth__host.a(hci_core.c.obj)
 .text.rx_work_handler
                0x0000000000002110       0x90 zephyr/subsys/bluetooth/host/libsubsys__bluetooth__host.a(hci_core.c.obj)
 .text.hci_cmd_done
                0x00000000000021a0       0xd0 zephyr/subsys/bluetooth/host/libsubsys__bluetooth__host.a(hci_core.c.obj)
 .text.hci_cmd_status
                0x0000000000002270       0x2c zephyr/subsys/bluetooth/host/libsubsys__bluetooth__host.a(hci_core.c.obj)
 .text.hci_cmd_complete
                0x000000000000229c       0x38 zephyr/subsys/bluetooth/host/libsubsys__bluetooth__host.a(hci_core.c.obj)
 .text.bt_hci_cmd_state_set_init
                0x00000000000022d4       0x24 zephyr/subsys/bluetooth/host/libsubsys__bluetooth__host.a(hci_core.c.obj)
                0x00000000000022d4                bt_hci_cmd_state_set_init
 .text.bt_hci_cmd_create
                0x00000000000022f8       0x74 zephyr/subsys/bluetooth/host/libsubsys__bluetooth__host.a(hci_core.c.obj)
                0x00000000000022f8                bt_hci_cmd_create
 .text.bt_hci_cmd_send_sync
                0x000000000000236c       0xd8 zephyr/subsys/bluetooth/host/libsubsys__bluetooth__host.a(hci_core.c.obj)
                0x000000000000236c                bt_hci_cmd_send_sync
 .text.hci_init
                0x0000000000002444      0x270 zephyr/subsys/bluetooth/host/libsubsys__bluetooth__host.a(hci_core.c.obj)
 .text.bt_hci_le_rand
                0x00000000000026b4       0x58 zephyr/subsys/bluetooth/host/libsubsys__bluetooth__host.a(hci_core.c.obj)
                0x00000000000026b4                bt_hci_le_rand
 .text.bt_send  0x000000000000270c       0x10 zephyr/subsys/bluetooth/host/libsubsys__bluetooth__host.a(hci_core.c.obj)
                0x000000000000270c                bt_send
 .text.hci_tx_thread
                0x000000000000271c       0xf4 zephyr/subsys/bluetooth/host/libsubsys__bluetooth__host.a(hci_core.c.obj)
 .text.hci_event_prio
                0x0000000000002810       0x94 zephyr/subsys/bluetooth/host/libsubsys__bluetooth__host.a(hci_core.c.obj)
                0x0000000000002810                hci_event_prio
 .text.bt_recv  0x00000000000028a4       0x4c zephyr/subsys/bluetooth/host/libsubsys__bluetooth__host.a(hci_core.c.obj)
                0x00000000000028a4                bt_recv
 .text.bt_hci_driver_register
                0x00000000000028f0       0x28 zephyr/subsys/bluetooth/host/libsubsys__bluetooth__host.a(hci_core.c.obj)
                0x00000000000028f0                bt_hci_driver_register
 .text.bt_finalize_init
                0x0000000000002918       0x18 zephyr/subsys/bluetooth/host/libsubsys__bluetooth__host.a(hci_core.c.obj)
                0x0000000000002918                bt_finalize_init
 .text.init_work
                0x0000000000002930       0x20 zephyr/subsys/bluetooth/host/libsubsys__bluetooth__host.a(hci_core.c.obj)
 .text.bt_enable
                0x0000000000002950       0xfc zephyr/subsys/bluetooth/host/libsubsys__bluetooth__host.a(hci_core.c.obj)
                0x0000000000002950                bt_enable
 .text.bt_get_name
                0x0000000000002a4c        0x8 zephyr/subsys/bluetooth/host/libsubsys__bluetooth__host.a(hci_core.c.obj)
                0x0000000000002a4c                bt_get_name
 .text.id_find  0x0000000000002a54       0x30 zephyr/subsys/bluetooth/host/libsubsys__bluetooth__host.a(id.c.obj)
 .text.id_create.constprop.0
                0x0000000000002a84       0x5c zephyr/subsys/bluetooth/host/libsubsys__bluetooth__host.a(id.c.obj)
 .text.set_random_address
                0x0000000000002ae0       0x50 zephyr/subsys/bluetooth/host/libsubsys__bluetooth__host.a(id.c.obj)
 .text.bt_id_create
                0x0000000000002b30       0x88 zephyr/subsys/bluetooth/host/libsubsys__bluetooth__host.a(id.c.obj)
                0x0000000000002b30                bt_id_create
 .text.bt_id_read_public_addr
                0x0000000000002bb8       0x5c zephyr/subsys/bluetooth/host/libsubsys__bluetooth__host.a(id.c.obj)
                0x0000000000002bb8                bt_id_read_public_addr
 .text.bt_setup_public_id_addr
                0x0000000000002c14       0x20 zephyr/subsys/bluetooth/host/libsubsys__bluetooth__host.a(id.c.obj)
                0x0000000000002c14                bt_setup_public_id_addr
 .text.bt_read_static_addr
                0x0000000000002c34       0x68 zephyr/subsys/bluetooth/host/libsubsys__bluetooth__host.a(id.c.obj)
                0x0000000000002c34                bt_read_static_addr
 .text.bt_setup_random_id_addr
                0x0000000000002c9c       0x5c zephyr/subsys/bluetooth/host/libsubsys__bluetooth__host.a(id.c.obj)
                0x0000000000002c9c                bt_setup_random_id_addr
 .text.bt_id_set_adv_own_addr
                0x0000000000002cf8       0xc0 zephyr/subsys/bluetooth/host/libsubsys__bluetooth__host.a(id.c.obj)
                0x0000000000002cf8                bt_id_set_adv_own_addr
 .text.bt_id_init
                0x0000000000002db8       0x30 zephyr/subsys/bluetooth/host/libsubsys__bluetooth__host.a(id.c.obj)
                0x0000000000002db8                bt_id_init
 .text.valid_adv_param
                0x0000000000002de8       0x84 zephyr/subsys/bluetooth/host/libsubsys__bluetooth__host.a(adv.c.obj)
 .text.bt_le_adv_update_data
                0x0000000000002e6c       0x4c zephyr/subsys/bluetooth/host/libsubsys__bluetooth__host.a(adv.c.obj)
                0x0000000000002e6c                bt_le_adv_update_data
 .text.bt_le_adv_start_legacy
                0x0000000000002eb8      0x1f0 zephyr/subsys/bluetooth/host/libsubsys__bluetooth__host.a(adv.c.obj)
                0x0000000000002eb8                bt_le_adv_start_legacy
 .text.bt_le_adv_start
                0x00000000000030a8       0x64 zephyr/subsys/bluetooth/host/libsubsys__bluetooth__host.a(adv.c.obj)
                0x00000000000030a8                bt_le_adv_start
 .text.bt_le_adv_stop
                0x000000000000310c       0x38 zephyr/subsys/bluetooth/host/libsubsys__bluetooth__host.a(adv.c.obj)
                0x000000000000310c                bt_le_adv_stop
 .text.prng_reseed.constprop.0
                0x0000000000003144       0x50 zephyr/subsys/bluetooth/host/libsubsys__bluetooth__host.a(crypto.c.obj)
 .text.prng_init
                0x0000000000003194       0x2c zephyr/subsys/bluetooth/host/libsubsys__bluetooth__host.a(crypto.c.obj)
                0x0000000000003194                prng_init
 .text.bt_rand  0x00000000000031c0       0x3c zephyr/subsys/bluetooth/host/libsubsys__bluetooth__host.a(crypto.c.obj)
                0x00000000000031c0                bt_rand
 .text.net_buf_destroy
                0x00000000000031fc       0x38 zephyr/subsys/net/libsubsys__net.a(buf.c.obj)
 .text.net_buf_pool_get
                0x0000000000003234       0x10 zephyr/subsys/net/libsubsys__net.a(buf.c.obj)
                0x0000000000003234                net_buf_pool_get
 .text.net_buf_id
                0x0000000000003244       0x20 zephyr/subsys/net/libsubsys__net.a(buf.c.obj)
                0x0000000000003244                net_buf_id
 .text.fixed_data_alloc
                0x0000000000003264       0x30 zephyr/subsys/net/libsubsys__net.a(buf.c.obj)
 .text.net_buf_alloc_len
                0x0000000000003294       0xf4 zephyr/subsys/net/libsubsys__net.a(buf.c.obj)
                0x0000000000003294                net_buf_alloc_len
 .text.net_buf_unref
                0x0000000000003388       0x38 zephyr/subsys/net/libsubsys__net.a(buf.c.obj)
                0x0000000000003388                net_buf_unref
 .text.adc_gain_invert
                0x00000000000033c0       0x2c zephyr/drivers/adc/libdrivers__adc.a(adc_common.c.obj)
                0x00000000000033c0                adc_gain_invert
 .text.adc_context_start_sampling
                0x00000000000033ec       0x1c zephyr/drivers/adc/libdrivers__adc.a(adc_nrfx_saadc.c.obj)
 .text.adc_nrfx_channel_setup
                0x0000000000003408       0xd8 zephyr/drivers/adc/libdrivers__adc.a(adc_nrfx_saadc.c.obj)
 .text.adc_nrfx_read
                0x00000000000034e0      0x17c zephyr/drivers/adc/libdrivers__adc.a(adc_nrfx_saadc.c.obj)
 .text.init_saadc
                0x000000000000365c       0x44 zephyr/drivers/adc/libdrivers__adc.a(adc_nrfx_saadc.c.obj)
 .text.saadc_irq_handler
                0x00000000000036a0       0xc8 zephyr/drivers/adc/libdrivers__adc.a(adc_nrfx_saadc.c.obj)
 .text.bt_ipc_init
                0x0000000000003768        0xc zephyr/drivers/bluetooth/libdrivers__bluetooth.a(ipc.c.obj)
 .text.bt_ipc_send
                0x0000000000003774       0x38 zephyr/drivers/bluetooth/libdrivers__bluetooth.a(ipc.c.obj)
 .text.hci_ept_bound
                0x00000000000037ac        0xc zephyr/drivers/bluetooth/libdrivers__bluetooth.a(ipc.c.obj)
 .text.bt_ipc_open
                0x00000000000037b8       0x48 zephyr/drivers/bluetooth/libdrivers__bluetooth.a(ipc.c.obj)
 .text.bt_ipc_close
                0x0000000000003800       0x38 zephyr/drivers/bluetooth/libdrivers__bluetooth.a(ipc.c.obj)
 .text.bt_hci_transport_setup
                0x0000000000003838       0x18 zephyr/drivers/bluetooth/libdrivers__bluetooth.a(nrf53_support.c.obj)
                0x0000000000003838                bt_hci_transport_setup
 .text.onoff_stop
                0x0000000000003850       0x30 zephyr/drivers/clock_control/libdrivers__clock_control.a(clock_control_nrf.c.obj)
 .text.onoff_start
                0x0000000000003880       0x44 zephyr/drivers/clock_control/libdrivers__clock_control.a(clock_control_nrf.c.obj)
 .text.clk_init
                0x00000000000038c4       0x64 zephyr/drivers/clock_control/libdrivers__clock_control.a(clock_control_nrf.c.obj)
 .text.clkstarted_handle.constprop.0
                0x0000000000003928       0x34 zephyr/drivers/clock_control/libdrivers__clock_control.a(clock_control_nrf.c.obj)
 .text.clock_event_handler
                0x000000000000395c       0x30 zephyr/drivers/clock_control/libdrivers__clock_control.a(clock_control_nrf.c.obj)
 .text.generic_hfclk_start
                0x000000000000398c       0x64 zephyr/drivers/clock_control/libdrivers__clock_control.a(clock_control_nrf.c.obj)
 .text.api_blocking_start
                0x00000000000039f0       0x3c zephyr/drivers/clock_control/libdrivers__clock_control.a(clock_control_nrf.c.obj)
 .text.generic_hfclk_stop
                0x0000000000003a2c       0x34 zephyr/drivers/clock_control/libdrivers__clock_control.a(clock_control_nrf.c.obj)
 .text.z_nrf_clock_control_lf_on
                0x0000000000003a60       0xfc zephyr/drivers/clock_control/libdrivers__clock_control.a(clock_control_nrf.c.obj)
                0x0000000000003a60                z_nrf_clock_control_lf_on
 .text.gpio_nrfx_pin_interrupt_configure
                0x0000000000003b5c      0x100 zephyr/drivers/gpio/libdrivers__gpio.a(gpio_nrfx.c.obj)
 .text.gpio_nrfx_init
                0x0000000000003c5c       0x48 zephyr/drivers/gpio/libdrivers__gpio.a(gpio_nrfx.c.obj)
 .text.nrfx_gpio_handler
                0x0000000000003ca4       0x4c zephyr/drivers/gpio/libdrivers__gpio.a(gpio_nrfx.c.obj)
 .text.gpio_nrfx_pin_configure
                0x0000000000003cf0      0x18c zephyr/drivers/gpio/libdrivers__gpio.a(gpio_nrfx.c.obj)
 .text.mbox_nrf_init
                0x0000000000003e7c       0x6c zephyr/drivers/mbox/libdrivers__mbox.a(mbox_nrfx_ipc.c.obj)
 .text.compare_int_lock
                0x0000000000003ee8       0x40 zephyr/drivers/timer/libdrivers__timer.a(nrf_rtc_timer.c.obj)
 .text.sys_clock_timeout_handler
                0x0000000000003f28       0x48 zephyr/drivers/timer/libdrivers__timer.a(nrf_rtc_timer.c.obj)
 .text.compare_int_unlock
                0x0000000000003f70       0x4c zephyr/drivers/timer/libdrivers__timer.a(nrf_rtc_timer.c.obj)
 .text.z_nrf_rtc_timer_read
                0x0000000000003fbc       0x44 zephyr/drivers/timer/libdrivers__timer.a(nrf_rtc_timer.c.obj)
                0x0000000000003fbc                z_nrf_rtc_timer_read
 .text.compare_set
                0x0000000000004000      0x124 zephyr/drivers/timer/libdrivers__timer.a(nrf_rtc_timer.c.obj)
 .text.sys_clock_driver_init
                0x0000000000004124       0x90 zephyr/drivers/timer/libdrivers__timer.a(nrf_rtc_timer.c.obj)
 .text.rtc_nrf_isr
                0x00000000000041b4       0xd0 zephyr/drivers/timer/libdrivers__timer.a(nrf_rtc_timer.c.obj)
                0x00000000000041b4                rtc_nrf_isr
 .text.sys_clock_set_timeout
                0x0000000000004284       0x5c zephyr/drivers/timer/libdrivers__timer.a(nrf_rtc_timer.c.obj)
                0x0000000000004284                sys_clock_set_timeout
 .text.sys_clock_elapsed
                0x00000000000042e0       0x14 zephyr/drivers/timer/libdrivers__timer.a(nrf_rtc_timer.c.obj)
                0x00000000000042e0                sys_clock_elapsed
 .text.sys_clock_disable
                0x00000000000042f4       0x30 zephyr/drivers/timer/libdrivers__timer.a(nrf_rtc_timer.c.obj)
                0x00000000000042f4                sys_clock_disable
 .text.nrf53_errata_42
                0x0000000000004324       0x24 modules/hal_nordic/nrfx/libmodules__hal_nordic__nrfx.a(system_nrf5340_application.c.obj)
 .text.SystemInit
                0x0000000000004348      0x1c4 modules/hal_nordic/nrfx/libmodules__hal_nordic__nrfx.a(system_nrf5340_application.c.obj)
                0x0000000000004348                SystemInit
 .text.nrfx_flag32_alloc
                0x000000000000450c       0x40 modules/hal_nordic/nrfx/libmodules__hal_nordic__nrfx.a(nrfx_flag32_allocator.c.obj)
                0x000000000000450c                nrfx_flag32_alloc
 .text.nrfx_flag32_free
                0x000000000000454c       0x38 modules/hal_nordic/nrfx/libmodules__hal_nordic__nrfx.a(nrfx_flag32_allocator.c.obj)
                0x000000000000454c                nrfx_flag32_free
 .text.nrfx_gppi_channels_enable
                0x0000000000004584        0xc modules/hal_nordic/nrfx/libmodules__hal_nordic__nrfx.a(nrfx_gppi_dppi.c.obj)
                0x0000000000004584                nrfx_gppi_channels_enable
 .text.nrfx_clock_init
                0x0000000000004590       0x20 modules/hal_nordic/nrfx/libmodules__hal_nordic__nrfx.a(nrfx_clock.c.obj)
                0x0000000000004590                nrfx_clock_init
 .text.nrfx_clock_enable
                0x00000000000045b0       0x30 modules/hal_nordic/nrfx/libmodules__hal_nordic__nrfx.a(nrfx_clock.c.obj)
                0x00000000000045b0                nrfx_clock_enable
 .text.nrfx_clock_start
                0x00000000000045e0       0xd0 modules/hal_nordic/nrfx/libmodules__hal_nordic__nrfx.a(nrfx_clock.c.obj)
                0x00000000000045e0                nrfx_clock_start
 .text.nrfx_power_clock_irq_handler
                0x00000000000046b0       0xb0 modules/hal_nordic/nrfx/libmodules__hal_nordic__nrfx.a(nrfx_clock.c.obj)
                0x00000000000046b0                nrfx_power_clock_irq_handler
 .text.nrfx_dppi_channel_alloc
                0x0000000000004760        0xc modules/hal_nordic/nrfx/libmodules__hal_nordic__nrfx.a(nrfx_dppi.c.obj)
                0x0000000000004760                nrfx_dppi_channel_alloc
 .text.nrf_gpio_pin_port_decode
                0x000000000000476c       0x24 modules/hal_nordic/nrfx/libmodules__hal_nordic__nrfx.a(nrfx_gpiote.c.obj)
 .text.get_pin_idx
                0x0000000000004790       0x14 modules/hal_nordic/nrfx/libmodules__hal_nordic__nrfx.a(nrfx_gpiote.c.obj)
 .text.call_handler.constprop.0
                0x00000000000047a4       0x40 modules/hal_nordic/nrfx/libmodules__hal_nordic__nrfx.a(nrfx_gpiote.c.obj)
 .text.pin_te_get.constprop.0
                0x00000000000047e4       0x18 modules/hal_nordic/nrfx/libmodules__hal_nordic__nrfx.a(nrfx_gpiote.c.obj)
 .text.pin_is_output.constprop.0
                0x00000000000047fc       0x18 modules/hal_nordic/nrfx/libmodules__hal_nordic__nrfx.a(nrfx_gpiote.c.obj)
 .text.pin_in_use_by_te.constprop.0
                0x0000000000004814       0x18 modules/hal_nordic/nrfx/libmodules__hal_nordic__nrfx.a(nrfx_gpiote.c.obj)
 .text.latch_pending_read_and_check
                0x000000000000482c       0x3c modules/hal_nordic/nrfx/libmodules__hal_nordic__nrfx.a(nrfx_gpiote.c.obj)
 .text.release_handler.isra.0
                0x0000000000004868       0x58 modules/hal_nordic/nrfx/libmodules__hal_nordic__nrfx.a(nrfx_gpiote.c.obj)
 .text.__nrfy_internal_gpiote_events_process.constprop.0
                0x00000000000048c0       0x5c modules/hal_nordic/nrfx/libmodules__hal_nordic__nrfx.a(nrfx_gpiote.c.obj)
 .text.pin_uninit
                0x000000000000491c       0x84 modules/hal_nordic/nrfx/libmodules__hal_nordic__nrfx.a(nrfx_gpiote.c.obj)
 .text.nrfx_gpiote_input_configure
                0x00000000000049a0      0x178 modules/hal_nordic/nrfx/libmodules__hal_nordic__nrfx.a(nrfx_gpiote.c.obj)
                0x00000000000049a0                nrfx_gpiote_input_configure
 .text.nrfx_gpiote_output_configure
                0x0000000000004b18      0x104 modules/hal_nordic/nrfx/libmodules__hal_nordic__nrfx.a(nrfx_gpiote.c.obj)
                0x0000000000004b18                nrfx_gpiote_output_configure
 .text.nrfx_gpiote_global_callback_set
                0x0000000000004c1c        0xc modules/hal_nordic/nrfx/libmodules__hal_nordic__nrfx.a(nrfx_gpiote.c.obj)
                0x0000000000004c1c                nrfx_gpiote_global_callback_set
 .text.nrfx_gpiote_channel_get
                0x0000000000004c28       0x34 modules/hal_nordic/nrfx/libmodules__hal_nordic__nrfx.a(nrfx_gpiote.c.obj)
                0x0000000000004c28                nrfx_gpiote_channel_get
 .text.nrfx_gpiote_init
                0x0000000000004c5c       0x6c modules/hal_nordic/nrfx/libmodules__hal_nordic__nrfx.a(nrfx_gpiote.c.obj)
                0x0000000000004c5c                nrfx_gpiote_init
 .text.nrfx_gpiote_init_check
                0x0000000000004cc8       0x14 modules/hal_nordic/nrfx/libmodules__hal_nordic__nrfx.a(nrfx_gpiote.c.obj)
                0x0000000000004cc8                nrfx_gpiote_init_check
 .text.nrfx_gpiote_channel_free
                0x0000000000004cdc        0xc modules/hal_nordic/nrfx/libmodules__hal_nordic__nrfx.a(nrfx_gpiote.c.obj)
                0x0000000000004cdc                nrfx_gpiote_channel_free
 .text.nrfx_gpiote_channel_alloc
                0x0000000000004ce8        0xc modules/hal_nordic/nrfx/libmodules__hal_nordic__nrfx.a(nrfx_gpiote.c.obj)
                0x0000000000004ce8                nrfx_gpiote_channel_alloc
 .text.nrfx_gpiote_trigger_enable
                0x0000000000004cf4       0x98 modules/hal_nordic/nrfx/libmodules__hal_nordic__nrfx.a(nrfx_gpiote.c.obj)
                0x0000000000004cf4                nrfx_gpiote_trigger_enable
 .text.nrfx_gpiote_0_irq_handler
                0x0000000000004d8c      0x1b8 modules/hal_nordic/nrfx/libmodules__hal_nordic__nrfx.a(nrfx_gpiote.c.obj)
                0x0000000000004d8c                nrfx_gpiote_0_irq_handler
 .text.nrfx_ipc_init
                0x0000000000004f44       0x30 modules/hal_nordic/nrfx/libmodules__hal_nordic__nrfx.a(nrfx_ipc.c.obj)
                0x0000000000004f44                nrfx_ipc_init
 .text.nrfx_ipc_config_load
                0x0000000000004f74       0x40 modules/hal_nordic/nrfx/libmodules__hal_nordic__nrfx.a(nrfx_ipc.c.obj)
                0x0000000000004f74                nrfx_ipc_config_load
 .text.nrfx_ipc_receive_event_enable
                0x0000000000004fb4       0x10 modules/hal_nordic/nrfx/libmodules__hal_nordic__nrfx.a(nrfx_ipc.c.obj)
                0x0000000000004fb4                nrfx_ipc_receive_event_enable
 .text.nrfx_ipc_receive_event_disable
                0x0000000000004fc4       0x10 modules/hal_nordic/nrfx/libmodules__hal_nordic__nrfx.a(nrfx_ipc.c.obj)
                0x0000000000004fc4                nrfx_ipc_receive_event_disable
 .text.nrfx_ipc_irq_handler
                0x0000000000004fd4       0x40 modules/hal_nordic/nrfx/libmodules__hal_nordic__nrfx.a(nrfx_ipc.c.obj)
                0x0000000000004fd4                nrfx_ipc_irq_handler
 .text.metal_generic_dev_open
                0x0000000000005014       0x40 modules/libmetal/libmetal/lib/libmetal.a(device.c.obj)
                0x0000000000005014                metal_generic_dev_open
 .text.metal_bus_unregister
                0x0000000000005054       0x3c modules/libmetal/libmetal/lib/libmetal.a(device.c.obj)
                0x0000000000005054                metal_bus_unregister
 .text.metal_bus_find
                0x0000000000005090       0x3c modules/libmetal/libmetal/lib/libmetal.a(device.c.obj)
                0x0000000000005090                metal_bus_find
 .text.metal_bus_register
                0x00000000000050cc       0x5c modules/libmetal/libmetal/lib/libmetal.a(device.c.obj)
                0x00000000000050cc                metal_bus_register
 .text.metal_register_generic_device
                0x0000000000005128       0x3c modules/libmetal/libmetal/lib/libmetal.a(device.c.obj)
                0x0000000000005128                metal_register_generic_device
 .text.metal_init
                0x0000000000005164       0x40 modules/libmetal/libmetal/lib/libmetal.a(init.c.obj)
                0x0000000000005164                metal_init
 .text.metal_finish
                0x00000000000051a4       0x18 modules/libmetal/libmetal/lib/libmetal.a(init.c.obj)
                0x00000000000051a4                metal_finish
 .text.metal_sys_init
                0x00000000000051bc       0x10 modules/libmetal/libmetal/lib/libmetal.a(init.c.obj)
                0x00000000000051bc                metal_sys_init
 .text.metal_sys_finish
                0x00000000000051cc        0xc modules/libmetal/libmetal/lib/libmetal.a(init.c.obj)
                0x00000000000051cc                metal_sys_finish
 .text.metal_zephyr_log_handler
                0x00000000000051d8       0x3c modules/libmetal/libmetal/lib/libmetal.a(log.c.obj)
                0x00000000000051d8                metal_zephyr_log_handler
 .text.virtio_create_virtqueues
                0x0000000000005214       0xbc modules/open-amp/open-amp/lib/libopen_amp.a(virtio.c.obj)
                0x0000000000005214                virtio_create_virtqueues
 .text.virtqueue_free
                0x00000000000052d0       0x38 modules/open-amp/open-amp/lib/libopen_amp.a(virtqueue.c.obj)
                0x00000000000052d0                virtqueue_free
 .text.virtqueue_add_consumed_buffer
                0x0000000000005308       0x38 modules/open-amp/open-amp/lib/libopen_amp.a(virtqueue.c.obj)
                0x0000000000005308                virtqueue_add_consumed_buffer
 .text.rpmsg_send_offchannel_raw
                0x0000000000005340       0x2c modules/open-amp/open-amp/lib/libopen_amp.a(rpmsg.c.obj)
                0x0000000000005340                rpmsg_send_offchannel_raw
 .text.rpmsg_send_offchannel_nocopy
                0x000000000000536c       0x2c modules/open-amp/open-amp/lib/libopen_amp.a(rpmsg.c.obj)
                0x000000000000536c                rpmsg_send_offchannel_nocopy
 .text.rpmsg_register_endpoint
                0x0000000000005398       0x40 modules/open-amp/open-amp/lib/libopen_amp.a(rpmsg.c.obj)
                0x0000000000005398                rpmsg_register_endpoint
 .text.rpmsg_create_ept
                0x00000000000053d8      0x100 modules/open-amp/open-amp/lib/libopen_amp.a(rpmsg.c.obj)
                0x00000000000053d8                rpmsg_create_ept
 .text.rpmsg_virtio_send_offchannel_raw
                0x00000000000054d8       0x5c modules/open-amp/open-amp/lib/libopen_amp.a(rpmsg_virtio.c.obj)
 .text.rpmsg_virtio_get_buffer_size
                0x0000000000005534       0x4c modules/open-amp/open-amp/lib/libopen_amp.a(rpmsg_virtio.c.obj)
                0x0000000000005534                rpmsg_virtio_get_buffer_size
 .text.rpmsg_init_vdev_with_config
                0x0000000000005580      0x258 modules/open-amp/open-amp/lib/libopen_amp.a(rpmsg_virtio.c.obj)
                0x0000000000005580                rpmsg_init_vdev_with_config
 .text.rpmsg_init_vdev
                0x00000000000057d8       0x2c modules/open-amp/open-amp/lib/libopen_amp.a(rpmsg_virtio.c.obj)
                0x00000000000057d8                rpmsg_init_vdev
 .text.z_impl_device_get_binding
                0x0000000000005804       0x54 zephyr/kernel/libkernel.a(device.c.obj)
                0x0000000000005804                z_impl_device_get_binding
 .text.z_fatal_error
                0x0000000000005858       0x30 zephyr/kernel/libkernel.a(fatal.c.obj)
                0x0000000000005858                z_fatal_error
 .text.z_sys_init_run_level
                0x0000000000005888       0x48 zephyr/kernel/libkernel.a(init.c.obj)
 .text.bg_thread_main
                0x00000000000058d0       0x34 zephyr/kernel/libkernel.a(init.c.obj)
 .text.z_bss_zero
                0x0000000000005904       0x18 zephyr/kernel/libkernel.a(init.c.obj)
                0x0000000000005904                z_bss_zero
 .text.z_init_cpu
                0x000000000000591c       0x7c zephyr/kernel/libkernel.a(init.c.obj)
                0x000000000000591c                z_init_cpu
 .text.z_cstart
                0x0000000000005998       0xe0 zephyr/kernel/libkernel.a(init.c.obj)
                0x0000000000005998                z_cstart
 .text.statics_init
                0x0000000000005a78       0x24 zephyr/kernel/libkernel.a(kheap.c.obj)
 .text.init_mem_slab_obj_core_list
                0x0000000000005a9c       0x24 zephyr/kernel/libkernel.a(mem_slab.c.obj)
 .text.k_mem_slab_alloc
                0x0000000000005ac0       0x5c zephyr/kernel/libkernel.a(mem_slab.c.obj)
                0x0000000000005ac0                k_mem_slab_alloc
 .text.z_setup_new_thread
                0x0000000000005b1c       0x7c zephyr/kernel/libkernel.a(thread.c.obj)
                0x0000000000005b1c                z_setup_new_thread
 .text.z_impl_k_thread_create
                0x0000000000005b98       0x58 zephyr/kernel/libkernel.a(thread.c.obj)
                0x0000000000005b98                z_impl_k_thread_create
 .text.z_init_static_threads
                0x0000000000005bf0       0x98 zephyr/kernel/libkernel.a(thread.c.obj)
                0x0000000000005bf0                z_init_static_threads
 .text.z_impl_k_mutex_unlock
                0x0000000000005c88       0x78 zephyr/kernel/libkernel.a(mutex.c.obj)
                0x0000000000005c88                z_impl_k_mutex_unlock
 .text.z_impl_k_mutex_lock
                0x0000000000005d00       0xf4 zephyr/kernel/libkernel.a(mutex.c.obj)
                0x0000000000005d00                z_impl_k_mutex_lock
 .text.z_impl_k_queue_get
                0x0000000000005df4       0x68 zephyr/kernel/libkernel.a(queue.c.obj)
                0x0000000000005df4                z_impl_k_queue_get
 .text.z_impl_k_sem_give
                0x0000000000005e5c       0x4c zephyr/kernel/libkernel.a(sem.c.obj)
                0x0000000000005e5c                z_impl_k_sem_give
 .text.z_impl_k_sem_take
                0x0000000000005ea8       0x50 zephyr/kernel/libkernel.a(sem.c.obj)
                0x0000000000005ea8                z_impl_k_sem_take
 .text.work_queue_main
                0x0000000000005ef8      0x138 zephyr/kernel/libkernel.a(work.c.obj)
 .text.submit_to_queue_locked
                0x0000000000006030       0xb4 zephyr/kernel/libkernel.a(work.c.obj)
 .text.work_flush_locked
                0x00000000000060e4       0x84 zephyr/kernel/libkernel.a(work.c.obj)
 .text.k_work_submit
                0x0000000000006168        0xc zephyr/kernel/libkernel.a(work.c.obj)
                0x0000000000006168                k_work_submit
 .text.k_work_queue_start
                0x0000000000006174       0x70 zephyr/kernel/libkernel.a(work.c.obj)
                0x0000000000006174                k_work_queue_start
 .text.k_work_queue_drain
                0x00000000000061e4       0x7c zephyr/kernel/libkernel.a(work.c.obj)
                0x00000000000061e4                k_work_queue_drain
 .text.k_work_reschedule_for_queue
                0x0000000000006260       0x5c zephyr/kernel/libkernel.a(work.c.obj)
                0x0000000000006260                k_work_reschedule_for_queue
 .text.k_work_reschedule
                0x00000000000062bc        0xc zephyr/kernel/libkernel.a(work.c.obj)
                0x00000000000062bc                k_work_reschedule
 .text.sliceable
                0x00000000000062c8       0x3c zephyr/kernel/libkernel.a(sched.c.obj)
 .text.slice_timeout
                0x0000000000006304       0x20 zephyr/kernel/libkernel.a(sched.c.obj)
 .text.z_reset_time_slice
                0x0000000000006324       0x50 zephyr/kernel/libkernel.a(sched.c.obj)
                0x0000000000006324                z_reset_time_slice
 .text.update_cache
                0x0000000000006374       0x3c zephyr/kernel/libkernel.a(sched.c.obj)
 .text.move_thread_to_end_of_prio_q
                0x00000000000063b0       0x74 zephyr/kernel/libkernel.a(sched.c.obj)
 .text.ready_thread
                0x0000000000006424       0x68 zephyr/kernel/libkernel.a(sched.c.obj)
 .text.unready_thread
                0x000000000000648c       0x30 zephyr/kernel/libkernel.a(sched.c.obj)
 .text.pend_locked
                0x00000000000064bc       0x30 zephyr/kernel/libkernel.a(sched.c.obj)
 .text.z_thread_halt
                0x00000000000064ec       0xa0 zephyr/kernel/libkernel.a(sched.c.obj)
 .text.z_time_slice
                0x000000000000658c       0x60 zephyr/kernel/libkernel.a(sched.c.obj)
                0x000000000000658c                z_time_slice
 .text.z_pend_curr
                0x00000000000065ec       0x3c zephyr/kernel/libkernel.a(sched.c.obj)
                0x00000000000065ec                z_pend_curr
 .text.z_set_prio
                0x0000000000006628       0x8c zephyr/kernel/libkernel.a(sched.c.obj)
                0x0000000000006628                z_set_prio
 .text.z_reschedule
                0x00000000000066b4       0x24 zephyr/kernel/libkernel.a(sched.c.obj)
                0x00000000000066b4                z_reschedule
 .text.z_sched_start
                0x00000000000066d8       0x3c zephyr/kernel/libkernel.a(sched.c.obj)
                0x00000000000066d8                z_sched_start
 .text.k_sched_lock
                0x0000000000006714       0x28 zephyr/kernel/libkernel.a(sched.c.obj)
                0x0000000000006714                k_sched_lock
 .text.k_sched_unlock
                0x000000000000673c       0x38 zephyr/kernel/libkernel.a(sched.c.obj)
                0x000000000000673c                k_sched_unlock
 .text.z_sched_init
                0x0000000000006774       0x10 zephyr/kernel/libkernel.a(sched.c.obj)
                0x0000000000006774                z_sched_init
 .text.z_impl_k_yield
                0x0000000000006784       0x7c zephyr/kernel/libkernel.a(sched.c.obj)
                0x0000000000006784                z_impl_k_yield
 .text.z_tick_sleep
                0x0000000000006800       0x88 zephyr/kernel/libkernel.a(sched.c.obj)
 .text.z_impl_k_sleep
                0x0000000000006888       0x34 zephyr/kernel/libkernel.a(sched.c.obj)
                0x0000000000006888                z_impl_k_sleep
 .text.z_impl_k_sched_current_thread_query
                0x00000000000068bc        0xc zephyr/kernel/libkernel.a(sched.c.obj)
                0x00000000000068bc                z_impl_k_sched_current_thread_query
 .text.z_sched_wait
                0x00000000000068c8       0x24 zephyr/kernel/libkernel.a(sched.c.obj)
                0x00000000000068c8                z_sched_wait
 .text.z_data_copy
                0x00000000000068ec       0x34 zephyr/kernel/libkernel.a(xip.c.obj)
                0x00000000000068ec                z_data_copy
 .text.elapsed  0x0000000000006920       0x14 zephyr/kernel/libkernel.a(timeout.c.obj)
 .text.next_timeout
                0x0000000000006934       0x40 zephyr/kernel/libkernel.a(timeout.c.obj)
 .text.remove_timeout
                0x0000000000006974       0x38 zephyr/kernel/libkernel.a(timeout.c.obj)
 .text.z_add_timeout
                0x00000000000069ac       0xec zephyr/kernel/libkernel.a(timeout.c.obj)
                0x00000000000069ac                z_add_timeout
 .text.sys_clock_announce
                0x0000000000006a98       0xd4 zephyr/kernel/libkernel.a(timeout.c.obj)
                0x0000000000006a98                sys_clock_announce
 .text.sys_clock_tick_get
                0x0000000000006b6c       0x34 zephyr/kernel/libkernel.a(timeout.c.obj)
                0x0000000000006b6c                sys_clock_tick_get
 .text.z_timer_expiration_handler
                0x0000000000006ba0       0xe4 zephyr/kernel/libkernel.a(timer.c.obj)
                0x0000000000006ba0                z_timer_expiration_handler
 .text.z_impl_k_timer_start
                0x0000000000006c84       0x74 zephyr/kernel/libkernel.a(timer.c.obj)
                0x0000000000006c84                z_impl_k_timer_start
 .text.z_impl_k_poll
                0x0000000000006cf8       0xb8 zephyr/kernel/libkernel.a(poll.c.obj)
                0x0000000000006cf8                z_impl_k_poll
 .text.z_impl_k_poll_signal_raise
                0x0000000000006db0       0x50 zephyr/kernel/libkernel.a(poll.c.obj)
                0x0000000000006db0                z_impl_k_poll_signal_raise
 .text.k_aligned_alloc
                0x0000000000006e00       0x10 zephyr/kernel/libkernel.a(mempool.c.obj)
                0x0000000000006e00                k_aligned_alloc
 .text.k_thread_system_pool_assign
                0x0000000000006e10        0xc zephyr/kernel/libkernel.a(mempool.c.obj)
                0x0000000000006e10                k_thread_system_pool_assign
 .text.z_thread_aligned_alloc
                0x0000000000006e1c       0x30 zephyr/kernel/libkernel.a(mempool.c.obj)
                0x0000000000006e1c                z_thread_aligned_alloc
 .text.boot_banner
                0x0000000000006e4c        0xc zephyr/kernel/libkernel.a(banner.c.obj)
                0x0000000000006e4c                boot_banner
 .text.k_sys_work_q_init
                0x0000000000006e58       0x34 zephyr/kernel/libkernel.a(system_work_q.c.obj)
 .text.nrf_cc3xx_platform_init_no_rng
                0x0000000000006e8c       0x38 /opt/nordic/ncs/v2.6.0/nrfxlib/crypto/nrf_cc312_platform/lib/cortex-m33/soft-float/no-interrupts/libnrf_cc312_platform_0.9.19.a(nrf_cc3xx_platform.c.obj)
                0x0000000000006e8c                nrf_cc3xx_platform_init_no_rng
 .text.nrf_cc3xx_platform_abort
                0x0000000000006ec4       0x24 /opt/nordic/ncs/v2.6.0/nrfxlib/crypto/nrf_cc312_platform/lib/cortex-m33/soft-float/no-interrupts/libnrf_cc312_platform_0.9.19.a(nrf_cc3xx_platform_abort.c.obj)
 .text.CC_PalAbort
                0x0000000000006ee8       0x44 /opt/nordic/ncs/v2.6.0/nrfxlib/crypto/nrf_cc312_platform/lib/cortex-m33/soft-float/no-interrupts/libnrf_cc312_platform_0.9.19.a(nrf_cc3xx_platform_abort.c.obj)
                0x0000000000006ee8                CC_PalAbort
 .text.nrf_cc3xx_platform_set_abort
                0x0000000000006f2c       0x10 /opt/nordic/ncs/v2.6.0/nrfxlib/crypto/nrf_cc312_platform/lib/cortex-m33/soft-float/no-interrupts/libnrf_cc312_platform_0.9.19.a(nrf_cc3xx_platform_abort.c.obj)
                0x0000000000006f2c                nrf_cc3xx_platform_set_abort
 .text.mutex_free
                0x0000000000006f3c       0x34 /opt/nordic/ncs/v2.6.0/nrfxlib/crypto/nrf_cc312_platform/lib/cortex-m33/soft-float/no-interrupts/libnrf_cc312_platform_0.9.19.a(nrf_cc3xx_platform_mutex.c.obj)
 .text.mutex_lock
                0x0000000000006f70       0x48 /opt/nordic/ncs/v2.6.0/nrfxlib/crypto/nrf_cc312_platform/lib/cortex-m33/soft-float/no-interrupts/libnrf_cc312_platform_0.9.19.a(nrf_cc3xx_platform_mutex.c.obj)
 .text.mutex_unlock
                0x0000000000006fb8       0x38 /opt/nordic/ncs/v2.6.0/nrfxlib/crypto/nrf_cc312_platform/lib/cortex-m33/soft-float/no-interrupts/libnrf_cc312_platform_0.9.19.a(nrf_cc3xx_platform_mutex.c.obj)
 .text.mutex_init
                0x0000000000006ff0       0x20 /opt/nordic/ncs/v2.6.0/nrfxlib/crypto/nrf_cc312_platform/lib/cortex-m33/soft-float/no-interrupts/libnrf_cc312_platform_0.9.19.a(nrf_cc3xx_platform_mutex.c.obj)
 .text.nrf_cc3xx_platform_set_mutexes
                0x0000000000007010       0x78 /opt/nordic/ncs/v2.6.0/nrfxlib/crypto/nrf_cc312_platform/lib/cortex-m33/soft-float/no-interrupts/libnrf_cc312_platform_0.9.19.a(nrf_cc3xx_platform_mutex.c.obj)
                0x0000000000007010                nrf_cc3xx_platform_set_mutexes
 .text.CC_LibInitNoRng
                0x0000000000007088       0x28 /opt/nordic/ncs/v2.6.0/nrfxlib/crypto/nrf_cc312_platform/lib/cortex-m33/soft-float/no-interrupts/libnrf_cc312_platform_0.9.19.a(cc_lib.c.obj)
                0x0000000000007088                CC_LibInitNoRng
 .text.CC_HalInit
                0x00000000000070b0        0x4 /opt/nordic/ncs/v2.6.0/nrfxlib/crypto/nrf_cc312_platform/lib/cortex-m33/soft-float/no-interrupts/libnrf_cc312_platform_0.9.19.a(cc_hal.c.obj)
                0x00000000000070b0                CC_HalInit
 .text.CC_PalInit
                0x00000000000070b4       0x5c /opt/nordic/ncs/v2.6.0/nrfxlib/crypto/nrf_cc312_platform/lib/cortex-m33/soft-float/no-interrupts/libnrf_cc312_platform_0.9.19.a(cc_pal.c.obj)
                0x00000000000070b4                CC_PalInit
 .text.CC_PalTerminate
                0x0000000000007110       0x34 /opt/nordic/ncs/v2.6.0/nrfxlib/crypto/nrf_cc312_platform/lib/cortex-m33/soft-float/no-interrupts/libnrf_cc312_platform_0.9.19.a(cc_pal.c.obj)
                0x0000000000007110                CC_PalTerminate
 .text.CC_PalDmaInit
                0x0000000000007144        0x4 /opt/nordic/ncs/v2.6.0/nrfxlib/crypto/nrf_cc312_platform/lib/cortex-m33/soft-float/no-interrupts/libnrf_cc312_platform_0.9.19.a(cc_pal_dma.c.obj)
                0x0000000000007144                CC_PalDmaInit
 .text.CC_PalDmaTerminate
                0x0000000000007148        0x4 /opt/nordic/ncs/v2.6.0/nrfxlib/crypto/nrf_cc312_platform/lib/cortex-m33/soft-float/no-interrupts/libnrf_cc312_platform_0.9.19.a(cc_pal_dma.c.obj)
                0x0000000000007148                CC_PalDmaTerminate
 .text.CC_PalMutexCreate
                0x000000000000714c       0x14 /opt/nordic/ncs/v2.6.0/nrfxlib/crypto/nrf_cc312_platform/lib/cortex-m33/soft-float/no-interrupts/libnrf_cc312_platform_0.9.19.a(cc_pal_mutex.c.obj)
                0x000000000000714c                CC_PalMutexCreate
 .text.CC_PalMutexDestroy
                0x0000000000007160       0x14 /opt/nordic/ncs/v2.6.0/nrfxlib/crypto/nrf_cc312_platform/lib/cortex-m33/soft-float/no-interrupts/libnrf_cc312_platform_0.9.19.a(cc_pal_mutex.c.obj)
                0x0000000000007160                CC_PalMutexDestroy
 .text.CC_PalPowerSaveModeInit
                0x0000000000007174       0x3c /opt/nordic/ncs/v2.6.0/nrfxlib/crypto/nrf_cc312_platform/lib/cortex-m33/soft-float/no-interrupts/libnrf_cc312_platform_0.9.19.a(cc_pal_pm.c.obj)
                0x0000000000007174                CC_PalPowerSaveModeInit
 .text.__l_vfprintf
                0x00000000000071b0      0x4b4 /opt/nordic/ncs/toolchains/580e4ef81c/opt/zephyr-sdk/arm-zephyr-eabi/bin/../lib/gcc/../../picolibc/arm-zephyr-eabi/lib/thumb/v8-m.main/nofp/libc.a(libc_tinystdio_vflprintf.c.o)
                0x00000000000071b0                __l_vfprintf
 .text._OffsetAbsSyms
                0x0000000000007664        0x2 zephyr/CMakeFiles/offsets.dir/./arch/arm/core/offsets/offsets.c.obj
                0x0000000000007664                _OffsetAbsSyms
 .text.gpio_pin_configure.constprop.0
                0x0000000000007666       0x1c app/libapp.a(main.c.obj)
 .text.gpio_pin_set.isra.0
                0x0000000000007682       0x20 app/libapp.a(main.c.obj)
 .text.arch_printk_char_out
                0x00000000000076a2        0x4 zephyr/libzephyr.a(printk.c.obj)
                0x00000000000076a2                arch_printk_char_out
 .text.printk   0x00000000000076a6       0x1a zephyr/libzephyr.a(printk.c.obj)
                0x00000000000076a6                printk
 .text.chunk_field
                0x00000000000076c0       0x16 zephyr/libzephyr.a(heap.c.obj)
 .text.chunk_set
                0x00000000000076d6       0x16 zephyr/libzephyr.a(heap.c.obj)
 .text.chunk_size
                0x00000000000076ec        0xc zephyr/libzephyr.a(heap.c.obj)
 .text.set_chunk_used
                0x00000000000076f8       0x30 zephyr/libzephyr.a(heap.c.obj)
 .text.set_chunk_size
                0x0000000000007728        0x8 zephyr/libzephyr.a(heap.c.obj)
 .text.mem_to_chunkid
                0x0000000000007730       0x14 zephyr/libzephyr.a(heap.c.obj)
 .text.bucket_idx.isra.0
                0x0000000000007744       0x1c zephyr/libzephyr.a(heap.c.obj)
 .text.free_list_remove_bidx
                0x0000000000007760       0x5c zephyr/libzephyr.a(heap.c.obj)
 .text.free_list_remove
                0x00000000000077bc       0x2e zephyr/libzephyr.a(heap.c.obj)
 .text.alloc_chunk
                0x00000000000077ea       0x74 zephyr/libzephyr.a(heap.c.obj)
 .text.split_chunks
                0x000000000000785e       0x4e zephyr/libzephyr.a(heap.c.obj)
 .text.merge_chunks
                0x00000000000078ac       0x3c zephyr/libzephyr.a(heap.c.obj)
 .text.free_list_add
                0x00000000000078e8       0x84 zephyr/libzephyr.a(heap.c.obj)
 .text.free_chunk
                0x000000000000796c       0x84 zephyr/libzephyr.a(heap.c.obj)
 .text.sys_heap_free
                0x00000000000079f0       0x24 zephyr/libzephyr.a(heap.c.obj)
                0x00000000000079f0                sys_heap_free
 .text.sys_heap_alloc
                0x0000000000007a14       0x6e zephyr/libzephyr.a(heap.c.obj)
                0x0000000000007a14                sys_heap_alloc
 .text.sys_heap_aligned_alloc
                0x0000000000007a82       0xe8 zephyr/libzephyr.a(heap.c.obj)
                0x0000000000007a82                sys_heap_aligned_alloc
 .text.sys_heap_init
                0x0000000000007b6a       0xb0 zephyr/libzephyr.a(heap.c.obj)
                0x0000000000007b6a                sys_heap_init
 .text.process_recheck
                0x0000000000007c1a       0x38 zephyr/libzephyr.a(onoff.c.obj)
 .text.validate_args
                0x0000000000007c52       0x20 zephyr/libzephyr.a(onoff.c.obj)
 .text.notify_one
                0x0000000000007c72       0x2c zephyr/libzephyr.a(onoff.c.obj)
 .text.transition_complete
                0x0000000000007c9e       0x1c zephyr/libzephyr.a(onoff.c.obj)
 .text.onoff_manager_init
                0x0000000000007cba       0x26 zephyr/libzephyr.a(onoff.c.obj)
                0x0000000000007cba                onoff_manager_init
 .text.onoff_request
                0x0000000000007ce0       0xb0 zephyr/libzephyr.a(onoff.c.obj)
                0x0000000000007ce0                onoff_request
 .text.sys_notify_validate
                0x0000000000007d90       0x28 zephyr/libzephyr.a(notify.c.obj)
                0x0000000000007d90                sys_notify_validate
 .text.sys_notify_finalize
                0x0000000000007db8       0x32 zephyr/libzephyr.a(notify.c.obj)
                0x0000000000007db8                sys_notify_finalize
 .text.assert_print
                0x0000000000007dea       0x1a zephyr/libzephyr.a(assert.c.obj)
                0x0000000000007dea                assert_print
 .text._ConfigAbsSyms
                0x0000000000007e04        0x2 zephyr/libzephyr.a(configs.c.obj)
                0x0000000000007e04                _ConfigAbsSyms
 .text.ipc_service_open_instance
                0x0000000000007e06       0x1c zephyr/libzephyr.a(ipc_service.c.obj)
                0x0000000000007e06                ipc_service_open_instance
 .text.ipc_service_close_instance
                0x0000000000007e22       0x1c zephyr/libzephyr.a(ipc_service.c.obj)
                0x0000000000007e22                ipc_service_close_instance
 .text.ipc_service_register_endpoint
                0x0000000000007e3e       0x28 zephyr/libzephyr.a(ipc_service.c.obj)
                0x0000000000007e3e                ipc_service_register_endpoint
 .text.ipc_service_deregister_endpoint
                0x0000000000007e66       0x2e zephyr/libzephyr.a(ipc_service.c.obj)
                0x0000000000007e66                ipc_service_deregister_endpoint
 .text.ipc_service_send
                0x0000000000007e94       0x32 zephyr/libzephyr.a(ipc_service.c.obj)
                0x0000000000007e94                ipc_service_send
 .text.get_tx_buffer_size
                0x0000000000007ec6        0x8 zephyr/libzephyr.a(ipc_rpmsg_static_vrings.c.obj)
 .text.drop_tx_buffer
                0x0000000000007ece        0x6 zephyr/libzephyr.a(ipc_rpmsg_static_vrings.c.obj)
 .text.release_rx_buffer
                0x0000000000007ed4       0x16 zephyr/libzephyr.a(ipc_rpmsg_static_vrings.c.obj)
 .text.hold_rx_buffer
                0x0000000000007eea       0x16 zephyr/libzephyr.a(ipc_rpmsg_static_vrings.c.obj)
 .text.send_nocopy
                0x0000000000007f00       0x3a zephyr/libzephyr.a(ipc_rpmsg_static_vrings.c.obj)
 .text.get_tx_buffer
                0x0000000000007f3a       0x7c zephyr/libzephyr.a(ipc_rpmsg_static_vrings.c.obj)
 .text.rpmsg_service_unbind
                0x0000000000007fb6        0x4 zephyr/libzephyr.a(ipc_rpmsg_static_vrings.c.obj)
 .text.get_ept_slot_with_name
                0x0000000000007fba       0x2c zephyr/libzephyr.a(ipc_rpmsg_static_vrings.c.obj)
 .text.mbox_callback
                0x0000000000007fe6        0xc zephyr/libzephyr.a(ipc_rpmsg_static_vrings.c.obj)
 .text.mbox_callback_process
                0x0000000000007ff2       0x1a zephyr/libzephyr.a(ipc_rpmsg_static_vrings.c.obj)
 .text.virtio_notify_cb
                0x000000000000800c       0x14 zephyr/libzephyr.a(ipc_rpmsg_static_vrings.c.obj)
 .text.k_mutex_unlock.isra.0
                0x0000000000008020        0x4 zephyr/libzephyr.a(ipc_rpmsg_static_vrings.c.obj)
 .text.atomic_set.isra.0
                0x0000000000008024        0xe zephyr/libzephyr.a(ipc_rpmsg_static_vrings.c.obj)
 .text.backend_init
                0x0000000000008032       0x22 zephyr/libzephyr.a(ipc_rpmsg_static_vrings.c.obj)
 .text.ns_bind_cb
                0x0000000000008054       0x70 zephyr/libzephyr.a(ipc_rpmsg_static_vrings.c.obj)
 .text.shm_size
                0x00000000000080c4       0x20 zephyr/libzephyr.a(ipc_rpmsg_static_vrings.c.obj)
 .text.close    0x00000000000080e4       0xb6 zephyr/libzephyr.a(ipc_rpmsg_static_vrings.c.obj)
 .text.ept_cb   0x000000000000819a       0x2e zephyr/libzephyr.a(ipc_rpmsg_static_vrings.c.obj)
 .text.rpmsg_service_unbind
                0x00000000000081c8        0x4 zephyr/libzephyr.a(ipc_rpmsg.c.obj)
 .text.ipc_rpmsg_deinit
                0x00000000000081cc       0x28 zephyr/libzephyr.a(ipc_rpmsg.c.obj)
                0x00000000000081cc                ipc_rpmsg_deinit
 .text.ipc_virtio_notify
                0x00000000000081f4       0x10 zephyr/libzephyr.a(ipc_static_vrings.c.obj)
 .text.ipc_virtio_set_features
                0x0000000000008204        0x2 zephyr/libzephyr.a(ipc_static_vrings.c.obj)
 .text.ipc_virtio_set_status
                0x0000000000008206        0xc zephyr/libzephyr.a(ipc_static_vrings.c.obj)
 .text.ipc_virtio_get_features
                0x0000000000008212        0x4 zephyr/libzephyr.a(ipc_static_vrings.c.obj)
 .text.ipc_virtio_get_status
                0x0000000000008216       0x14 zephyr/libzephyr.a(ipc_static_vrings.c.obj)
 .text.virtqueue_allocate
                0x000000000000822a       0x1c zephyr/libzephyr.a(ipc_static_vrings.c.obj)
 .text.ipc_static_vrings_deinit
                0x0000000000008246       0x60 zephyr/libzephyr.a(ipc_static_vrings.c.obj)
                0x0000000000008246                ipc_static_vrings_deinit
 .text._copy    0x00000000000082a6       0x1a zephyr/libzephyr.a(utils.c.obj)
                0x00000000000082a6                _copy
 .text._set     0x00000000000082c0        0x4 zephyr/libzephyr.a(utils.c.obj)
                0x00000000000082c0                _set
 .text.tc_sha256_update
                0x00000000000082c4       0x4c zephyr/libzephyr.a(sha256.c.obj)
                0x00000000000082c4                tc_sha256_update
 .text.tc_sha256_final
                0x0000000000008310       0xba zephyr/libzephyr.a(sha256.c.obj)
                0x0000000000008310                tc_sha256_final
 .text.rekey    0x00000000000083ca       0x4c zephyr/libzephyr.a(hmac.c.obj)
 .text.tc_hmac_set_key
                0x0000000000008416       0x68 zephyr/libzephyr.a(hmac.c.obj)
                0x0000000000008416                tc_hmac_set_key
 .text.tc_hmac_init
                0x000000000000847e       0x1a zephyr/libzephyr.a(hmac.c.obj)
                0x000000000000847e                tc_hmac_init
 .text.tc_hmac_update
                0x0000000000008498        0xc zephyr/libzephyr.a(hmac.c.obj)
                0x0000000000008498                tc_hmac_update
 .text.tc_hmac_final
                0x00000000000084a4       0x50 zephyr/libzephyr.a(hmac.c.obj)
                0x00000000000084a4                tc_hmac_final
 .text.update   0x00000000000084f4      0x122 zephyr/libzephyr.a(hmac_prng.c.obj)
 .text.tc_hmac_prng_init
                0x0000000000008616       0x40 zephyr/libzephyr.a(hmac_prng.c.obj)
                0x0000000000008616                tc_hmac_prng_init
 .text.tc_hmac_prng_reseed
                0x0000000000008656       0x32 zephyr/libzephyr.a(hmac_prng.c.obj)
                0x0000000000008656                tc_hmac_prng_reseed
 .text.tc_hmac_prng_generate
                0x0000000000008688       0x8e zephyr/libzephyr.a(hmac_prng.c.obj)
                0x0000000000008688                tc_hmac_prng_generate
 .text.abort_function
                0x0000000000008716        0x8 zephyr/libzephyr.a(nrf_cc3xx_platform_abort_zephyr.c.obj)
 .text.z_arm_fatal_error
                0x000000000000871e        0x4 zephyr/arch/arch/arm/core/libarch__arm__core.a(fatal.c.obj)
                0x000000000000871e                z_arm_fatal_error
 .text.z_do_kernel_oops
                0x0000000000008722        0x8 zephyr/arch/arch/arm/core/libarch__arm__core.a(fatal.c.obj)
                0x0000000000008722                z_do_kernel_oops
 .text.z_arm_nmi
                0x000000000000872a        0xe zephyr/arch/arch/arm/core/libarch__arm__core.a(nmi.c.obj)
                0x000000000000872a                z_arm_nmi
 .text.z_irq_spurious
                0x0000000000008738        0x8 zephyr/arch/arch/arm/core/cortex_m/libarch__arm__core__cortex_m.a(irq_manage.c.obj)
                0x0000000000008738                z_irq_spurious
 .text.configure_builtin_stack_guard
                0x0000000000008740        0x8 zephyr/arch/arch/arm/core/cortex_m/libarch__arm__core__cortex_m.a(thread.c.obj)
                0x0000000000008740                configure_builtin_stack_guard
 .text.arm_cmse_mpu_region_get
                0x0000000000008748       0x12 zephyr/arch/arch/arm/core/cortex_m/cmse/libarch__arm__core__cortex_m__cmse.a(arm_core_cmse.c.obj)
                0x0000000000008748                arm_cmse_mpu_region_get
 .text.mpu_configure_region
                0x000000000000875a       0x3a zephyr/arch/arch/arm/core/mpu/libarch__arm__core__mpu.a(arm_mpu.c.obj)
 .text.bt_addr_le_create_static
                0x0000000000008794       0x1c zephyr/subsys/bluetooth/host/libsubsys__bluetooth__host.a(addr.c.obj)
                0x0000000000008794                bt_addr_le_create_static
 .text.hci_vendor_event
                0x00000000000087b0        0x2 zephyr/subsys/bluetooth/host/libsubsys__bluetooth__host.a(hci_core.c.obj)
 .text.hci_hardware_error
                0x00000000000087b2        0x8 zephyr/subsys/bluetooth/host/libsubsys__bluetooth__host.a(hci_core.c.obj)
 .text.handle_event_common.isra.0
                0x00000000000087ba       0x2e zephyr/subsys/bluetooth/host/libsubsys__bluetooth__host.a(hci_core.c.obj)
 .text.bt_addr_le_eq
                0x00000000000087e8       0x10 zephyr/subsys/bluetooth/host/libsubsys__bluetooth__host.a(id.c.obj)
 .text.bt_addr_copy
                0x00000000000087f8        0xa zephyr/subsys/bluetooth/host/libsubsys__bluetooth__host.a(id.c.obj)
 .text.bt_addr_le_copy
                0x0000000000008802        0xe zephyr/subsys/bluetooth/host/libsubsys__bluetooth__host.a(id.c.obj)
 .text.bt_id_set_adv_random_addr
                0x0000000000008810       0x10 zephyr/subsys/bluetooth/host/libsubsys__bluetooth__host.a(id.c.obj)
                0x0000000000008810                bt_id_set_adv_random_addr
 .text.bt_id_set_adv_private_addr
                0x0000000000008820       0x2e zephyr/subsys/bluetooth/host/libsubsys__bluetooth__host.a(id.c.obj)
                0x0000000000008820                bt_id_set_adv_private_addr
 .text.bt_id_adv_random_addr_check
                0x000000000000884e        0x8 zephyr/subsys/bluetooth/host/libsubsys__bluetooth__host.a(id.c.obj)
                0x000000000000884e                bt_id_adv_random_addr_check
 .text.get_adv_channel_map
                0x0000000000008856       0x1e zephyr/subsys/bluetooth/host/libsubsys__bluetooth__host.a(adv.c.obj)
 .text.atomic_get
                0x0000000000008874        0x6 zephyr/subsys/bluetooth/host/libsubsys__bluetooth__host.a(adv.c.obj)
 .text.atomic_and
                0x000000000000887a       0x16 zephyr/subsys/bluetooth/host/libsubsys__bluetooth__host.a(adv.c.obj)
 .text.bt_addr_le_copy
                0x0000000000008890        0xe zephyr/subsys/bluetooth/host/libsubsys__bluetooth__host.a(adv.c.obj)
 .text.hci_set_ad
                0x000000000000889e       0xbe zephyr/subsys/bluetooth/host/libsubsys__bluetooth__host.a(adv.c.obj)
 .text.atomic_set_bit_to
                0x000000000000895c       0x26 zephyr/subsys/bluetooth/host/libsubsys__bluetooth__host.a(adv.c.obj)
 .text.le_adv_update.constprop.0
                0x0000000000008982       0xe4 zephyr/subsys/bluetooth/host/libsubsys__bluetooth__host.a(adv.c.obj)
 .text.get_adv_name_type
                0x0000000000008a66       0x20 zephyr/subsys/bluetooth/host/libsubsys__bluetooth__host.a(adv.c.obj)
                0x0000000000008a66                get_adv_name_type
 .text.get_adv_name_type_param
                0x0000000000008a86       0x20 zephyr/subsys/bluetooth/host/libsubsys__bluetooth__host.a(adv.c.obj)
                0x0000000000008a86                get_adv_name_type_param
 .text.bt_le_adv_set_enable_legacy
                0x0000000000008aa6       0x4a zephyr/subsys/bluetooth/host/libsubsys__bluetooth__host.a(adv.c.obj)
                0x0000000000008aa6                bt_le_adv_set_enable_legacy
 .text.bt_le_lim_adv_cancel_timeout
                0x0000000000008af0        0x6 zephyr/subsys/bluetooth/host/libsubsys__bluetooth__host.a(adv.c.obj)
                0x0000000000008af0                bt_le_lim_adv_cancel_timeout
 .text.adv_timeout
                0x0000000000008af6        0x4 zephyr/subsys/bluetooth/host/libsubsys__bluetooth__host.a(adv.c.obj)
 .text.fixed_data_unref
                0x0000000000008afa        0x2 zephyr/subsys/net/libsubsys__net.a(buf.c.obj)
 .text.net_buf_alloc_fixed
                0x0000000000008afc        0xa zephyr/subsys/net/libsubsys__net.a(buf.c.obj)
                0x0000000000008afc                net_buf_alloc_fixed
 .text.net_buf_get
                0x0000000000008b06        0x4 zephyr/subsys/net/libsubsys__net.a(buf.c.obj)
                0x0000000000008b06                net_buf_get
 .text.net_buf_slist_put
                0x0000000000008b0a       0x2c zephyr/subsys/net/libsubsys__net.a(buf.c.obj)
                0x0000000000008b0a                net_buf_slist_put
 .text.net_buf_slist_get
                0x0000000000008b36       0x2e zephyr/subsys/net/libsubsys__net.a(buf.c.obj)
                0x0000000000008b36                net_buf_slist_get
 .text.net_buf_put
                0x0000000000008b64        0x4 zephyr/subsys/net/libsubsys__net.a(buf.c.obj)
                0x0000000000008b64                net_buf_put
 .text.net_buf_ref
                0x0000000000008b68        0x8 zephyr/subsys/net/libsubsys__net.a(buf.c.obj)
                0x0000000000008b68                net_buf_ref
 .text.net_buf_simple_reserve
                0x0000000000008b70        0x8 zephyr/subsys/net/libsubsys__net.a(buf_simple.c.obj)
                0x0000000000008b70                net_buf_simple_reserve
 .text.net_buf_simple_add
                0x0000000000008b78        0xc zephyr/subsys/net/libsubsys__net.a(buf_simple.c.obj)
                0x0000000000008b78                net_buf_simple_add
 .text.net_buf_simple_add_mem
                0x0000000000008b84       0x12 zephyr/subsys/net/libsubsys__net.a(buf_simple.c.obj)
                0x0000000000008b84                net_buf_simple_add_mem
 .text.net_buf_simple_add_u8
                0x0000000000008b96       0x10 zephyr/subsys/net/libsubsys__net.a(buf_simple.c.obj)
                0x0000000000008b96                net_buf_simple_add_u8
 .text.net_buf_simple_push_u8
                0x0000000000008ba6       0x12 zephyr/subsys/net/libsubsys__net.a(buf_simple.c.obj)
                0x0000000000008ba6                net_buf_simple_push_u8
 .text.net_buf_simple_pull_mem
                0x0000000000008bb8       0x10 zephyr/subsys/net/libsubsys__net.a(buf_simple.c.obj)
                0x0000000000008bb8                net_buf_simple_pull_mem
 .text.net_buf_simple_headroom
                0x0000000000008bc8        0x8 zephyr/subsys/net/libsubsys__net.a(buf_simple.c.obj)
                0x0000000000008bc8                net_buf_simple_headroom
 .text.net_buf_simple_tailroom
                0x0000000000008bd0       0x10 zephyr/subsys/net/libsubsys__net.a(buf_simple.c.obj)
                0x0000000000008bd0                net_buf_simple_tailroom
 .text.adc_context_on_timer_expired
                0x0000000000008be0       0x26 zephyr/drivers/adc/libdrivers__adc.a(adc_nrfx_saadc.c.obj)
 .text.hci_ept_recv
                0x0000000000008c06      0x120 zephyr/drivers/bluetooth/libdrivers__bluetooth.a(ipc.c.obj)
 .text.bt_hci_transport_teardown
                0x0000000000008d26        0xe zephyr/drivers/bluetooth/libdrivers__bluetooth.a(nrf53_support.c.obj)
                0x0000000000008d26                bt_hci_transport_teardown
 .text.get_status
                0x0000000000008d34       0x12 zephyr/drivers/clock_control/libdrivers__clock_control.a(clock_control_nrf.c.obj)
 .text.set_on_state
                0x0000000000008d46       0x26 zephyr/drivers/clock_control/libdrivers__clock_control.a(clock_control_nrf.c.obj)
 .text.stop     0x0000000000008d6c       0x54 zephyr/drivers/clock_control/libdrivers__clock_control.a(clock_control_nrf.c.obj)
 .text.api_stop
                0x0000000000008dc0        0x6 zephyr/drivers/clock_control/libdrivers__clock_control.a(clock_control_nrf.c.obj)
 .text.async_start
                0x0000000000008dc6       0x5e zephyr/drivers/clock_control/libdrivers__clock_control.a(clock_control_nrf.c.obj)
 .text.api_start
                0x0000000000008e24        0xe zephyr/drivers/clock_control/libdrivers__clock_control.a(clock_control_nrf.c.obj)
 .text.onoff_started_callback
                0x0000000000008e32       0x12 zephyr/drivers/clock_control/libdrivers__clock_control.a(clock_control_nrf.c.obj)
 .text.hfclkaudio_start
                0x0000000000008e44        0x6 zephyr/drivers/clock_control/libdrivers__clock_control.a(clock_control_nrf.c.obj)
 .text.hfclk192m_start
                0x0000000000008e4a        0x6 zephyr/drivers/clock_control/libdrivers__clock_control.a(clock_control_nrf.c.obj)
 .text.lfclk_start
                0x0000000000008e50        0x6 zephyr/drivers/clock_control/libdrivers__clock_control.a(clock_control_nrf.c.obj)
 .text.hfclkaudio_stop
                0x0000000000008e56        0x6 zephyr/drivers/clock_control/libdrivers__clock_control.a(clock_control_nrf.c.obj)
 .text.hfclk192m_stop
                0x0000000000008e5c        0x6 zephyr/drivers/clock_control/libdrivers__clock_control.a(clock_control_nrf.c.obj)
 .text.lfclk_stop
                0x0000000000008e62        0x6 zephyr/drivers/clock_control/libdrivers__clock_control.a(clock_control_nrf.c.obj)
 .text.blocking_start_callback
                0x0000000000008e68        0x6 zephyr/drivers/clock_control/libdrivers__clock_control.a(clock_control_nrf.c.obj)
 .text.gpio_nrfx_port_get_raw
                0x0000000000008e6e        0xc zephyr/drivers/gpio/libdrivers__gpio.a(gpio_nrfx.c.obj)
 .text.gpio_nrfx_port_set_masked_raw
                0x0000000000008e7a       0x14 zephyr/drivers/gpio/libdrivers__gpio.a(gpio_nrfx.c.obj)
 .text.gpio_nrfx_port_set_bits_raw
                0x0000000000008e8e        0xa zephyr/drivers/gpio/libdrivers__gpio.a(gpio_nrfx.c.obj)
 .text.gpio_nrfx_port_clear_bits_raw
                0x0000000000008e98        0xa zephyr/drivers/gpio/libdrivers__gpio.a(gpio_nrfx.c.obj)
 .text.gpio_nrfx_port_toggle_bits
                0x0000000000008ea2       0x14 zephyr/drivers/gpio/libdrivers__gpio.a(gpio_nrfx.c.obj)
 .text.gpio_nrfx_manage_callback
                0x0000000000008eb6       0x52 zephyr/drivers/gpio/libdrivers__gpio.a(gpio_nrfx.c.obj)
 .text.mbox_dispatcher
                0x0000000000008f08       0x22 zephyr/drivers/mbox/libdrivers__mbox.a(mbox_nrfx_ipc.c.obj)
 .text.mbox_nrf_register_callback
                0x0000000000008f2a       0x1c zephyr/drivers/mbox/libdrivers__mbox.a(mbox_nrfx_ipc.c.obj)
 .text.mbox_nrf_mtu_get
                0x0000000000008f46        0x4 zephyr/drivers/mbox/libdrivers__mbox.a(mbox_nrfx_ipc.c.obj)
 .text.mbox_nrf_max_channels_get
                0x0000000000008f4a        0x4 zephyr/drivers/mbox/libdrivers__mbox.a(mbox_nrfx_ipc.c.obj)
 .text.mbox_nrf_send
                0x0000000000008f4e       0x28 zephyr/drivers/mbox/libdrivers__mbox.a(mbox_nrfx_ipc.c.obj)
 .text.mbox_nrf_set_enabled
                0x0000000000008f76       0x78 zephyr/drivers/mbox/libdrivers__mbox.a(mbox_nrfx_ipc.c.obj)
 .text.event_clear
                0x0000000000008fee       0x18 zephyr/drivers/timer/libdrivers__timer.a(nrf_rtc_timer.c.obj)
 .text.sys_clock_cycle_get_32
                0x0000000000009006        0x8 zephyr/drivers/timer/libdrivers__timer.a(nrf_rtc_timer.c.obj)
                0x0000000000009006                sys_clock_cycle_get_32
 .text.k_sys_fatal_error_handler
                0x000000000000900e        0x8 modules/nrf/lib/fatal_error/lib..__nrf__lib__fatal_error.a(fatal_error.c.obj)
                0x000000000000900e                k_sys_fatal_error_handler
 .text.hw_cc3xx_init_internal
                0x0000000000009016        0x4 modules/nrf/drivers/hw_cc3xx/lib..__nrf__drivers__hw_cc3xx.a(hw_cc3xx.c.obj)
 .text.hw_cc3xx_init
                0x000000000000901a       0x12 modules/nrf/drivers/hw_cc3xx/lib..__nrf__drivers__hw_cc3xx.a(hw_cc3xx.c.obj)
 .text.nrfx_isr
                0x000000000000902c        0x2 modules/hal_nordic/nrfx/libmodules__hal_nordic__nrfx.a(nrfx_glue.c.obj)
                0x000000000000902c                nrfx_isr
 .text.nrfx_busy_wait
                0x000000000000902e        0x4 modules/hal_nordic/nrfx/libmodules__hal_nordic__nrfx.a(nrfx_glue.c.obj)
                0x000000000000902e                nrfx_busy_wait
 .text.nrfx_gppi_event_endpoint_setup
                0x0000000000009032        0xa modules/hal_nordic/nrfx/libmodules__hal_nordic__nrfx.a(nrfx_gppi_dppi.c.obj)
                0x0000000000009032                nrfx_gppi_event_endpoint_setup
 .text.nrfx_gppi_task_endpoint_setup
                0x000000000000903c        0xa modules/hal_nordic/nrfx/libmodules__hal_nordic__nrfx.a(nrfx_gppi_dppi.c.obj)
                0x000000000000903c                nrfx_gppi_task_endpoint_setup
 .text.nrfx_gppi_channel_alloc
                0x0000000000009046        0x4 modules/hal_nordic/nrfx/libmodules__hal_nordic__nrfx.a(nrfx_gppi_dppi.c.obj)
                0x0000000000009046                nrfx_gppi_channel_alloc
 .text.clock_stop
                0x000000000000904a      0x162 modules/hal_nordic/nrfx/libmodules__hal_nordic__nrfx.a(nrfx_clock.c.obj)
 .text.nrfx_clock_stop
                0x00000000000091ac        0x4 modules/hal_nordic/nrfx/libmodules__hal_nordic__nrfx.a(nrfx_clock.c.obj)
                0x00000000000091ac                nrfx_clock_stop
 .text.nrf_gpio_reconfigure
                0x00000000000091b0       0x92 modules/hal_nordic/nrfx/libmodules__hal_nordic__nrfx.a(nrfx_gpiote.c.obj)
 .text.nrf_gpio_cfg_sense_set
                0x0000000000009242       0x1e modules/hal_nordic/nrfx/libmodules__hal_nordic__nrfx.a(nrfx_gpiote.c.obj)
 .text.pin_trigger_disable
                0x0000000000009260       0x48 modules/hal_nordic/nrfx/libmodules__hal_nordic__nrfx.a(nrfx_gpiote.c.obj)
 .text.nrfx_gpiote_pin_uninit
                0x00000000000092a8        0x4 modules/hal_nordic/nrfx/libmodules__hal_nordic__nrfx.a(nrfx_gpiote.c.obj)
                0x00000000000092a8                nrfx_gpiote_pin_uninit
 .text.nrfx_gpiote_trigger_disable
                0x00000000000092ac        0x4 modules/hal_nordic/nrfx/libmodules__hal_nordic__nrfx.a(nrfx_gpiote.c.obj)
                0x00000000000092ac                nrfx_gpiote_trigger_disable
 .text.metal_device_open
                0x00000000000092b0       0x3c modules/libmetal/libmetal/lib/libmetal.a(device.c.obj)
                0x00000000000092b0                metal_device_open
 .text.metal_device_close
                0x00000000000092ec        0xc modules/libmetal/libmetal/lib/libmetal.a(device.c.obj)
                0x00000000000092ec                metal_device_close
 .text.metal_io_init
                0x00000000000092f8       0x54 modules/libmetal/libmetal/lib/libmetal.a(io.c.obj)
                0x00000000000092f8                metal_io_init
 .text.metal_io_block_read
                0x000000000000934c       0x72 modules/libmetal/libmetal/lib/libmetal.a(io.c.obj)
                0x000000000000934c                metal_io_block_read
 .text.metal_io_block_write
                0x00000000000093be       0x74 modules/libmetal/libmetal/lib/libmetal.a(io.c.obj)
                0x00000000000093be                metal_io_block_write
 .text.metal_io_block_set
                0x0000000000009432       0x66 modules/libmetal/libmetal/lib/libmetal.a(io.c.obj)
                0x0000000000009432                metal_io_block_set
 .text.metal_generic_dev_sys_open
                0x0000000000009498        0x4 modules/libmetal/libmetal/lib/libmetal.a(device.c.obj)
                0x0000000000009498                metal_generic_dev_sys_open
 .text.metal_io_phys
                0x000000000000949c       0x38 modules/open-amp/open-amp/lib/libopen_amp.a(virtqueue.c.obj)
 .text.metal_io_phys_to_virt
                0x00000000000094d4       0x4e modules/open-amp/open-amp/lib/libopen_amp.a(virtqueue.c.obj)
 .text.virtqueue_create
                0x0000000000009522       0x5a modules/open-amp/open-amp/lib/libopen_amp.a(virtqueue.c.obj)
                0x0000000000009522                virtqueue_create
 .text.virtqueue_add_buffer
                0x000000000000957c       0xb8 modules/open-amp/open-amp/lib/libopen_amp.a(virtqueue.c.obj)
                0x000000000000957c                virtqueue_add_buffer
 .text.virtqueue_get_buffer
                0x0000000000009634       0x74 modules/open-amp/open-amp/lib/libopen_amp.a(virtqueue.c.obj)
                0x0000000000009634                virtqueue_get_buffer
 .text.virtqueue_get_buffer_length
                0x00000000000096a8        0xa modules/open-amp/open-amp/lib/libopen_amp.a(virtqueue.c.obj)
                0x00000000000096a8                virtqueue_get_buffer_length
 .text.virtqueue_get_available_buffer
                0x00000000000096b2       0x48 modules/open-amp/open-amp/lib/libopen_amp.a(virtqueue.c.obj)
                0x00000000000096b2                virtqueue_get_available_buffer
 .text.virtqueue_disable_cb
                0x00000000000096fa       0x5c modules/open-amp/open-amp/lib/libopen_amp.a(virtqueue.c.obj)
                0x00000000000096fa                virtqueue_disable_cb
 .text.virtqueue_kick
                0x0000000000009756       0x6e modules/open-amp/open-amp/lib/libopen_amp.a(virtqueue.c.obj)
                0x0000000000009756                virtqueue_kick
 .text.virtqueue_get_desc_size
                0x00000000000097c4       0x24 modules/open-amp/open-amp/lib/libopen_amp.a(virtqueue.c.obj)
                0x00000000000097c4                virtqueue_get_desc_size
 .text.virtqueue_notification
                0x00000000000097e8        0xc modules/open-amp/open-amp/lib/libopen_amp.a(virtqueue.c.obj)
                0x00000000000097e8                virtqueue_notification
 .text.__metal_mutex_acquire
                0x00000000000097f4        0xc modules/open-amp/open-amp/lib/libopen_amp.a(rpmsg.c.obj)
 .text.rpmsg_unregister_endpoint
                0x0000000000009800       0x52 modules/open-amp/open-amp/lib/libopen_amp.a(rpmsg.c.obj)
 .text.rpmsg_send_ns_message
                0x0000000000009852       0x32 modules/open-amp/open-amp/lib/libopen_amp.a(rpmsg.c.obj)
                0x0000000000009852                rpmsg_send_ns_message
 .text.rpmsg_hold_rx_buffer
                0x0000000000009884       0x10 modules/open-amp/open-amp/lib/libopen_amp.a(rpmsg.c.obj)
                0x0000000000009884                rpmsg_hold_rx_buffer
 .text.rpmsg_release_rx_buffer
                0x0000000000009894       0x12 modules/open-amp/open-amp/lib/libopen_amp.a(rpmsg.c.obj)
                0x0000000000009894                rpmsg_release_rx_buffer
 .text.rpmsg_get_tx_payload_buffer
                0x00000000000098a6       0x14 modules/open-amp/open-amp/lib/libopen_amp.a(rpmsg.c.obj)
                0x00000000000098a6                rpmsg_get_tx_payload_buffer
 .text.rpmsg_get_endpoint
                0x00000000000098ba       0x74 modules/open-amp/open-amp/lib/libopen_amp.a(rpmsg.c.obj)
                0x00000000000098ba                rpmsg_get_endpoint
 .text.rpmsg_destroy_ept
                0x000000000000992e       0x2e modules/open-amp/open-amp/lib/libopen_amp.a(rpmsg.c.obj)
                0x000000000000992e                rpmsg_destroy_ept
 .text.rpmsg_virtio_hold_rx_buffer
                0x000000000000995c        0xe modules/open-amp/open-amp/lib/libopen_amp.a(rpmsg_virtio.c.obj)
 .text.rpmsg_virtio_tx_callback
                0x000000000000996a        0x2 modules/open-amp/open-amp/lib/libopen_amp.a(rpmsg_virtio.c.obj)
 .text.k_sem_give
                0x000000000000996c        0x4 modules/open-amp/open-amp/lib/libopen_amp.a(rpmsg_virtio.c.obj)
 .text.__metal_mutex_acquire
                0x0000000000009970        0xc modules/open-amp/open-amp/lib/libopen_amp.a(rpmsg_virtio.c.obj)
 .text.rpmsg_virtio_release_tx_buffer
                0x000000000000997c       0x42 modules/open-amp/open-amp/lib/libopen_amp.a(rpmsg_virtio.c.obj)
 .text.rpmsg_virtio_ns_callback
                0x00000000000099be       0x98 modules/open-amp/open-amp/lib/libopen_amp.a(rpmsg_virtio.c.obj)
 .text.rpmsg_virtio_get_rx_buffer
                0x0000000000009a56       0x2e modules/open-amp/open-amp/lib/libopen_amp.a(rpmsg_virtio.c.obj)
 .text.rpmsg_virtio_return_buffer
                0x0000000000009a84       0x38 modules/open-amp/open-amp/lib/libopen_amp.a(rpmsg_virtio.c.obj)
 .text.rpmsg_virtio_rx_callback
                0x0000000000009abc       0xb4 modules/open-amp/open-amp/lib/libopen_amp.a(rpmsg_virtio.c.obj)
 .text.rpmsg_virtio_release_rx_buffer
                0x0000000000009b70       0x40 modules/open-amp/open-amp/lib/libopen_amp.a(rpmsg_virtio.c.obj)
 .text.rpmsg_virtio_send_offchannel_nocopy
                0x0000000000009bb0       0xa2 modules/open-amp/open-amp/lib/libopen_amp.a(rpmsg_virtio.c.obj)
 .text.rpmsg_virtio_shm_pool_get_buffer
                0x0000000000009c52       0x1e modules/open-amp/open-amp/lib/libopen_amp.a(rpmsg_virtio.c.obj)
                0x0000000000009c52                rpmsg_virtio_shm_pool_get_buffer
 .text.rpmsg_virtio_get_tx_payload_buffer
                0x0000000000009c70      0x108 modules/open-amp/open-amp/lib/libopen_amp.a(rpmsg_virtio.c.obj)
 .text.rpmsg_virtio_init_shm_pool
                0x0000000000009d78        0xe modules/open-amp/open-amp/lib/libopen_amp.a(rpmsg_virtio.c.obj)
                0x0000000000009d78                rpmsg_virtio_init_shm_pool
 .text.rpmsg_deinit_vdev
                0x0000000000009d86       0x1c modules/open-amp/open-amp/lib/libopen_amp.a(rpmsg_virtio.c.obj)
                0x0000000000009d86                rpmsg_deinit_vdev
 .text.z_impl_k_busy_wait
                0x0000000000009da2        0x8 zephyr/kernel/libkernel.a(busy_wait.c.obj)
                0x0000000000009da2                z_impl_k_busy_wait
 .text.z_device_state_init
                0x0000000000009daa        0x2 zephyr/kernel/libkernel.a(device.c.obj)